Archive member included to satisfy reference by file (symbol)

app/libapp.a(main.c.obj)      (--whole-archive)
zephyr/libzephyr.a(cbprintf_packaged.c.obj)
                              (--whole-archive)
zephyr/libzephyr.a(dec.c.obj)
                              (--whole-archive)
zephyr/libzephyr.a(fdtable.c.obj)
                              (--whole-archive)
zephyr/libzephyr.a(hex.c.obj)
                              (--whole-archive)
zephyr/libzephyr.a(printk.c.obj)
                              (--whole-archive)
zephyr/libzephyr.a(rb.c.obj)  (--whole-archive)
zephyr/libzephyr.a(sem.c.obj)
                              (--whole-archive)
zephyr/libzephyr.a(thread_entry.c.obj)
                              (--whole-archive)
zephyr/libzephyr.a(timeutil.c.obj)
                              (--whole-archive)
zephyr/libzephyr.a(heap.c.obj)
                              (--whole-archive)
zephyr/libzephyr.a(heap-validate.c.obj)
                              (--whole-archive)
zephyr/libzephyr.a(bitarray.c.obj)
                              (--whole-archive)
zephyr/libzephyr.a(multi_heap.c.obj)
                              (--whole-archive)
zephyr/libzephyr.a(crc32c_sw.c.obj)
                              (--whole-archive)
zephyr/libzephyr.a(crc32_sw.c.obj)
                              (--whole-archive)
zephyr/libzephyr.a(crc16_sw.c.obj)
                              (--whole-archive)
zephyr/libzephyr.a(crc8_sw.c.obj)
                              (--whole-archive)
zephyr/libzephyr.a(crc7_sw.c.obj)
                              (--whole-archive)
zephyr/libzephyr.a(cbprintf_complete.c.obj)
                              (--whole-archive)
zephyr/libzephyr.a(cbprintf.c.obj)
                              (--whole-archive)
zephyr/libzephyr.a(assert.c.obj)
                              (--whole-archive)
zephyr/libzephyr.a(configs.c.obj)
                              (--whole-archive)
zephyr/libzephyr.a(log_core.c.obj)
                              (--whole-archive)
zephyr/libzephyr.a(log_mgmt.c.obj)
                              (--whole-archive)
zephyr/libzephyr.a(log_cache.c.obj)
                              (--whole-archive)
zephyr/libzephyr.a(log_msg.c.obj)
                              (--whole-archive)
zephyr/libzephyr.a(log_output.c.obj)
                              (--whole-archive)
zephyr/libzephyr.a(log_backend_uart.c.obj)
                              (--whole-archive)
zephyr/libzephyr.a(tracing_none.c.obj)
                              (--whole-archive)
zephyr/arch/common/libarch__common.a(sw_isr_common.c.obj)
                              (--whole-archive)
zephyr/arch/arch/arm/core/aarch32/libarch__arm__core__aarch32.a(cpu_idle.S.obj)
                              (--whole-archive)
zephyr/arch/arch/arm/core/aarch32/libarch__arm__core__aarch32.a(fatal.c.obj)
                              (--whole-archive)
zephyr/arch/arch/arm/core/aarch32/libarch__arm__core__aarch32.a(irq_manage.c.obj)
                              (--whole-archive)
zephyr/arch/arch/arm/core/aarch32/libarch__arm__core__aarch32.a(nmi.c.obj)
                              (--whole-archive)
zephyr/arch/arch/arm/core/aarch32/libarch__arm__core__aarch32.a(nmi_on_reset.S.obj)
                              (--whole-archive)
zephyr/arch/arch/arm/core/aarch32/libarch__arm__core__aarch32.a(prep_c.c.obj)
                              (--whole-archive)
zephyr/arch/arch/arm/core/aarch32/libarch__arm__core__aarch32.a(swap.c.obj)
                              (--whole-archive)
zephyr/arch/arch/arm/core/aarch32/libarch__arm__core__aarch32.a(swap_helper.S.obj)
                              (--whole-archive)
zephyr/arch/arch/arm/core/aarch32/libarch__arm__core__aarch32.a(thread.c.obj)
                              (--whole-archive)
zephyr/arch/arch/arm/core/aarch32/libarch__arm__core__aarch32.a(isr_wrapper.S.obj)
                              (--whole-archive)
zephyr/arch/arch/arm/core/aarch32/cortex_m/libarch__arm__core__aarch32__cortex_m.a(exc_exit.S.obj)
                              (--whole-archive)
zephyr/arch/arch/arm/core/aarch32/cortex_m/libarch__arm__core__aarch32__cortex_m.a(fault.c.obj)
                              (--whole-archive)
zephyr/arch/arch/arm/core/aarch32/cortex_m/libarch__arm__core__aarch32__cortex_m.a(fault_s.S.obj)
                              (--whole-archive)
zephyr/arch/arch/arm/core/aarch32/cortex_m/libarch__arm__core__aarch32__cortex_m.a(fpu.c.obj)
                              (--whole-archive)
zephyr/arch/arch/arm/core/aarch32/cortex_m/libarch__arm__core__aarch32__cortex_m.a(irq_init.c.obj)
                              (--whole-archive)
zephyr/arch/arch/arm/core/aarch32/cortex_m/libarch__arm__core__aarch32__cortex_m.a(reset.S.obj)
                              (--whole-archive)
zephyr/arch/arch/arm/core/aarch32/cortex_m/libarch__arm__core__aarch32__cortex_m.a(scb.c.obj)
                              (--whole-archive)
zephyr/arch/arch/arm/core/aarch32/cortex_m/libarch__arm__core__aarch32__cortex_m.a(thread_abort.c.obj)
[...]
Memory Configuration

Name             Origin             Length             Attributes
BOOT_FLASH       0x0000000010000000 0x0000000000000100 r
FLASH            0x0000000010000100 0x00000000001fff00 xr
RAM              0x0000000020000000 0x0000000000042000 xw
IDT_LIST         0x00000000fffff7ff 0x0000000000000800 xw
*default*        0x0000000000000000 0xffffffffffffffff

Linker script and memory map

LOAD zephyr/CMakeFiles/zephyr_pre1.dir/misc/empty_file.c.obj
LOAD zephyr/CMakeFiles/zephyr_pre1.dir/dev_handles.c.obj
LOAD zephyr/CMakeFiles/offsets.dir/./arch/arm/core/offsets/offsets.c.obj

.boot2          0x0000000010000000      0x100
 *(SORT_BY_ALIGNMENT(.boot2))
 .boot2         0x0000000010000000      0x100 modules/hal_rpi_pico/libmodules__hal_rpi_pico.a(boot_stage2.S.obj)
                0x0000000000000004                _region_min_align = 0x4

.rel.plt        0x0000000010000100        0x0
 *(SORT_BY_ALIGNMENT(.rel.plt))
                [!provide]                        PROVIDE (__rel_iplt_start = .)
 *(SORT_BY_ALIGNMENT(.rel.iplt))
 .rel.iplt      0x0000000010000100        0x0 app/libapp.a(main.c.obj)
                [!provide]                        PROVIDE (__rel_iplt_end = .)

.rela.plt       0x0000000010000100        0x0
 *(SORT_BY_ALIGNMENT(.rela.plt))
                [!provide]                        PROVIDE (__rela_iplt_start = .)
 *(SORT_BY_ALIGNMENT(.rela.iplt))
                [!provide]                        PROVIDE (__rela_iplt_end = .)

.rel.dyn
 *(SORT_BY_ALIGNMENT(.rel.*))

.rela.dyn
 *(SORT_BY_ALIGNMENT(.rela.*))

/DISCARD/
 *(SORT_BY_ALIGNMENT(.plt))

/DISCARD/
 *(SORT_BY_ALIGNMENT(.iplt))
                0x0000000010000100                __rom_region_start = 0x10000100

rom_start       0x0000000010000100       0xa8
                0x0000000010000100                . = (. + 0x0)
                0x0000000010000100                . = ALIGN (0x4)
                0x0000000010000100                . = ALIGN (0x100)
                0x0000000010000100                . = ALIGN (0x100)
                0x0000000010000100                _vector_start = .
 *(SORT_BY_ALIGNMENT(.exc_vector_table))
 *(SORT_BY_ALIGNMENT(.exc_vector_table.*))
 .exc_vector_table._vector_table_section
                0x0000000010000100       0x40 zephyr/arch/arch/arm/core/aarch32/cortex_m/libarch__arm__core__aarch32__cortex_m.a(vector_table.S.obj)
                0x0000000010000100                _vector_table
 *(SORT_BY_ALIGNMENT(.vectors))
                0x00000000100001a8                _vector_end = .
                0x0000000010000140                . = ALIGN (0x4)
 *(SORT_BY_ALIGNMENT(.gnu.linkonce.irq_vector_table*))
 .gnu.linkonce.irq_vector_table
                0x0000000010000140       0x68 zephyr/arch/common/libisr_tables.a(isr_tables.c.obj)
                0x0000000010000140                _irq_vector_table
                0x00000000100001a8                _vector_end = .

text            0x00000000100001a8     0x6118
                0x00000000100001a8                __text_region_start = .
 *(SORT_BY_ALIGNMENT(.text))
 .text          0x00000000100001a8       0x14 c:/users/ediso/zephyr-sdk-0.15.0/arm-zephyr-eabi/bin/../lib/gcc/arm-zephyr-eabi/12.1.0/thumb/v6-m/nofp\libgcc.a(_thumb1_case_uqi.o)
                0x00000000100001a8                __gnu_thumb1_case_uqi
 .text          0x00000000100001bc       0x14 c:/users/ediso/zephyr-sdk-0.15.0/arm-zephyr-eabi/bin/../lib/gcc/arm-zephyr-eabi/12.1.0/thumb/v6-m/nofp\libgcc.a(_thumb1_case_shi.o)
                0x00000000100001bc                __gnu_thumb1_case_shi
 .text          0x00000000100001d0       0x8c c:/users/ediso/zephyr-sdk-0.15.0/arm-zephyr-eabi/bin/../lib/gcc/arm-zephyr-eabi/12.1.0/thumb/v6-m/nofp\libgcc.a(_udivsi3.o)
                0x00000000100001d0                __aeabi_uidiv
                0x00000000100001d0                __udivsi3
                0x0000000010000248                __aeabi_uidivmod
 .text          0x000000001000025c       0xa8 c:/users/ediso/zephyr-sdk-0.15.0/arm-zephyr-eabi/bin/../lib/gcc/arm-zephyr-eabi/12.1.0/thumb/v6-m/nofp\libgcc.a(_divsi3.o)
                0x000000001000025c                __divsi3
                0x000000001000025c                __aeabi_idiv
                0x00000000100002f0                __aeabi_idivmod
 .text          0x0000000010000304        0x4 c:/users/ediso/zephyr-sdk-0.15.0/arm-zephyr-eabi/bin/../lib/gcc/arm-zephyr-eabi/12.1.0/thumb/v6-m/nofp\libgcc.a(_dvmd_tls.o)
                0x0000000010000304                __aeabi_idiv0
                0x0000000010000304                __aeabi_ldiv0
 .text          0x0000000010000308       0x7c c:/users/ediso/zephyr-sdk-0.15.0/arm-zephyr-eabi/bin/../lib/gcc/arm-zephyr-eabi/12.1.0/thumb/v6-m/nofp\libgcc.a(_arm_cmpdf2.o)
                0x0000000010000308                __aeabi_cdrcmple
                0x0000000010000318                __aeabi_cdcmple
                0x0000000010000318                __aeabi_cdcmpeq
                0x0000000010000328                __aeabi_dcmpeq
                0x0000000010000334                __aeabi_dcmplt
                0x0000000010000348                __aeabi_dcmple
                0x000000001000035c                __aeabi_dcmpgt
                0x0000000010000370                __aeabi_dcmpge
 .text          0x0000000010000384       0x3c c:/users/ediso/zephyr-sdk-0.15.0/arm-zephyr-eabi/bin/../lib/gcc/arm-zephyr-eabi/12.1.0/thumb/v6-m/nofp\libgcc.a(_clzsi2.o)
                0x0000000010000384                __clzsi2
 .text          0x00000000100003c0       0x40 c:/users/ediso/zephyr-sdk-0.15.0/arm-zephyr-eabi/bin/../lib/gcc/arm-zephyr-eabi/12.1.0/thumb/v6-m/nofp\libgcc.a(_ctzsi2.o)
                0x00000000100003c0                __ctzsi2
 .text          0x0000000010000400       0x40 c:/users/ediso/zephyr-sdk-0.15.0/arm-zephyr-eabi/bin/../lib/gcc/arm-zephyr-eabi/12.1.0/thumb/v6-m/nofp\libgcc.a(_aeabi_uldivmod.o)
                0x0000000010000400                __aeabi_uldivmod
 .text          0x0000000010000440       0x40 c:/users/ediso/zephyr-sdk-0.15.0/arm-zephyr-eabi/bin/../lib/gcc/arm-zephyr-eabi/12.1.0/thumb/v6-m/nofp\libgcc.a(_fixunssfdi.o)
                0x0000000010000440                __fixunssfdi
                0x0000000010000440                __aeabi_f2ulz
 .text          0x0000000010000480      0x1c4 c:/users/ediso/zephyr-sdk-0.15.0/arm-zephyr-eabi/bin/../lib/gcc/arm-zephyr-eabi/12.1.0/thumb/v6-m/nofp\libgcc.a(divsf3.o)
                0x0000000010000480                __aeabi_fdiv
 .text          0x0000000010000644       0x78 c:/users/ediso/zephyr-sdk-0.15.0/arm-zephyr-eabi/bin/../lib/gcc/arm-zephyr-eabi/12.1.0/thumb/v6-m/nofp\libgcc.a(floatunsisf.o)
                0x0000000010000644                __aeabi_ui2f
 .text          0x00000000100006bc      0x5e0 c:/users/ediso/zephyr-sdk-0.15.0/arm-zephyr-eabi/bin/../lib/gcc/arm-zephyr-eabi/12.1.0/thumb/v6-m/nofp\libgcc.a(adddf3.o)
                0x00000000100006bc                __aeabi_dadd
 .text          0x0000000010000c9c       0x84 c:/users/ediso/zephyr-sdk-0.15.0/arm-zephyr-eabi/bin/../lib/gcc/arm-zephyr-eabi/12.1.0/thumb/v6-m/nofp\libgcc.a(eqdf2.o)
                0x0000000010000c9c                __nedf2
                0x0000000010000c9c                __eqdf2
 .text          0x0000000010000d20       0xec c:/users/ediso/zephyr-sdk-0.15.0/arm-zephyr-eabi/bin/../lib/gcc/arm-zephyr-eabi/12.1.0/thumb/v6-m/nofp\libgcc.a(gedf2.o)
                0x0000000010000d20                __gedf2
                0x0000000010000d20                __gtdf2
 .text          0x0000000010000e0c       0xf0 c:/users/ediso/zephyr-sdk-0.15.0/arm-zephyr-eabi/bin/../lib/gcc/arm-zephyr-eabi/12.1.0/thumb/v6-m/nofp\libgcc.a(ledf2.o)
                0x0000000010000e0c                __ledf2
                0x0000000010000e0c                __ltdf2
 .text          0x0000000010000efc      0x454 c:/users/ediso/zephyr-sdk-0.15.0/arm-zephyr-eabi/bin/../lib/gcc/arm-zephyr-eabi/12.1.0/thumb/v6-m/nofp\libgcc.a(muldf3.o)
                0x0000000010000efc                __aeabi_dmul
 .text          0x0000000010001350      0x628 c:/users/ediso/zephyr-sdk-0.15.0/arm-zephyr-eabi/bin/../lib/gcc/arm-zephyr-eabi/12.1.0/thumb/v6-m/nofp\libgcc.a(subdf3.o)
                0x0000000010001350                __aeabi_dsub
 .text          0x0000000010001978       0x40 c:/users/ediso/zephyr-sdk-0.15.0/arm-zephyr-eabi/bin/../lib/gcc/arm-zephyr-eabi/12.1.0/thumb/v6-m/nofp\libgcc.a(floatunsidf.o)
                0x0000000010001978                __aeabi_ui2d
 .text          0x00000000100019b8       0x84 c:/users/ediso/zephyr-sdk-0.15.0/arm-zephyr-eabi/bin/../lib/gcc/arm-zephyr-eabi/12.1.0/thumb/v6-m/nofp\libgcc.a(extendsfdf2.o)
                0x00000000100019b8                __aeabi_f2d
 .text          0x0000000010001a3c      0x118 c:/users/ediso/zephyr-sdk-0.15.0/arm-zephyr-eabi/bin/../lib/gcc/arm-zephyr-eabi/12.1.0/thumb/v6-m/nofp\libgcc.a(truncdfsf2.o)
                0x0000000010001a3c                __aeabi_d2f
 .text          0x0000000010001b54       0x18 c:/users/ediso/zephyr-sdk-0.15.0/arm-zephyr-eabi/bin/../lib/gcc/arm-zephyr-eabi/12.1.0/thumb/v6-m/nofp\libgcc.a(_lshrdi3.o)
                0x0000000010001b54                __lshrdi3
                0x0000000010001b54                __aeabi_llsr
 .text          0x0000000010001b6c       0x18 c:/users/ediso/zephyr-sdk-0.15.0/arm-zephyr-eabi/bin/../lib/gcc/arm-zephyr-eabi/12.1.0/thumb/v6-m/nofp\libgcc.a(_ashldi3.o)
                0x0000000010001b6c                __aeabi_llsl
                0x0000000010001b6c                __ashldi3
 .text          0x0000000010001b84       0x18 c:/users/ediso/zephyr-sdk-0.15.0/arm-zephyr-eabi/bin/../lib/gcc/arm-zephyr-eabi/12.1.0/thumb/v6-m/nofp\libgcc.a(_clzdi2.o)
                0x0000000010001b84                __clzdi2
 .text          0x0000000010001b9c       0x38 c:/users/ediso/zephyr-sdk-0.15.0/arm-zephyr-eabi/bin/../lib/gcc/arm-zephyr-eabi/12.1.0/thumb/v6-m/nofp\libgcc.a(_fixunsdfsi.o)
                0x0000000010001b9c                __aeabi_d2uiz
                0x0000000010001b9c                __fixunsdfsi
 .text          0x0000000010001bd4       0x64 c:/users/ediso/zephyr-sdk-0.15.0/arm-zephyr-eabi/bin/../lib/gcc/arm-zephyr-eabi/12.1.0/thumb/v6-m/nofp\libgcc.a(fixdfsi.o)
                0x0000000010001bd4                __aeabi_d2iz
 .text          0x0000000010001c38       0x44 c:/users/ediso/zephyr-sdk-0.15.0/arm-zephyr-eabi/bin/../lib/gcc/arm-zephyr-eabi/12.1.0/thumb/v6-m/nofp\libgcc.a(_muldi3.o)
                0x0000000010001c38                __muldi3
                0x0000000010001c38                __aeabi_lmul
 .text          0x0000000010001c7c        0xe c:/users/ediso/zephyr-sdk-0.15.0/arm-zephyr-eabi/bin/../lib/gcc/arm-zephyr-eabi/12.1.0/thumb/v6-m/nofp\libgcc.a(_ffssi2.o)
                0x0000000010001c7c                __ffssi2
 .text          0x0000000010001c8a       0xde c:/users/ediso/zephyr-sdk-0.15.0/arm-zephyr-eabi/bin/../lib/gcc/arm-zephyr-eabi/12.1.0/thumb/v6-m/nofp\libgcc.a(_udivmoddi4.o)
                0x0000000010001c8a                __udivmoddi4
 *(SORT_BY_ALIGNMENT(.text.*))
 .text.pwm_set  0x0000000010001d68       0x90 app/libapp.a(main.c.obj)
 .text.main     0x0000000010001df8      0x1a0 app/libapp.a(main.c.obj)
                0x0000000010001df8                main
 .text.cbvprintf_package
                0x0000000010001f98      0x3d0 zephyr/libzephyr.a(cbprintf_packaged.c.obj)
                0x0000000010001f98                cbvprintf_package
 .text.__printk_hook_install
                0x0000000010002368        0xc zephyr/libzephyr.a(printk.c.obj)
                0x0000000010002368                __printk_hook_install
 .text.z_cbvprintf_impl
                0x0000000010002374      0x728 zephyr/libzephyr.a(cbprintf_complete.c.obj)
                0x0000000010002374                z_cbvprintf_impl
 .text.z_log_init.isra.0
                0x0000000010002a9c       0xd0 zephyr/libzephyr.a(log_core.c.obj)
 .text.log_format_func_t_get
                0x0000000010002b6c        0xc zephyr/libzephyr.a(log_core.c.obj)
                0x0000000010002b6c                log_format_func_t_get
 .text.log_set_timestamp_func
                0x0000000010002b78       0x20 zephyr/libzephyr.a(log_core.c.obj)
                0x0000000010002b78                log_set_timestamp_func
 .text.log_core_init
                0x0000000010002b98       0x2c zephyr/libzephyr.a(log_core.c.obj)
                0x0000000010002b98                log_core_init
 .text.z_impl_log_panic
                0x0000000010002bc4       0x40 zephyr/libzephyr.a(log_core.c.obj)
                0x0000000010002bc4                z_impl_log_panic
 .text.z_log_dropped
                0x0000000010002c04       0x20 zephyr/libzephyr.a(log_core.c.obj)
                0x0000000010002c04                z_log_dropped
 .text.z_log_msg_commit
                0x0000000010002c24       0x38 zephyr/libzephyr.a(log_core.c.obj)
                0x0000000010002c24                z_log_msg_commit
 .text.log_source_name_get
                0x0000000010002c5c       0x1c zephyr/libzephyr.a(log_mgmt.c.obj)
                0x0000000010002c5c                log_source_name_get
 .text.log_backend_enable
                0x0000000010002c78       0x28 zephyr/libzephyr.a(log_mgmt.c.obj)
                0x0000000010002c78                log_backend_enable
 .text.z_impl_z_log_msg_runtime_vcreate
                0x0000000010002ca0       0x8c zephyr/libzephyr.a(log_msg.c.obj)
                0x0000000010002ca0                z_impl_z_log_msg_runtime_vcreate
 .text.print_formatted
                0x0000000010002d2c       0x20 zephyr/libzephyr.a(log_output.c.obj)
 .text.newline_print
                0x0000000010002d4c       0x20 zephyr/libzephyr.a(log_output.c.obj)
 .text.log_output_process
                0x0000000010002d6c      0x29c zephyr/libzephyr.a(log_output.c.obj)
                0x0000000010002d6c                log_output_process
 .text.log_output_msg_process
                0x0000000010003008       0x6c zephyr/libzephyr.a(log_output.c.obj)
                0x0000000010003008                log_output_msg_process
 .text.log_output_timestamp_freq_set
                0x0000000010003074       0x34 zephyr/libzephyr.a(log_output.c.obj)
                0x0000000010003074                log_output_timestamp_freq_set
 .text.format_set
                0x00000000100030a8        0xc zephyr/libzephyr.a(log_backend_uart.c.obj)
 .text.panic    0x00000000100030b4       0x18 zephyr/libzephyr.a(log_backend_uart.c.obj)
 .text.process  0x00000000100030cc       0x20 zephyr/libzephyr.a(log_backend_uart.c.obj)
 .text.char_out
                0x00000000100030ec       0x24 zephyr/libzephyr.a(log_backend_uart.c.obj)
 .text.z_arm_cpu_idle_init
                0x0000000010003110        0xc zephyr/arch/arch/arm/core/aarch32/libarch__arm__core__aarch32.a(cpu_idle.S.obj)
                0x0000000010003110                z_arm_cpu_idle_init
 .text.arch_cpu_idle
                0x000000001000311c       0x10 zephyr/arch/arch/arm/core/aarch32/libarch__arm__core__aarch32.a(cpu_idle.S.obj)
                0x000000001000311c                arch_cpu_idle
 .text.z_arm_fatal_error
                0x000000001000312c       0xa0 zephyr/arch/arch/arm/core/aarch32/libarch__arm__core__aarch32.a(fatal.c.obj)
                0x000000001000312c                z_arm_fatal_error
 .text.arch_irq_enable
                0x00000000100031cc       0x18 zephyr/arch/arch/arm/core/aarch32/libarch__arm__core__aarch32.a(irq_manage.c.obj)
                0x00000000100031cc                arch_irq_enable
 .text.z_arm_irq_priority_set
                0x00000000100031e4       0x54 zephyr/arch/arch/arm/core/aarch32/libarch__arm__core__aarch32.a(irq_manage.c.obj)
                0x00000000100031e4                z_arm_irq_priority_set
 .text.z_SysNmiOnReset
                0x0000000010003238        0x4 zephyr/arch/arch/arm/core/aarch32/libarch__arm__core__aarch32.a(nmi_on_reset.S.obj)
                0x0000000010003238                z_SysNmiOnReset
 .text.z_arm_prep_c
                0x000000001000323c       0x2c zephyr/arch/arch/arm/core/aarch32/libarch__arm__core__aarch32.a(prep_c.c.obj)
                0x000000001000323c                z_arm_prep_c
 .text.arch_swap
                0x0000000010003268       0x30 zephyr/arch/arch/arm/core/aarch32/libarch__arm__core__aarch32.a(swap.c.obj)
                0x0000000010003268                arch_swap
 .text.z_arm_pendsv
                0x0000000010003298       0x60 zephyr/arch/arch/arm/core/aarch32/libarch__arm__core__aarch32.a(swap_helper.S.obj)
                0x0000000010003298                z_arm_pendsv
 .text.z_arm_svc
                0x00000000100032f8       0x24 zephyr/arch/arch/arm/core/aarch32/libarch__arm__core__aarch32.a(swap_helper.S.obj)
                0x00000000100032f8                z_arm_svc
 .text.arch_new_thread
                0x000000001000331c       0x2c zephyr/arch/arch/arm/core/aarch32/libarch__arm__core__aarch32.a(thread.c.obj)
                0x000000001000331c                arch_new_thread
 .text.arch_switch_to_main_thread
                0x0000000010003348       0x20 zephyr/arch/arch/arm/core/aarch32/libarch__arm__core__aarch32.a(thread.c.obj)
                0x0000000010003348                arch_switch_to_main_thread
 .text._isr_wrapper
                0x0000000010003368       0x28 zephyr/arch/arch/arm/core/aarch32/libarch__arm__core__aarch32.a(isr_wrapper.S.obj)
                0x0000000010003368                _isr_wrapper
 .text._HandlerModeExit
                0x0000000010003390       0x20 zephyr/arch/arch/arm/core/aarch32/cortex_m/libarch__arm__core__aarch32__cortex_m.a(exc_exit.S.obj)
                0x0000000010003390                z_arm_int_exit
                0x0000000010003390                z_arm_exc_exit
 .text.z_arm_fault
                0x00000000100033b0      0x10c zephyr/arch/arch/arm/core/aarch32/cortex_m/libarch__arm__core__aarch32__cortex_m.a(fault.c.obj)
                0x00000000100033b0                z_arm_fault
 .text.__fault  0x00000000100034bc       0x14 zephyr/arch/arch/arm/core/aarch32/cortex_m/libarch__arm__core__aarch32__cortex_m.a(fault_s.S.obj)
                0x00000000100034bc                z_arm_hard_fault
                0x00000000100034bc                z_arm_exc_spurious
 .text.z_arm_interrupt_init
                0x00000000100034d0       0x30 zephyr/arch/arch/arm/core/aarch32/cortex_m/libarch__arm__core__aarch32__cortex_m.a(irq_init.c.obj)
                0x00000000100034d0                z_arm_interrupt_init
 .text._reset_section
                0x0000000010003500       0x28 zephyr/arch/arch/arm/core/aarch32/cortex_m/libarch__arm__core__aarch32__cortex_m.a(reset.S.obj)
                0x0000000010003500                __start
                0x0000000010003500                z_arm_reset
 .text.z_impl_k_thread_abort
                0x0000000010003528       0x38 zephyr/arch/arch/arm/core/aarch32/cortex_m/libarch__arm__core__aarch32__cortex_m.a(thread_abort.c.obj)
                0x0000000010003528                z_impl_k_thread_abort
 .text.__stdout_hook_install
                0x0000000010003560        0xc zephyr/lib/libc/minimal/liblib__libc__minimal.a(stdout_console.c.obj)
                0x0000000010003560                __stdout_hook_install
 .text.rp2040_init
                0x000000001000356c       0x54 zephyr/soc/arm/rpi_pico/rp2/libsoc__arm__rpi_pico__rp2.a(soc.c.obj)
 .text.adc_gain_invert
                0x00000000100035c0       0x34 zephyr/drivers/adc/libdrivers__adc.a(adc_common.c.obj)
                0x00000000100035c0                adc_gain_invert
 .text.adc_rpi_channel_setup
                0x00000000100035f4       0x94 zephyr/drivers/adc/libdrivers__adc.a(adc_rpi_pico.c.obj)
 .text.adc_context_start_sampling
                0x0000000010003688       0x5c zephyr/drivers/adc/libdrivers__adc.a(adc_rpi_pico.c.obj)
 .text.adc_rpi_read_async
                0x00000000100036e4      0x174 zephyr/drivers/adc/libdrivers__adc.a(adc_rpi_pico.c.obj)
 .text.adc_rpi_isr
                0x0000000010003858      0x10c zephyr/drivers/adc/libdrivers__adc.a(adc_rpi_pico.c.obj)
 .text.adc_rpi_init
                0x0000000010003964       0x58 zephyr/drivers/adc/libdrivers__adc.a(adc_rpi_pico.c.obj)
 .text.uart_console_init
                0x00000000100039bc       0x2c zephyr/drivers/console/libdrivers__console.a(uart_console.c.obj)
 .text.console_out
                0x00000000100039e8       0x28 zephyr/drivers/console/libdrivers__console.a(uart_console.c.obj)
 .text.gpio_rpi_isr
                0x0000000010003a10       0x64 zephyr/drivers/gpio/libdrivers__gpio.a(gpio_rpi_pico.c.obj)
 .text.z_log_msg_runtime_create.constprop.0
                0x0000000010003a74       0x24 zephyr/drivers/pwm/libdrivers__pwm.a(pwm_rpi_pico.c.obj)
 .text.pwm_rpi_init
                0x0000000010003a98       0xb4 zephyr/drivers/pwm/libdrivers__pwm.a(pwm_rpi_pico.c.obj)
 .text.pwm_rpi_set_cycles
                0x0000000010003b4c       0xac zephyr/drivers/pwm/libdrivers__pwm.a(pwm_rpi_pico.c.obj)
 .text.pwm_rpi_get_cycles_per_sec
                0x0000000010003bf8       0x64 zephyr/drivers/pwm/libdrivers__pwm.a(pwm_rpi_pico.c.obj)
 .text.uart_rpi_irq_err_disable
                0x0000000010003c5c       0x14 zephyr/drivers/serial/libdrivers__serial.a(uart_rpi_pico.c.obj)
 .text.uart_rpi_set_format.isra.0
                0x0000000010003c70       0x58 zephyr/drivers/serial/libdrivers__serial.a(uart_rpi_pico.c.obj)
 .text.uart_rpi_init
                0x0000000010003cc8       0x74 zephyr/drivers/serial/libdrivers__serial.a(uart_rpi_pico.c.obj)
 .text.elapsed  0x0000000010003d3c       0x38 zephyr/drivers/timer/libdrivers__timer.a(cortex_m_systick.c.obj)
 .text.sys_clock_driver_init
                0x0000000010003d74       0x3c zephyr/drivers/timer/libdrivers__timer.a(cortex_m_systick.c.obj)
 .text.sys_clock_isr
                0x0000000010003db0       0x44 zephyr/drivers/timer/libdrivers__timer.a(cortex_m_systick.c.obj)
                0x0000000010003db0                sys_clock_isr
 .text.sys_clock_set_timeout
                0x0000000010003df4       0xf0 zephyr/drivers/timer/libdrivers__timer.a(cortex_m_systick.c.obj)
                0x0000000010003df4                sys_clock_set_timeout
 .text.sys_clock_elapsed
                0x0000000010003ee4       0x38 zephyr/drivers/timer/libdrivers__timer.a(cortex_m_systick.c.obj)
                0x0000000010003ee4                sys_clock_elapsed
 .text.clock_configure
                0x0000000010003f1c       0xe8 modules/hal_rpi_pico/libmodules__hal_rpi_pico.a(clocks.c.obj)
                0x0000000010003f1c                clock_configure
 .text.clocks_init
                0x0000000010004004       0xf4 modules/hal_rpi_pico/libmodules__hal_rpi_pico.a(clocks.c.obj)
                0x0000000010004004                clocks_init
 .text.clock_get_hz
                0x00000000100040f8        0xc modules/hal_rpi_pico/libmodules__hal_rpi_pico.a(clocks.c.obj)
                0x00000000100040f8                clock_get_hz
 .text.pll_init
                0x0000000010004104       0x9c modules/hal_rpi_pico/libmodules__hal_rpi_pico.a(pll.c.obj)
                0x0000000010004104                pll_init
 .text.xosc_init
                0x00000000100041a0       0x28 modules/hal_rpi_pico/libmodules__hal_rpi_pico.a(xosc.c.obj)
                0x00000000100041a0                xosc_init
 .text.watchdog_start_tick
                0x00000000100041c8       0x10 modules/hal_rpi_pico/libmodules__hal_rpi_pico.a(watchdog.c.obj)
                0x00000000100041c8                watchdog_start_tick
 .text.running_on_fpga
                0x00000000100041d8       0x10 modules/hal_rpi_pico/libmodules__hal_rpi_pico.a(platform.c.obj)
                0x00000000100041d8                running_on_fpga
 .text.gpio_set_function
                0x00000000100041e8       0x2c modules/hal_rpi_pico/libmodules__hal_rpi_pico.a(gpio.c.obj)
                0x00000000100041e8                gpio_set_function
 .text.gpio_set_pulls
                0x0000000010004214       0x24 modules/hal_rpi_pico/libmodules__hal_rpi_pico.a(gpio.c.obj)
                0x0000000010004214                gpio_set_pulls
 .text.gpio_set_input_hysteresis_enabled
                0x0000000010004238       0x1c modules/hal_rpi_pico/libmodules__hal_rpi_pico.a(gpio.c.obj)
                0x0000000010004238                gpio_set_input_hysteresis_enabled
 .text.gpio_set_slew_rate
                0x0000000010004254       0x1c modules/hal_rpi_pico/libmodules__hal_rpi_pico.a(gpio.c.obj)
                0x0000000010004254                gpio_set_slew_rate
 .text.gpio_set_drive_strength
                0x0000000010004270       0x20 modules/hal_rpi_pico/libmodules__hal_rpi_pico.a(gpio.c.obj)
                0x0000000010004270                gpio_set_drive_strength
 .text.gpio_acknowledge_irq
                0x0000000010004290       0x18 modules/hal_rpi_pico/libmodules__hal_rpi_pico.a(gpio.c.obj)
                0x0000000010004290                gpio_acknowledge_irq
 .text.gpio_set_irq_enabled
                0x00000000100042a8       0x44 modules/hal_rpi_pico/libmodules__hal_rpi_pico.a(gpio.c.obj)
                0x00000000100042a8                gpio_set_irq_enabled
 .text.gpio_set_input_enabled
                0x00000000100042ec       0x1c modules/hal_rpi_pico/libmodules__hal_rpi_pico.a(gpio.c.obj)
                0x00000000100042ec                gpio_set_input_enabled
 .text.uart_set_baudrate
                0x0000000010004308       0x5c modules/hal_rpi_pico/libmodules__hal_rpi_pico.a(uart.c.obj)
                0x0000000010004308                uart_set_baudrate
 .text.uart_init
                0x0000000010004364       0x94 modules/hal_rpi_pico/libmodules__hal_rpi_pico.a(uart.c.obj)
                0x0000000010004364                uart_init
 .text.k_sys_fatal_error_handler
                0x00000000100043f8       0x2c zephyr/kernel/libkernel.a(fatal.c.obj)
                0x00000000100043f8                k_sys_fatal_error_handler
 .text.z_fatal_error
                0x0000000010004424       0xcc zephyr/kernel/libkernel.a(fatal.c.obj)
                0x0000000010004424                z_fatal_error
 .text.z_sys_init_run_level
                0x00000000100044f0       0x4c zephyr/kernel/libkernel.a(init.c.obj)
 .text.bg_thread_main
                0x000000001000453c       0x34 zephyr/kernel/libkernel.a(init.c.obj)
 .text.z_bss_zero
                0x0000000010004570       0x18 zephyr/kernel/libkernel.a(init.c.obj)
                0x0000000010004570                z_bss_zero
 .text.z_init_cpu
                0x0000000010004588       0x68 zephyr/kernel/libkernel.a(init.c.obj)
                0x0000000010004588                z_init_cpu
 .text.z_cstart
                0x00000000100045f0       0xb4 zephyr/kernel/libkernel.a(init.c.obj)
                0x00000000100045f0                z_cstart
 .text.z_setup_new_thread
                0x00000000100046a4       0x54 zephyr/kernel/libkernel.a(thread.c.obj)
                0x00000000100046a4                z_setup_new_thread
 .text.z_impl_k_thread_create
                0x00000000100046f8       0x58 zephyr/kernel/libkernel.a(thread.c.obj)
                0x00000000100046f8                z_impl_k_thread_create
 .text.z_init_static_threads
                0x0000000010004750       0x90 zephyr/kernel/libkernel.a(thread.c.obj)
                0x0000000010004750                z_init_static_threads
 .text.z_impl_k_sem_give
                0x00000000100047e0       0x44 zephyr/kernel/libkernel.a(sem.c.obj)
                0x00000000100047e0                z_impl_k_sem_give
 .text.z_impl_k_sem_take
                0x0000000010004824       0x4c zephyr/kernel/libkernel.a(sem.c.obj)
                0x0000000010004824                z_impl_k_sem_take
 .text.sliceable
                0x0000000010004870       0x40 zephyr/kernel/libkernel.a(sched.c.obj)
 .text.slice_timeout
                0x00000000100048b0       0x20 zephyr/kernel/libkernel.a(sched.c.obj)
 .text.z_reset_time_slice
                0x00000000100048d0       0x4c zephyr/kernel/libkernel.a(sched.c.obj)
                0x00000000100048d0                z_reset_time_slice
 .text.update_cache
                0x000000001000491c       0x44 zephyr/kernel/libkernel.a(sched.c.obj)
 .text.move_thread_to_end_of_prio_q
                0x0000000010004960       0x78 zephyr/kernel/libkernel.a(sched.c.obj)
 .text.ready_thread
                0x00000000100049d8       0x6c zephyr/kernel/libkernel.a(sched.c.obj)
 .text.unready_thread
                0x0000000010004a44       0x2c zephyr/kernel/libkernel.a(sched.c.obj)
 .text.pend_locked
                0x0000000010004a70       0x2c zephyr/kernel/libkernel.a(sched.c.obj)
 .text.k_sched_time_slice_set
                0x0000000010004a9c       0x40 zephyr/kernel/libkernel.a(sched.c.obj)
                0x0000000010004a9c                k_sched_time_slice_set
 .text.z_time_slice
                0x0000000010004adc       0x58 zephyr/kernel/libkernel.a(sched.c.obj)
                0x0000000010004adc                z_time_slice
 .text.z_pend_curr
                0x0000000010004b34       0x30 zephyr/kernel/libkernel.a(sched.c.obj)
                0x0000000010004b34                z_pend_curr
 .text.z_reschedule
                0x0000000010004b64       0x2c zephyr/kernel/libkernel.a(sched.c.obj)
                0x0000000010004b64                z_reschedule
 .text.z_sched_start
                0x0000000010004b90       0x34 zephyr/kernel/libkernel.a(sched.c.obj)
                0x0000000010004b90                z_sched_start
 .text.z_impl_k_thread_suspend
                0x0000000010004bc4       0x58 zephyr/kernel/libkernel.a(sched.c.obj)
                0x0000000010004bc4                z_impl_k_thread_suspend
 .text.k_sched_lock
                0x0000000010004c1c       0x20 zephyr/kernel/libkernel.a(sched.c.obj)
                0x0000000010004c1c                k_sched_lock
 .text.k_sched_unlock
                0x0000000010004c3c       0x2c zephyr/kernel/libkernel.a(sched.c.obj)
                0x0000000010004c3c                k_sched_unlock
 .text.z_sched_init
                0x0000000010004c68       0x1c zephyr/kernel/libkernel.a(sched.c.obj)
                0x0000000010004c68                z_sched_init
 .text.z_impl_k_yield
                0x0000000010004c84       0x78 zephyr/kernel/libkernel.a(sched.c.obj)
                0x0000000010004c84                z_impl_k_yield
 .text.z_tick_sleep
                0x0000000010004cfc       0x8c zephyr/kernel/libkernel.a(sched.c.obj)
 .text.z_impl_k_sleep
                0x0000000010004d88       0x30 zephyr/kernel/libkernel.a(sched.c.obj)
                0x0000000010004d88                z_impl_k_sleep
 .text.z_impl_z_current_get
                0x0000000010004db8        0xc zephyr/kernel/libkernel.a(sched.c.obj)
                0x0000000010004db8                z_impl_z_current_get
 .text.z_thread_abort
                0x0000000010004dc4       0xb8 zephyr/kernel/libkernel.a(sched.c.obj)
                0x0000000010004dc4                z_thread_abort
 .text.z_sched_wait
                0x0000000010004e7c       0x24 zephyr/kernel/libkernel.a(sched.c.obj)
                0x0000000010004e7c                z_sched_wait
 .text.z_data_copy
                0x0000000010004ea0       0x34 zephyr/kernel/libkernel.a(xip.c.obj)
                0x0000000010004ea0                z_data_copy
 .text.elapsed  0x0000000010004ed4       0x18 zephyr/kernel/libkernel.a(timeout.c.obj)
 .text.next_timeout
                0x0000000010004eec       0x44 zephyr/kernel/libkernel.a(timeout.c.obj)
 .text.remove_timeout
                0x0000000010004f30       0x38 zephyr/kernel/libkernel.a(timeout.c.obj)
 .text.z_add_timeout
                0x0000000010004f68       0xdc zephyr/kernel/libkernel.a(timeout.c.obj)
                0x0000000010004f68                z_add_timeout
 .text.sys_clock_announce
                0x0000000010005044       0xdc zephyr/kernel/libkernel.a(timeout.c.obj)
                0x0000000010005044                sys_clock_announce
 .text.sys_clock_tick_get
                0x0000000010005120       0x2c zephyr/kernel/libkernel.a(timeout.c.obj)
                0x0000000010005120                sys_clock_tick_get
 .text.z_timer_expiration_handler
                0x000000001000514c       0xe8 zephyr/kernel/libkernel.a(timer.c.obj)
                0x000000001000514c                z_timer_expiration_handler
 .text.z_impl_k_timer_start
                0x0000000010005234       0x5c zephyr/kernel/libkernel.a(timer.c.obj)
                0x0000000010005234                z_impl_k_timer_start
 .text.signal_poll_event
                0x0000000010005290       0xc4 zephyr/kernel/libkernel.a(poll.c.obj)
 .text.z_impl_k_poll_signal_raise
                0x0000000010005354       0x4c zephyr/kernel/libkernel.a(poll.c.obj)
                0x0000000010005354                z_impl_k_poll_signal_raise
 .text.boot_banner
                0x00000000100053a0       0x10 zephyr/kernel/libkernel.a(banner.c.obj)
                0x00000000100053a0                boot_banner
 .text.k_sys_work_q_init
                0x00000000100053b0       0x34 zephyr/kernel/libkernel.a(system_work_q.c.obj)
 .text.work_queue_main
                0x00000000100053e4      0x124 zephyr/kernel/libkernel.a(work.c.obj)
 .text.submit_to_queue_locked
                0x0000000010005508       0xd0 zephyr/kernel/libkernel.a(work.c.obj)
 .text.k_work_queue_start
                0x00000000100055d8       0x7c zephyr/kernel/libkernel.a(work.c.obj)
                0x00000000100055d8                k_work_queue_start
 .text._OffsetAbsSyms
                0x0000000010005654        0x2 zephyr/CMakeFiles/offsets.dir/./arch/arm/core/offsets/offsets.c.obj
                0x0000000010005654                _OffsetAbsSyms
 .text.cbpprintf_external
                0x0000000010005656       0x68 zephyr/libzephyr.a(cbprintf_packaged.c.obj)
                0x0000000010005656                cbpprintf_external
 .text.arch_printk_char_out
                0x00000000100056be        0x4 zephyr/libzephyr.a(printk.c.obj)
                0x00000000100056be                arch_printk_char_out
 .text.printk   0x00000000100056c2       0x16 zephyr/libzephyr.a(printk.c.obj)
                0x00000000100056c2                printk
 .text.z_thread_entry
                0x00000000100056d8       0x14 zephyr/libzephyr.a(thread_entry.c.obj)
                0x00000000100056d8                z_thread_entry
 .text.encode_uint
                0x00000000100056ec       0x9a zephyr/libzephyr.a(cbprintf_complete.c.obj)
 .text.outs     0x0000000010005786       0x2c zephyr/libzephyr.a(cbprintf_complete.c.obj)
 .text._ConfigAbsSyms
                0x00000000100057b2        0x2 zephyr/libzephyr.a(configs.c.obj)
                0x00000000100057b2                _ConfigAbsSyms
 .text.dummy_timestamp
                0x00000000100057b4        0x4 zephyr/libzephyr.a(log_core.c.obj)
 .text.default_lf_get_timestamp
                0x00000000100057b8       0x10 zephyr/libzephyr.a(log_core.c.obj)
 .text.atomic_inc
                0x00000000100057c8        0xa zephyr/libzephyr.a(log_core.c.obj)
 .text.enable_logger
                0x00000000100057d2        0xe zephyr/libzephyr.a(log_core.c.obj)
 .text.z_log_vprintk
                0x00000000100057e0       0x1a zephyr/libzephyr.a(log_core.c.obj)
                0x00000000100057e0                z_log_vprintk
 .text.z_log_notify_backend_enabled
                0x00000000100057fa        0x2 zephyr/libzephyr.a(log_core.c.obj)
                0x00000000100057fa                z_log_notify_backend_enabled
 .text.z_log_get_tag
                0x00000000100057fc        0x4 zephyr/libzephyr.a(log_core.c.obj)
                0x00000000100057fc                z_log_get_tag
 .text.z_log_msg_finalize
                0x0000000010005800       0x32 zephyr/libzephyr.a(log_msg.c.obj)
                0x0000000010005800                z_log_msg_finalize
 .text.out_func
                0x0000000010005832       0x18 zephyr/libzephyr.a(log_output.c.obj)
 .text.cr_out_func
                0x000000001000584a       0x1c zephyr/libzephyr.a(log_output.c.obj)
 .text.buffer_write
                0x0000000010005866       0x1c zephyr/libzephyr.a(log_output.c.obj)
 .text.cbvprintf
                0x0000000010005882        0xc zephyr/libzephyr.a(log_output.c.obj)
 .text.log_output_flush
                0x000000001000588e       0x18 zephyr/libzephyr.a(log_output.c.obj)
                0x000000001000588e                log_output_flush
 .text.log_backend_uart_init
                0x00000000100058a6        0x2 zephyr/libzephyr.a(log_backend_uart.c.obj)
 .text.z_log_msg_runtime_create.constprop.0
                0x00000000100058a8       0x1e zephyr/arch/arch/arm/core/aarch32/libarch__arm__core__aarch32.a(fatal.c.obj)
 .text.z_do_kernel_oops
                0x00000000100058c6        0xc zephyr/arch/arch/arm/core/aarch32/libarch__arm__core__aarch32.a(fatal.c.obj)
                0x00000000100058c6                z_do_kernel_oops
 .text.z_irq_spurious
                0x00000000100058d2        0xc zephyr/arch/arch/arm/core/aarch32/libarch__arm__core__aarch32.a(irq_manage.c.obj)
                0x00000000100058d2                z_irq_spurious
 .text.z_arm_nmi
                0x00000000100058de        0xc zephyr/arch/arch/arm/core/aarch32/libarch__arm__core__aarch32.a(nmi.c.obj)
                0x00000000100058de                z_arm_nmi
 .text.z_log_msg_runtime_create.constprop.0
                0x00000000100058ea       0x1e zephyr/arch/arch/arm/core/aarch32/cortex_m/libarch__arm__core__aarch32__cortex_m.a(fault.c.obj)
 .text.z_arm_fault_init
                0x0000000010005908        0x2 zephyr/arch/arch/arm/core/aarch32/cortex_m/libarch__arm__core__aarch32__cortex_m.a(fault.c.obj)
                0x0000000010005908                z_arm_fault_init
 .text.strlen   0x000000001000590a       0x10 zephyr/lib/libc/minimal/liblib__libc__minimal.a(string.c.obj)
                0x000000001000590a                strlen
 .text.strnlen  0x000000001000591a       0x14 zephyr/lib/libc/minimal/liblib__libc__minimal.a(string.c.obj)
                0x000000001000591a                strnlen
 .text.memcpy   0x000000001000592e       0x12 zephyr/lib/libc/minimal/liblib__libc__minimal.a(string.c.obj)
                0x000000001000592e                memcpy
 .text.memset   0x0000000010005940       0x12 zephyr/lib/libc/minimal/liblib__libc__minimal.a(string.c.obj)
                0x0000000010005940                memset
 .text._stdout_hook_default
                0x0000000010005952        0x6 zephyr/lib/libc/minimal/liblib__libc__minimal.a(stdout_console.c.obj)
 .text.adc_rpi_configure_func_0
                0x0000000010005958       0x14 zephyr/drivers/adc/libdrivers__adc.a(adc_rpi_pico.c.obj)
 .text.z_log_msg_runtime_create.constprop.0
                0x000000001000596c       0x1e zephyr/drivers/adc/libdrivers__adc.a(adc_rpi_pico.c.obj)
 .text.adc_context_on_timer_expired
                0x000000001000598a       0x22 zephyr/drivers/adc/libdrivers__adc.a(adc_rpi_pico.c.obj)
 .text.adc_rpi_read
                0x00000000100059ac        0xa zephyr/drivers/adc/libdrivers__adc.a(adc_rpi_pico.c.obj)
 .text.adc_context_complete.part.0
                0x00000000100059b6       0x18 zephyr/drivers/adc/libdrivers__adc.a(adc_rpi_pico.c.obj)
 .text.gpio_rpi_port_get_raw
                0x00000000100059ce        0xc zephyr/drivers/gpio/libdrivers__gpio.a(gpio_rpi_pico.c.obj)
 .text.gpio_rpi_port_set_bits_raw
                0x00000000100059da       0x2c zephyr/drivers/gpio/libdrivers__gpio.a(gpio_rpi_pico.c.obj)
 .text.gpio_rpi_port_clear_bits_raw
                0x0000000010005a06       0x2c zephyr/drivers/gpio/libdrivers__gpio.a(gpio_rpi_pico.c.obj)
 .text.gpio_rpi_port_toggle_bits
                0x0000000010005a32       0x18 zephyr/drivers/gpio/libdrivers__gpio.a(gpio_rpi_pico.c.obj)
 .text.gpio_rpi_manage_callback
                0x0000000010005a4a       0x58 zephyr/drivers/gpio/libdrivers__gpio.a(gpio_rpi_pico.c.obj)
 .text.gpio_rpi_bank_init
                0x0000000010005aa2        0xc zephyr/drivers/gpio/libdrivers__gpio.a(gpio_rpi_pico.c.obj)
 .text.gpio_rpi_pin_interrupt_configure
                0x0000000010005aae       0x62 zephyr/drivers/gpio/libdrivers__gpio.a(gpio_rpi_pico.c.obj)
 .text.bank_0_config_func
                0x0000000010005b10       0x14 zephyr/drivers/gpio/libdrivers__gpio.a(gpio_rpi_pico.c.obj)
 .text.gpio_rpi_port_set_masked_raw
                0x0000000010005b24       0x3c zephyr/drivers/gpio/libdrivers__gpio.a(gpio_rpi_pico.c.obj)
 .text.gpio_rpi_configure
                0x0000000010005b60       0x7c zephyr/drivers/gpio/libdrivers__gpio.a(gpio_rpi_pico.c.obj)
 .text.pinctrl_lookup_state
                0x0000000010005bdc       0x26 zephyr/drivers/pinctrl/libdrivers__pinctrl.a(common.c.obj)
                0x0000000010005bdc                pinctrl_lookup_state
 .text.pinctrl_configure_pins
                0x0000000010005c02       0x84 zephyr/drivers/pinctrl/libdrivers__pinctrl.a(pinctrl_rpi_pico.c.obj)
                0x0000000010005c02                pinctrl_configure_pins
 .text.reset_rpi_init
                0x0000000010005c86        0x4 zephyr/drivers/reset/libdrivers__reset.a(reset_rpi_pico.c.obj)
 .text.reset_rpi_read_register.isra.0
                0x0000000010005c8a       0x30 zephyr/drivers/reset/libdrivers__reset.a(reset_rpi_pico.c.obj)
 .text.reset_rpi_update
                0x0000000010005cba       0x72 zephyr/drivers/reset/libdrivers__reset.a(reset_rpi_pico.c.obj)
 .text.reset_rpi_line_assert
                0x0000000010005d2c        0xa zephyr/drivers/reset/libdrivers__reset.a(reset_rpi_pico.c.obj)
 .text.reset_rpi_line_deassert
                0x0000000010005d36        0xa zephyr/drivers/reset/libdrivers__reset.a(reset_rpi_pico.c.obj)
 .text.reset_rpi_line_toggle
                0x0000000010005d40       0x18 zephyr/drivers/reset/libdrivers__reset.a(reset_rpi_pico.c.obj)
 .text.reset_rpi_status
                0x0000000010005d58       0x38 zephyr/drivers/reset/libdrivers__reset.a(reset_rpi_pico.c.obj)
 .text.uart_rpi_poll_in
                0x0000000010005d90       0x1e zephyr/drivers/serial/libdrivers__serial.a(uart_rpi_pico.c.obj)
 .text.uart_rpi_poll_out
                0x0000000010005dae       0x10 zephyr/drivers/serial/libdrivers__serial.a(uart_rpi_pico.c.obj)
 .text.uart_rpi_err_check
                0x0000000010005dbe       0x24 zephyr/drivers/serial/libdrivers__serial.a(uart_rpi_pico.c.obj)
 .text.uart_rpi_fifo_fill
                0x0000000010005de2       0x20 zephyr/drivers/serial/libdrivers__serial.a(uart_rpi_pico.c.obj)
 .text.uart_rpi_fifo_read
                0x0000000010005e02       0x20 zephyr/drivers/serial/libdrivers__serial.a(uart_rpi_pico.c.obj)
 .text.uart_rpi_irq_tx_enable
                0x0000000010005e22       0x16 zephyr/drivers/serial/libdrivers__serial.a(uart_rpi_pico.c.obj)
 .text.uart_rpi_irq_tx_disable
                0x0000000010005e38        0xe zephyr/drivers/serial/libdrivers__serial.a(uart_rpi_pico.c.obj)
 .text.uart_rpi_irq_tx_ready
                0x0000000010005e46        0xc zephyr/drivers/serial/libdrivers__serial.a(uart_rpi_pico.c.obj)
 .text.uart_rpi_irq_rx_enable
                0x0000000010005e52       0x16 zephyr/drivers/serial/libdrivers__serial.a(uart_rpi_pico.c.obj)
 .text.uart_rpi_irq_rx_disable
                0x0000000010005e68        0xe zephyr/drivers/serial/libdrivers__serial.a(uart_rpi_pico.c.obj)
 .text.uart_rpi_irq_tx_complete
                0x0000000010005e76        0xc zephyr/drivers/serial/libdrivers__serial.a(uart_rpi_pico.c.obj)
 .text.uart_rpi_irq_rx_ready
                0x0000000010005e82        0xc zephyr/drivers/serial/libdrivers__serial.a(uart_rpi_pico.c.obj)
 .text.uart_rpi_irq_err_enable
                0x0000000010005e8e       0x10 zephyr/drivers/serial/libdrivers__serial.a(uart_rpi_pico.c.obj)
 .text.uart_rpi_irq_is_pending
                0x0000000010005e9e       0x1c zephyr/drivers/serial/libdrivers__serial.a(uart_rpi_pico.c.obj)
 .text.uart_rpi_irq_update
                0x0000000010005eba        0x4 zephyr/drivers/serial/libdrivers__serial.a(uart_rpi_pico.c.obj)
 .text.uart_rpi_irq_callback_set
                0x0000000010005ebe        0x8 zephyr/drivers/serial/libdrivers__serial.a(uart_rpi_pico.c.obj)
 .text.uart_rpi_isr
                0x0000000010005ec6       0x10 zephyr/drivers/serial/libdrivers__serial.a(uart_rpi_pico.c.obj)
 .text.uart_rpi_config_get
                0x0000000010005ed6       0x12 zephyr/drivers/serial/libdrivers__serial.a(uart_rpi_pico.c.obj)
 .text.uart0_rpi_irq_config_func
                0x0000000010005ee8       0x14 zephyr/drivers/serial/libdrivers__serial.a(uart_rpi_pico.c.obj)
 .text.uart_rpi_configure
                0x0000000010005efc       0x32 zephyr/drivers/serial/libdrivers__serial.a(uart_rpi_pico.c.obj)
 .text.gpio_init
                0x0000000010005f2e       0x16 modules/hal_rpi_pico/libmodules__hal_rpi_pico.a(gpio.c.obj)
                0x0000000010005f2e                gpio_init
 .text.z_device_state_init
                0x0000000010005f44        0x2 zephyr/kernel/libkernel.a(device.c.obj)
                0x0000000010005f44                z_device_state_init
 .text.z_device_is_ready
                0x0000000010005f46       0x1a zephyr/kernel/libkernel.a(device.c.obj)
                0x0000000010005f46                z_device_is_ready
 .text.z_log_msg_runtime_create.constprop.0
                0x0000000010005f60       0x1e zephyr/kernel/libkernel.a(fatal.c.obj)
 .text.arch_system_halt
                0x0000000010005f7e        0x8 zephyr/kernel/libkernel.a(fatal.c.obj)
                0x0000000010005f7e                arch_system_halt
 .text.z_early_memset
                0x0000000010005f86        0x8 zephyr/kernel/libkernel.a(init.c.obj)
                0x0000000010005f86                z_early_memset
 .text.z_early_memcpy
                0x0000000010005f8e        0x8 zephyr/kernel/libkernel.a(init.c.obj)
                0x0000000010005f8e                z_early_memcpy
 .text.k_is_in_isr
                0x0000000010005f96        0xc zephyr/kernel/libkernel.a(thread.c.obj)
                0x0000000010005f96                k_is_in_isr
 .text.z_impl_k_thread_name_set
                0x0000000010005fa2        0x6 zephyr/kernel/libkernel.a(thread.c.obj)
                0x0000000010005fa2                z_impl_k_thread_name_set
 .text.k_thread_name_get
                0x0000000010005fa8        0x4 zephyr/kernel/libkernel.a(thread.c.obj)
                0x0000000010005fa8                k_thread_name_get
 .text.z_impl_k_thread_start
                0x0000000010005fac        0x8 zephyr/kernel/libkernel.a(thread.c.obj)
                0x0000000010005fac                z_impl_k_thread_start
 .text.idle     0x0000000010005fb4        0xe zephyr/kernel/libkernel.a(idle.c.obj)
                0x0000000010005fb4                idle
 .text.sys_dlist_remove
                0x0000000010005fc2       0x10 zephyr/kernel/libkernel.a(sched.c.obj)
 .text.unpend_thread_no_timeout
                0x0000000010005fd2       0x16 zephyr/kernel/libkernel.a(sched.c.obj)
 .text.add_to_waitq_locked
                0x0000000010005fe8       0x52 zephyr/kernel/libkernel.a(sched.c.obj)
 .text.z_ready_thread
                0x000000001000603a       0x18 zephyr/kernel/libkernel.a(sched.c.obj)
                0x000000001000603a                z_ready_thread
 .text.z_unpend_thread_no_timeout
                0x0000000010006052       0x1e zephyr/kernel/libkernel.a(sched.c.obj)
                0x0000000010006052                z_unpend_thread_no_timeout
 .text.z_sched_wake_thread
                0x0000000010006070       0x3e zephyr/kernel/libkernel.a(sched.c.obj)
                0x0000000010006070                z_sched_wake_thread
 .text.z_thread_timeout
                0x00000000100060ae        0xc zephyr/kernel/libkernel.a(sched.c.obj)
                0x00000000100060ae                z_thread_timeout
 .text.z_unpend1_no_timeout
                0x00000000100060ba       0x2a zephyr/kernel/libkernel.a(sched.c.obj)
                0x00000000100060ba                z_unpend1_no_timeout
 .text.z_unpend_first_thread
                0x00000000100060e4       0x32 zephyr/kernel/libkernel.a(sched.c.obj)
                0x00000000100060e4                z_unpend_first_thread
 .text.z_unpend_thread
                0x0000000010006116       0x28 zephyr/kernel/libkernel.a(sched.c.obj)
                0x0000000010006116                z_unpend_thread
 .text.z_reschedule_irqlock
                0x000000001000613e       0x1c zephyr/kernel/libkernel.a(sched.c.obj)
                0x000000001000613e                z_reschedule_irqlock
 .text.z_reschedule_unlocked
                0x000000001000615a        0xe zephyr/kernel/libkernel.a(sched.c.obj)
 .text.z_sched_wake
                0x0000000010006168       0x3c zephyr/kernel/libkernel.a(sched.c.obj)
                0x0000000010006168                z_sched_wake
 .text.z_abort_timeout
                0x00000000100061a4       0x26 zephyr/kernel/libkernel.a(timeout.c.obj)
                0x00000000100061a4                z_abort_timeout
 .text.sys_clock_tick_get_32
                0x00000000100061ca        0x8 zephyr/kernel/libkernel.a(timeout.c.obj)
                0x00000000100061ca                sys_clock_tick_get_32
 .text.z_impl_k_uptime_ticks
                0x00000000100061d2        0x8 zephyr/kernel/libkernel.a(timeout.c.obj)
                0x00000000100061d2                z_impl_k_uptime_ticks
 .text.z_impl_k_timer_stop
                0x00000000100061da       0x32 zephyr/kernel/libkernel.a(timer.c.obj)
                0x00000000100061da                z_impl_k_timer_stop
 .text.z_impl_atomic_add
                0x000000001000620c       0x1a zephyr/kernel/libkernel.a(atomic_c.c.obj)
                0x000000001000620c                z_impl_atomic_add
 .text.z_impl_atomic_sub
                0x0000000010006226       0x1a zephyr/kernel/libkernel.a(atomic_c.c.obj)
                0x0000000010006226                z_impl_atomic_sub
 .text.z_impl_atomic_set
                0x0000000010006240       0x18 zephyr/kernel/libkernel.a(atomic_c.c.obj)
                0x0000000010006240                z_impl_atomic_set
 .text.z_handle_obj_poll_events
                0x0000000010006258       0x1e zephyr/kernel/libkernel.a(poll.c.obj)
                0x0000000010006258                z_handle_obj_poll_events
 .text.flag_test_and_clear
                0x0000000010006276       0x18 zephyr/kernel/libkernel.a(work.c.obj)
 .text.notify_queue_locked.isra.0
                0x000000001000628e       0x12 zephyr/kernel/libkernel.a(work.c.obj)
 .text.z_work_submit_to_queue
                0x00000000100062a0       0x1e zephyr/kernel/libkernel.a(work.c.obj)
                0x00000000100062a0                z_work_submit_to_queue
 *(SORT_BY_ALIGNMENT(.TEXT.*))
 *(SORT_BY_ALIGNMENT(.gnu.linkonce.t.*))
 *(SORT_BY_ALIGNMENT(.glue_7t))
 .glue_7t       0x00000000100062be        0x0 linker stubs
 *(SORT_BY_ALIGNMENT(.glue_7))
 .glue_7        0x00000000100062be        0x0 linker stubs
 *(SORT_BY_ALIGNMENT(.vfp11_veneer))
 .vfp11_veneer  0x00000000100062be        0x0 linker stubs
 *(SORT_BY_ALIGNMENT(.v4_bx))
 .v4_bx         0x00000000100062be        0x0 linker stubs
                0x00000000100062c0                . = ALIGN (0x4)
 *fill*         0x00000000100062be        0x2 
                0x00000000100062c0                __text_region_end = .

.ARM.exidx      0x00000000100062c0        0x8
                0x00000000100062c0                __exidx_start = .
 *(SORT_BY_ALIGNMENT(.ARM.exidx*) SORT_BY_ALIGNMENT(gnu.linkonce.armexidx.*))
 .ARM.exidx     0x00000000100062c0        0x8 c:/users/ediso/zephyr-sdk-0.15.0/arm-zephyr-eabi/bin/../lib/gcc/arm-zephyr-eabi/12.1.0/thumb/v6-m/nofp\libgcc.a(_udivmoddi4.o)
                0x00000000100062c8                __exidx_end = .
                0x00000000100062c8                __rodata_region_start = .

initlevel       0x00000000100062c8       0x50
                0x00000000100062c8                __init_start = .
                0x00000000100062c8                __init_EARLY_start = .
 *(SORT_BY_NAME(SORT_BY_ALIGNMENT(.z_init_EARLY[0-9]_*)))
 *(SORT_BY_NAME(SORT_BY_ALIGNMENT(.z_init_EARLY[1-9][0-9]_*)))
                0x00000000100062c8                __init_PRE_KERNEL_1_start = .
 *(SORT_BY_NAME(SORT_BY_ALIGNMENT(.z_init_PRE_KERNEL_1[0-9]_*)))
 .z_init_PRE_KERNEL_10_
                0x00000000100062c8        0x8 zephyr/soc/arm/rpi_pico/rp2/libsoc__arm__rpi_pico__rp2.a(soc.c.obj)
 *(SORT_BY_NAME(SORT_BY_ALIGNMENT(.z_init_PRE_KERNEL_1[1-9][0-9]_*)))
 .z_init_PRE_KERNEL_140_
                0x00000000100062d0        0x8 zephyr/drivers/reset/libdrivers__reset.a(reset_rpi_pico.c.obj)
 .z_init_PRE_KERNEL_155_
                0x00000000100062d8        0x8 zephyr/drivers/serial/libdrivers__serial.a(uart_rpi_pico.c.obj)
 .z_init_PRE_KERNEL_160_
                0x00000000100062e0        0x8 zephyr/drivers/console/libdrivers__console.a(uart_console.c.obj)
                0x00000000100062e8                __init_PRE_KERNEL_2_start = .
 *(SORT_BY_NAME(SORT_BY_ALIGNMENT(.z_init_PRE_KERNEL_2[0-9]_*)))
 .z_init_PRE_KERNEL_20_
                0x00000000100062e8        0x8 zephyr/drivers/timer/libdrivers__timer.a(cortex_m_systick.c.obj)
 *(SORT_BY_NAME(SORT_BY_ALIGNMENT(.z_init_PRE_KERNEL_2[1-9][0-9]_*)))
                0x00000000100062f0                __init_POST_KERNEL_start = .
 *(SORT_BY_NAME(SORT_BY_ALIGNMENT(.z_init_POST_KERNEL[0-9]_*)))
 .z_init_POST_KERNEL0_
                0x00000000100062f0        0x8 zephyr/libzephyr.a(log_core.c.obj)
 *(SORT_BY_NAME(SORT_BY_ALIGNMENT(.z_init_POST_KERNEL[1-9][0-9]_*)))
 .z_init_POST_KERNEL40_
                0x00000000100062f8        0x8 zephyr/drivers/gpio/libdrivers__gpio.a(gpio_rpi_pico.c.obj)
 .z_init_POST_KERNEL40_
                0x0000000010006300        0x8 zephyr/kernel/libkernel.a(system_work_q.c.obj)
 .z_init_POST_KERNEL50_
                0x0000000010006308        0x8 zephyr/drivers/adc/libdrivers__adc.a(adc_rpi_pico.c.obj)
 .z_init_POST_KERNEL50_
                0x0000000010006310        0x8 zephyr/drivers/pwm/libdrivers__pwm.a(pwm_rpi_pico.c.obj)
                0x0000000010006318                __init_APPLICATION_start = .
 *(SORT_BY_NAME(SORT_BY_ALIGNMENT(.z_init_APPLICATION[0-9]_*)))
 *(SORT_BY_NAME(SORT_BY_ALIGNMENT(.z_init_APPLICATION[1-9][0-9]_*)))
                0x0000000010006318                __init_SMP_start = .
 *(SORT_BY_NAME(SORT_BY_ALIGNMENT(.z_init_SMP[0-9]_*)))
 *(SORT_BY_NAME(SORT_BY_ALIGNMENT(.z_init_SMP[1-9][0-9]_*)))
                0x0000000010006318                __init_end = .

devices         0x0000000010006318       0x78
                0x0000000010006318                __device_start = .
                0x0000000010006318                __device_EARLY_start = .
 *(SORT_BY_NAME(SORT_BY_ALIGNMENT(.z_device_EARLY[0-9]_*)))
 *(SORT_BY_NAME(SORT_BY_ALIGNMENT(.z_device_EARLY[1-9][0-9]_*)))
                0x0000000010006318                __device_PRE_KERNEL_1_start = .
 *(SORT_BY_NAME(SORT_BY_ALIGNMENT(.z_device_PRE_KERNEL_1[0-9]_*)))
 *(SORT_BY_NAME(SORT_BY_ALIGNMENT(.z_device_PRE_KERNEL_1[1-9][0-9]_*)))
 .z_device_PRE_KERNEL_140_
                0x0000000010006318       0x18 zephyr/drivers/reset/libdrivers__reset.a(reset_rpi_pico.c.obj)
                0x0000000010006318                __device_dts_ord_7
 .z_device_PRE_KERNEL_155_
                0x0000000010006330       0x18 zephyr/drivers/serial/libdrivers__serial.a(uart_rpi_pico.c.obj)
                0x0000000010006330                __device_dts_ord_41
                0x0000000010006348                __device_PRE_KERNEL_2_start = .
 *(SORT_BY_NAME(SORT_BY_ALIGNMENT(.z_device_PRE_KERNEL_2[0-9]_*)))
 *(SORT_BY_NAME(SORT_BY_ALIGNMENT(.z_device_PRE_KERNEL_2[1-9][0-9]_*)))
                0x0000000010006348                __device_POST_KERNEL_start = .
 *(SORT_BY_NAME(SORT_BY_ALIGNMENT(.z_device_POST_KERNEL[0-9]_*)))
 *(SORT_BY_NAME(SORT_BY_ALIGNMENT(.z_device_POST_KERNEL[1-9][0-9]_*)))
 .z_device_POST_KERNEL40_
                0x0000000010006348       0x18 zephyr/drivers/gpio/libdrivers__gpio.a(gpio_rpi_pico.c.obj)
                0x0000000010006348                __device_dts_ord_15
 .z_device_POST_KERNEL50_
                0x0000000010006360       0x18 zephyr/drivers/adc/libdrivers__adc.a(adc_rpi_pico.c.obj)
                0x0000000010006360                __device_dts_ord_8
 .z_device_POST_KERNEL50_
                0x0000000010006378       0x18 zephyr/drivers/pwm/libdrivers__pwm.a(pwm_rpi_pico.c.obj)
                0x0000000010006378                __device_dts_ord_30
                0x0000000010006390                __device_APPLICATION_start = .
 *(SORT_BY_NAME(SORT_BY_ALIGNMENT(.z_device_APPLICATION[0-9]_*)))
 *(SORT_BY_NAME(SORT_BY_ALIGNMENT(.z_device_APPLICATION[1-9][0-9]_*)))
                0x0000000010006390                __device_SMP_start = .
 *(SORT_BY_NAME(SORT_BY_ALIGNMENT(.z_device_SMP[0-9]_*)))
 *(SORT_BY_NAME(SORT_BY_ALIGNMENT(.z_device_SMP[1-9][0-9]_*)))
                0x0000000010006390                __device_end = .

sw_isr_table    0x0000000010006390       0xd0
                0x0000000010006390                . = ALIGN (0x4)
 *(SORT_BY_ALIGNMENT(.gnu.linkonce.sw_isr_table*))
 .gnu.linkonce.sw_isr_table
                0x0000000010006390       0xd0 zephyr/arch/common/libisr_tables.a(isr_tables.c.obj)
                0x0000000010006390                _sw_isr_table

initlevel_error
                0x00000000100062c8        0x0
 *(SORT_BY_NAME(SORT_BY_ALIGNMENT(.z_init_[_A-Z0-9]*)))
                0x0000000000000001                ASSERT ((SIZEOF (initlevel_error) == 0x0), Undefined initialization levels used.)

app_shmem_regions
                0x0000000010006460        0x0
                0x0000000010006460                __app_shmem_regions_start = .
 *(SORT_BY_NAME(SORT_BY_ALIGNMENT(.app_regions.*)))
                0x0000000010006460                __app_shmem_regions_end = .

k_p4wq_initparam_area
                0x0000000010006460        0x0
                0x0000000010006460                _k_p4wq_initparam_list_start = .
 *(SORT_BY_NAME(SORT_BY_ALIGNMENT(._k_p4wq_initparam.static.*)))
                0x0000000010006460                _k_p4wq_initparam_list_end = .

_static_thread_data_area
                0x0000000010006460        0x0
                0x0000000010006460                __static_thread_data_list_start = .
 *(SORT_BY_NAME(SORT_BY_ALIGNMENT(.__static_thread_data.static.*)))
                0x0000000010006460                __static_thread_data_list_end = .

device_handles  0x0000000010006460       0x2a
                0x0000000010006460                __device_handles_start = .
 *(SORT_BY_NAME(SORT_BY_ALIGNMENT(.__device_handles_pass2*)))
 .__device_handles_pass2
                0x0000000010006460       0x2a zephyr/CMakeFiles/zephyr_pre1.dir/dev_handles.c.obj
                0x0000000010006460                __devicehdl_dts_ord_30
                0x0000000010006468                __devicehdl_dts_ord_8
                0x0000000010006470                __devicehdl_dts_ord_15
                0x0000000010006476                __devicehdl_dts_ord_41
                0x000000001000647e                __devicehdl_dts_ord_7
                0x000000001000648a                __device_handles_end = .

ztest           0x000000001000648a        0x0
                0x000000001000648a                _ztest_expected_result_entry_list_start = .
 *(SORT_BY_NAME(SORT_BY_ALIGNMENT(._ztest_expected_result_entry.static.*)))
                0x000000001000648a                _ztest_expected_result_entry_list_end = .
                0x000000001000648a                _ztest_suite_node_list_start = .
 *(SORT_BY_NAME(SORT_BY_ALIGNMENT(._ztest_suite_node.static.*)))
                0x000000001000648a                _ztest_suite_node_list_end = .
                0x000000001000648a                _ztest_unit_test_list_start = .
 *(SORT_BY_NAME(SORT_BY_ALIGNMENT(._ztest_unit_test.static.*)))
                0x000000001000648a                _ztest_unit_test_list_end = .
                0x000000001000648a                _ztest_test_rule_list_start = .
 *(SORT_BY_NAME(SORT_BY_ALIGNMENT(._ztest_test_rule.static.*)))
                0x000000001000648a                _ztest_test_rule_list_end = .

bt_l2cap_fixed_chan_area
                0x000000001000648a        0x0
                0x000000001000648a                _bt_l2cap_fixed_chan_list_start = .
 *(SORT_BY_NAME(SORT_BY_ALIGNMENT(._bt_l2cap_fixed_chan.static.*)))
                0x000000001000648a                _bt_l2cap_fixed_chan_list_end = .

bt_gatt_service_static_area
                0x000000001000648a        0x0
                0x000000001000648a                _bt_gatt_service_static_list_start = .
 *(SORT_BY_NAME(SORT_BY_ALIGNMENT(._bt_gatt_service_static.static.*)))
                0x000000001000648a                _bt_gatt_service_static_list_end = .

log_strings_sections
                0x000000001000648a        0x0
                0x000000001000648a                __log_strings_start = .
 *(SORT_BY_NAME(SORT_BY_ALIGNMENT(.log_strings*)))
                0x000000001000648a                __log_strings_end = .

log_const_sections
                0x000000001000648c       0x40
                0x000000001000648c                __log_const_start = .
 *(SORT_BY_NAME(SORT_BY_ALIGNMENT(.log_const_*)))
 .log_const_adc_rpi
                0x000000001000648c        0x8 zephyr/drivers/adc/libdrivers__adc.a(adc_rpi_pico.c.obj)
                0x000000001000648c                log_const_adc_rpi
 .log_const_cbprintf_package
                0x0000000010006494        0x8 zephyr/libzephyr.a(cbprintf_packaged.c.obj)
                0x0000000010006494                log_const_cbprintf_package
 .log_const_log
                0x000000001000649c        0x8 zephyr/libzephyr.a(log_core.c.obj)
                0x000000001000649c                log_const_log
 .log_const_log_mgmt
                0x00000000100064a4        0x8 zephyr/libzephyr.a(log_mgmt.c.obj)
                0x00000000100064a4                log_const_log_mgmt
 .log_const_log_uart
                0x00000000100064ac        0x8 zephyr/libzephyr.a(log_backend_uart.c.obj)
                0x00000000100064ac                log_const_log_uart
 .log_const_os  0x00000000100064b4        0x8 zephyr/kernel/libkernel.a(init.c.obj)
                0x00000000100064b4                log_const_os
 .log_const_pwm_rpi_pico
                0x00000000100064bc        0x8 zephyr/drivers/pwm/libdrivers__pwm.a(pwm_rpi_pico.c.obj)
                0x00000000100064bc                log_const_pwm_rpi_pico
 .log_const_soc
                0x00000000100064c4        0x8 zephyr/soc/arm/rpi_pico/rp2/libsoc__arm__rpi_pico__rp2.a(soc.c.obj)
                0x00000000100064c4                log_const_soc
                0x00000000100064cc                __log_const_end = .

log_backend_area
                0x00000000100064cc       0x10
                0x00000000100064cc                _log_backend_list_start = .
 *(SORT_BY_NAME(SORT_BY_ALIGNMENT(._log_backend.static.*)))
 ._log_backend.static.log_backend_uart
                0x00000000100064cc       0x10 zephyr/libzephyr.a(log_backend_uart.c.obj)
                0x00000000100064dc                _log_backend_list_end = .

log_link_area   0x00000000100064dc        0x0
                0x00000000100064dc                _log_link_list_start = .
 *(SORT_BY_NAME(SORT_BY_ALIGNMENT(._log_link.static.*)))
                0x00000000100064dc                _log_link_list_end = .

tracing_backend_area
                0x00000000100064dc        0x0
                0x00000000100064dc                _tracing_backend_list_start = .
 *(SORT_BY_NAME(SORT_BY_ALIGNMENT(._tracing_backend.static.*)))
                0x00000000100064dc                _tracing_backend_list_end = .

zephyr_dbg_info
 *(SORT_BY_ALIGNMENT(.dbg_thread_info))

symbol_to_keep  0x00000000100064dc        0x0
                0x00000000100064dc                __symbol_to_keep_start = .
 *(SORT_BY_NAME(SORT_BY_ALIGNMENT(.symbol_to_keep*)))
                0x00000000100064dc                __symbol_to_keep_end = .

shell_area      0x00000000100064dc        0x0
                0x00000000100064dc                _shell_list_start = .
 *(SORT_BY_NAME(SORT_BY_ALIGNMENT(._shell.static.*)))
                0x00000000100064dc                _shell_list_end = .

shell_root_cmds_sections
                0x00000000100064dc        0x0
                0x00000000100064dc                __shell_root_cmds_start = .
 *(SORT_BY_NAME(SORT_BY_ALIGNMENT(.shell_root_cmd_*)))
                0x00000000100064dc                __shell_root_cmds_end = .

shell_subcmds_sections
                0x00000000100064dc        0x0
                0x00000000100064dc                __shell_subcmds_start = .
 *(SORT_BY_NAME(SORT_BY_ALIGNMENT(.shell_subcmd_*)))
                0x00000000100064dc                __shell_subcmds_end = .

shell_dynamic_subcmds_sections
                0x00000000100064dc        0x0
                0x00000000100064dc                __shell_dynamic_subcmds_start = .
 *(SORT_BY_NAME(SORT_BY_ALIGNMENT(.shell_dynamic_subcmd_*)))
                0x00000000100064dc                __shell_dynamic_subcmds_end = .

font_entry_sections
                0x00000000100064dc        0x0
                0x00000000100064dc                __font_entry_start = .
 *(SORT_BY_NAME(SORT_BY_ALIGNMENT(._cfb_font.*)))
                0x00000000100064dc                __font_entry_end = .

rodata          0x00000000100064dc      0x7c4
 *(SORT_BY_ALIGNMENT(.rodata))
 *(SORT_BY_ALIGNMENT(.rodata.*))
 .rodata.adc_channels
                0x00000000100064dc       0x10 app/libapp.a(main.c.obj)
 .rodata.format_table
                0x00000000100064ec       0x10 zephyr/libzephyr.a(log_core.c.obj)
 .rodata.colors
                0x00000000100064fc       0x14 zephyr/libzephyr.a(log_output.c.obj)
 .rodata.severity
                0x0000000010006510       0x14 zephyr/libzephyr.a(log_output.c.obj)
 .rodata.log_backend_uart_api
                0x0000000010006524       0x1c zephyr/libzephyr.a(log_backend_uart.c.obj)
                0x0000000010006524                log_backend_uart_api
 .rodata.log_output_uart
                0x0000000010006540       0x10 zephyr/libzephyr.a(log_backend_uart.c.obj)
 .rodata.adc_rpi_config_0
                0x0000000010006550        0x8 zephyr/drivers/adc/libdrivers__adc.a(adc_rpi_pico.c.obj)
 .rodata.gpio_rpi_0_config
                0x0000000010006558        0x8 zephyr/drivers/gpio/libdrivers__gpio.a(gpio_rpi_pico.c.obj)
 .rodata.gpio_rpi_driver_api
                0x0000000010006560       0x24 zephyr/drivers/gpio/libdrivers__gpio.a(gpio_rpi_pico.c.obj)
 .rodata.pwm_rpi_config_0
                0x0000000010006584       0x28 zephyr/drivers/pwm/libdrivers__pwm.a(pwm_rpi_pico.c.obj)
 .rodata.__pinctrl_dev_config__device_dts_ord_30
                0x00000000100065ac        0x8 zephyr/drivers/pwm/libdrivers__pwm.a(pwm_rpi_pico.c.obj)
 .rodata.__pinctrl_states__device_dts_ord_30
                0x00000000100065b4        0x8 zephyr/drivers/pwm/libdrivers__pwm.a(pwm_rpi_pico.c.obj)
 .rodata.__pinctrl_state_pins_0__device_dts_ord_30
                0x00000000100065bc        0x4 zephyr/drivers/pwm/libdrivers__pwm.a(pwm_rpi_pico.c.obj)
 .rodata.reset_rpi_config_0
                0x00000000100065c0        0xc zephyr/drivers/reset/libdrivers__reset.a(reset_rpi_pico.c.obj)
 .rodata.reset_rpi_driver_api
                0x00000000100065cc       0x10 zephyr/drivers/reset/libdrivers__reset.a(reset_rpi_pico.c.obj)
 .rodata.uart0_rpi_config
                0x00000000100065dc       0x18 zephyr/drivers/serial/libdrivers__serial.a(uart_rpi_pico.c.obj)
 .rodata.__pinctrl_dev_config__device_dts_ord_41
                0x00000000100065f4        0x8 zephyr/drivers/serial/libdrivers__serial.a(uart_rpi_pico.c.obj)
 .rodata.__pinctrl_states__device_dts_ord_41
                0x00000000100065fc        0x8 zephyr/drivers/serial/libdrivers__serial.a(uart_rpi_pico.c.obj)
 .rodata.__pinctrl_state_pins_0__device_dts_ord_41
                0x0000000010006604        0x8 zephyr/drivers/serial/libdrivers__serial.a(uart_rpi_pico.c.obj)
 .rodata.uart_rpi_driver_api
                0x000000001000660c       0x4c zephyr/drivers/serial/libdrivers__serial.a(uart_rpi_pico.c.obj)
 .rodata._k_neg_eagain
                0x0000000010006658        0x4 zephyr/kernel/libkernel.a(errno.c.obj)
                0x0000000010006658                _k_neg_eagain
 .rodata.CSWTCH.10
                0x000000001000665c       0x14 zephyr/kernel/libkernel.a(fatal.c.obj)
 .rodata.levels.0
                0x0000000010006670       0x18 zephyr/kernel/libkernel.a(init.c.obj)
 .rodata.main.str1.1
                0x0000000010006688      0x18e app/libapp.a(main.c.obj)
 .rodata.str1.1
                0x0000000010006816       0x11 zephyr/libzephyr.a(cbprintf_packaged.c.obj)
 .rodata.z_cbvprintf_impl.str1.1
                0x0000000010006827        0x6 zephyr/libzephyr.a(cbprintf_complete.c.obj)
 .rodata.str1.1
                0x000000001000682d        0x4 zephyr/libzephyr.a(log_core.c.obj)
 .rodata.str1.1
                0x0000000010006831        0x9 zephyr/libzephyr.a(log_mgmt.c.obj)
 .rodata.newline_print.str1.1
                0x000000001000683a        0x3 zephyr/libzephyr.a(log_output.c.obj)
                                          0x5 (size before relaxing)
 .rodata.log_output_process.str1.1
                0x000000001000683d       0x4f zephyr/libzephyr.a(log_output.c.obj)
                                         0x51 (size before relaxing)
 .rodata.str1.1
                0x000000001000688c       0x20 zephyr/libzephyr.a(log_output.c.obj)
 .rodata.str1.1
                0x00000000100068ac       0x1a zephyr/libzephyr.a(log_backend_uart.c.obj)
 .rodata.z_arm_fatal_error.str1.1
                0x00000000100068c6       0x9b zephyr/arch/arch/arm/core/aarch32/libarch__arm__core__aarch32.a(fatal.c.obj)
 .rodata.z_arm_fault.str1.1
                0x0000000010006961       0x9f zephyr/arch/arch/arm/core/aarch32/cortex_m/libarch__arm__core__aarch32__cortex_m.a(fault.c.obj)
 .rodata.str1.1
                0x0000000010006a00        0x4 zephyr/soc/arm/rpi_pico/rp2/libsoc__arm__rpi_pico__rp2.a(soc.c.obj)
 .rodata.gains.0
                0x0000000010006a04       0x28 zephyr/drivers/adc/libdrivers__adc.a(adc_common.c.obj)
 .rodata.adc_rpi_channel_setup.str1.1
                0x0000000010006a2c       0x6a zephyr/drivers/adc/libdrivers__adc.a(adc_rpi_pico.c.obj)
 .rodata.adc_rpi_read_async.str1.1
                0x0000000010006a96       0x55 zephyr/drivers/adc/libdrivers__adc.a(adc_rpi_pico.c.obj)
 .rodata.str1.1
                0x0000000010006aeb       0x15 zephyr/drivers/adc/libdrivers__adc.a(adc_rpi_pico.c.obj)
 .rodata.str1.1
                0x0000000010006b00        0xe zephyr/drivers/gpio/libdrivers__gpio.a(gpio_rpi_pico.c.obj)
 .rodata.z_log_msg_runtime_create.constprop.0.str1.1
                0x0000000010006b0e       0x29 zephyr/drivers/pwm/libdrivers__pwm.a(pwm_rpi_pico.c.obj)
 .rodata.str1.1
                0x0000000010006b37       0x1a zephyr/drivers/pwm/libdrivers__pwm.a(pwm_rpi_pico.c.obj)
 .rodata.str1.1
                0x0000000010006b51       0x1a zephyr/drivers/reset/libdrivers__reset.a(reset_rpi_pico.c.obj)
 .rodata.CSWTCH.19
                0x0000000010006b6b        0x3 zephyr/drivers/serial/libdrivers__serial.a(uart_rpi_pico.c.obj)
 .rodata.str1.1
                0x0000000010006b6e        0xe zephyr/drivers/serial/libdrivers__serial.a(uart_rpi_pico.c.obj)
 .rodata.k_sys_fatal_error_handler.str1.1
                0x0000000010006b7c        0xf zephyr/kernel/libkernel.a(fatal.c.obj)
 .rodata.z_fatal_error.str1.1
                0x0000000010006b8b       0x77 zephyr/kernel/libkernel.a(fatal.c.obj)
 .rodata.str1.1
                0x0000000010006c02       0x4a zephyr/kernel/libkernel.a(fatal.c.obj)
 .rodata.z_cstart.str1.1
                0x0000000010006c4c        0x5 zephyr/kernel/libkernel.a(init.c.obj)
 .rodata.str1.1
                0x0000000010006c51        0x3 zephyr/kernel/libkernel.a(init.c.obj)
 .rodata.boot_banner.str1.1
                0x0000000010006c54       0x42 zephyr/kernel/libkernel.a(banner.c.obj)
 .rodata.k_sys_work_q_init.str1.1
                0x0000000010006c96        0x9 zephyr/kernel/libkernel.a(system_work_q.c.obj)
 *(SORT_BY_ALIGNMENT(.gnu.linkonce.r.*))
                0x0000000010006ca0                . = ALIGN (0x4)
 *fill*         0x0000000010006c9f        0x1 
                0x0000000010006ca0                __rodata_region_end = .
                0x0000000010006ca0                . = ALIGN (_region_min_align)
                0x0000000010006ca0                __rom_region_end = ((__rom_region_start + .) - ADDR (rom_start))

/DISCARD/
 *(SORT_BY_ALIGNMENT(.got.plt))
 *(SORT_BY_ALIGNMENT(.igot.plt))
 *(SORT_BY_ALIGNMENT(.got))
 *(SORT_BY_ALIGNMENT(.igot))
                0x0000000020000000                . = 0x20000000
                0x0000000020000000                . = ALIGN (_region_min_align)
                0x0000000020000000                _image_ram_start = .

.ramfunc        0x0000000020000000        0x0 load address 0x0000000010006ca0
                0x0000000020000000                . = ALIGN (_region_min_align)
                0x0000000020000000                __ramfunc_start = .
 *(SORT_BY_ALIGNMENT(.ramfunc))
 *(SORT_BY_ALIGNMENT(.ramfunc.*))
                0x0000000020000000                . = ALIGN (_region_min_align)
                0x0000000020000000                __ramfunc_end = .
                0x0000000000000000                __ramfunc_size = (__ramfunc_end - __ramfunc_start)
                0x0000000010006ca0                __ramfunc_load_start = LOADADDR (.ramfunc)

datas           0x0000000020000000       0xf4 load address 0x0000000010006ca0
                0x0000000020000000                __data_region_start = .
                0x0000000020000000                __data_start = .
 *(SORT_BY_ALIGNMENT(.data))
 *(SORT_BY_ALIGNMENT(.data.*))
 .data.adc_rpi_data_0
                0x0000000020000000       0xb8 zephyr/drivers/adc/libdrivers__adc.a(adc_rpi_pico.c.obj)
 .data._char_out
                0x00000000200000b8        0x4 zephyr/libzephyr.a(printk.c.obj)
                0x00000000200000b8                _char_out
 .data.timestamp_func
                0x00000000200000bc        0x4 zephyr/libzephyr.a(log_core.c.obj)
 .data._stdout_hook
                0x00000000200000c0        0x4 zephyr/lib/libc/minimal/liblib__libc__minimal.a(stdout_console.c.obj)
 .data.adc_rpi_api_0
                0x00000000200000c4       0x10 zephyr/drivers/adc/libdrivers__adc.a(adc_rpi_pico.c.obj)
 .data.pwm_rpi_driver_api
                0x00000000200000d4        0x8 zephyr/drivers/pwm/libdrivers__pwm.a(pwm_rpi_pico.c.obj)
                0x00000000200000d4                pwm_rpi_driver_api
 .data.uart0_rpi_data
                0x00000000200000dc       0x10 zephyr/drivers/serial/libdrivers__serial.a(uart_rpi_pico.c.obj)
 .data.timeout_list
                0x00000000200000ec        0x8 zephyr/kernel/libkernel.a(timeout.c.obj)
 *(SORT_BY_ALIGNMENT(.kernel.*))
                0x00000000200000f4                __data_end = .
                0x00000000000000f4                __data_size = (__data_end - __data_start)
                0x0000000010006ca0                __data_load_start = LOADADDR (datas)
                0x0000000010006ca0                __data_region_load_start = LOADADDR (datas)

device_states   0x00000000200000f4        0xa load address 0x0000000010006d94
                0x00000000200000f4                __device_states_start = .
 *(SORT_BY_ALIGNMENT(.z_devstate))
 .z_devstate    0x00000000200000f4        0x2 zephyr/drivers/adc/libdrivers__adc.a(adc_rpi_pico.c.obj)
 .z_devstate    0x00000000200000f6        0x2 zephyr/drivers/gpio/libdrivers__gpio.a(gpio_rpi_pico.c.obj)
 .z_devstate    0x00000000200000f8        0x2 zephyr/drivers/pwm/libdrivers__pwm.a(pwm_rpi_pico.c.obj)
 .z_devstate    0x00000000200000fa        0x2 zephyr/drivers/reset/libdrivers__reset.a(reset_rpi_pico.c.obj)
 .z_devstate    0x00000000200000fc        0x2 zephyr/drivers/serial/libdrivers__serial.a(uart_rpi_pico.c.obj)
 *(SORT_BY_ALIGNMENT(.z_devstate.*))
                0x00000000200000fe                __device_states_end = .

initshell       0x00000000200000fe        0x0 load address 0x0000000010006d9e
                0x00000000200000fe                __shell_module_start = .
 *(SORT_BY_ALIGNMENT(.shell_module_*))
                0x00000000200000fe                __shell_module_end = .
                0x00000000200000fe                __shell_cmd_start = .
 *(SORT_BY_ALIGNMENT(.shell_cmd_*))
                0x00000000200000fe                __shell_cmd_end = .

log_mpsc_pbuf_area
                0x00000000200000fe        0x0 load address 0x0000000010006d9e
                0x00000000200000fe                _log_mpsc_pbuf_list_start = .
 *(SORT_BY_NAME(SORT_BY_ALIGNMENT(._log_mpsc_pbuf.static.*)))
                0x00000000200000fe                _log_mpsc_pbuf_list_end = .

log_msg_ptr_area
                0x0000000020000100        0x4 load address 0x0000000010006da0
                0x0000000020000100                _log_msg_ptr_list_start = .
 *(SORT_BY_NAME(SORT_BY_ALIGNMENT(._log_msg_ptr.static.*)))
 ._log_msg_ptr.static.log_msg_ptr
                0x0000000020000100        0x4 zephyr/libzephyr.a(log_core.c.obj)
                0x0000000020000104                _log_msg_ptr_list_end = .

log_dynamic_sections
                0x0000000020000104        0x0 load address 0x0000000010006da4
                0x0000000020000104                __log_dynamic_start = .
 *(SORT_BY_NAME(SORT_BY_ALIGNMENT(.log_dynamic_*)))
                0x0000000020000104                __log_dynamic_end = .

k_timer_area    0x0000000020000104        0x0 load address 0x0000000010006da4
                0x0000000020000104                _k_timer_list_start = .
 *(SORT_BY_NAME(SORT_BY_ALIGNMENT(._k_timer.static.*)))
                0x0000000020000104                _k_timer_list_end = .

k_mem_slab_area
                0x0000000020000104        0x0 load address 0x0000000010006da4
                0x0000000020000104                _k_mem_slab_list_start = .
 *(SORT_BY_NAME(SORT_BY_ALIGNMENT(._k_mem_slab.static.*)))
                0x0000000020000104                _k_mem_slab_list_end = .

k_heap_area     0x0000000020000104        0x0 load address 0x0000000010006da4
                0x0000000020000104                _k_heap_list_start = .
 *(SORT_BY_NAME(SORT_BY_ALIGNMENT(._k_heap.static.*)))
                0x0000000020000104                _k_heap_list_end = .

k_mutex_area    0x0000000020000104        0x0 load address 0x0000000010006da4
                0x0000000020000104                _k_mutex_list_start = .
 *(SORT_BY_NAME(SORT_BY_ALIGNMENT(._k_mutex.static.*)))
                0x0000000020000104                _k_mutex_list_end = .

k_stack_area    0x0000000020000104        0x0 load address 0x0000000010006da4
                0x0000000020000104                _k_stack_list_start = .
 *(SORT_BY_NAME(SORT_BY_ALIGNMENT(._k_stack.static.*)))
                0x0000000020000104                _k_stack_list_end = .

k_msgq_area     0x0000000020000104        0x0 load address 0x0000000010006da4
                0x0000000020000104                _k_msgq_list_start = .
 *(SORT_BY_NAME(SORT_BY_ALIGNMENT(._k_msgq.static.*)))
                0x0000000020000104                _k_msgq_list_end = .

k_mbox_area     0x0000000020000104        0x0 load address 0x0000000010006da4
                0x0000000020000104                _k_mbox_list_start = .
 *(SORT_BY_NAME(SORT_BY_ALIGNMENT(._k_mbox.static.*)))
                0x0000000020000104                _k_mbox_list_end = .

k_pipe_area     0x0000000020000104        0x0 load address 0x0000000010006da4
                0x0000000020000104                _k_pipe_list_start = .
 *(SORT_BY_NAME(SORT_BY_ALIGNMENT(._k_pipe.static.*)))
                0x0000000020000104                _k_pipe_list_end = .

k_sem_area      0x0000000020000104        0x0 load address 0x0000000010006da4
                0x0000000020000104                _k_sem_list_start = .
 *(SORT_BY_NAME(SORT_BY_ALIGNMENT(._k_sem.static.*)))
                0x0000000020000104                _k_sem_list_end = .

k_event_area    0x0000000020000104        0x0 load address 0x0000000010006da4
                0x0000000020000104                _k_event_list_start = .
 *(SORT_BY_NAME(SORT_BY_ALIGNMENT(._k_event.static.*)))
                0x0000000020000104                _k_event_list_end = .

k_queue_area    0x0000000020000104        0x0 load address 0x0000000010006da4
                0x0000000020000104                _k_queue_list_start = .
 *(SORT_BY_NAME(SORT_BY_ALIGNMENT(._k_queue.static.*)))
                0x0000000020000104                _k_queue_list_end = .

k_condvar_area  0x0000000020000104        0x0 load address 0x0000000010006da4
                0x0000000020000104                _k_condvar_list_start = .
 *(SORT_BY_NAME(SORT_BY_ALIGNMENT(._k_condvar.static.*)))
                0x0000000020000104                _k_condvar_list_end = .

_net_buf_pool_area
                0x0000000020000104        0x0 load address 0x0000000010006da4
                0x0000000020000104                _net_buf_pool_list = .
 *(SORT_BY_NAME(SORT_BY_ALIGNMENT(._net_buf_pool.static.*)))
                0x0000000020000104                __data_region_end = .

bss             0x0000000020000108      0x265
                0x0000000020000108                . = ALIGN (0x4)
                0x0000000020000108                __bss_start = .
                0x0000000020000108                __kernel_ram_start = .
 *(SORT_BY_ALIGNMENT(.bss))
 *(SORT_BY_ALIGNMENT(.bss.*))
 .bss.z_idle_threads
                0x0000000020000108       0x78 zephyr/kernel/libkernel.a(init.c.obj)
                0x0000000020000108                z_idle_threads
 .bss.z_main_thread
                0x0000000020000180       0x78 zephyr/kernel/libkernel.a(init.c.obj)
                0x0000000020000180                z_main_thread
 .bss.slice_timeouts
                0x00000000200001f8       0x18 zephyr/kernel/libkernel.a(sched.c.obj)
 .bss.curr_tick
                0x0000000020000210        0x8 zephyr/kernel/libkernel.a(timeout.c.obj)
 .bss.k_sys_work_q
                0x0000000020000218       0x98 zephyr/kernel/libkernel.a(system_work_q.c.obj)
                0x0000000020000218                k_sys_work_q
 .bss.dropped_cnt
                0x00000000200002b0        0x4 zephyr/libzephyr.a(log_core.c.obj)
 .bss.buffered_cnt
                0x00000000200002b4        0x4 zephyr/libzephyr.a(log_core.c.obj)
 .bss.initialized
                0x00000000200002b8        0x4 zephyr/libzephyr.a(log_core.c.obj)
 .bss.timestamp_div
                0x00000000200002bc        0x4 zephyr/libzephyr.a(log_output.c.obj)
 .bss.freq      0x00000000200002c0        0x4 zephyr/libzephyr.a(log_output.c.obj)
 .bss.backend_cb_log_backend_uart
                0x00000000200002c4        0x8 zephyr/libzephyr.a(log_backend_uart.c.obj)
 .bss.log_output_uart_control_block
                0x00000000200002cc        0xc zephyr/libzephyr.a(log_backend_uart.c.obj)
 .bss.log_format_current
                0x00000000200002d8        0x4 zephyr/libzephyr.a(log_backend_uart.c.obj)
 .bss.gpio_rpi_0_data
                0x00000000200002dc       0x18 zephyr/drivers/gpio/libdrivers__gpio.a(gpio_rpi_pico.c.obj)
 .bss.overflow_cyc
                0x00000000200002f4        0x4 zephyr/drivers/timer/libdrivers__timer.a(cortex_m_systick.c.obj)
 .bss.announced_cycles
                0x00000000200002f8        0x4 zephyr/drivers/timer/libdrivers__timer.a(cortex_m_systick.c.obj)
 .bss.cycle_count
                0x00000000200002fc        0x4 zephyr/drivers/timer/libdrivers__timer.a(cortex_m_systick.c.obj)
 .bss.last_load
                0x0000000020000300        0x4 zephyr/drivers/timer/libdrivers__timer.a(cortex_m_systick.c.obj)
 .bss.configured_freq
                0x0000000020000304       0x28 modules/hal_rpi_pico/libmodules__hal_rpi_pico.a(clocks.c.obj)
 .bss._kernel   0x000000002000032c       0x20 zephyr/kernel/libkernel.a(init.c.obj)
                0x000000002000032c                _kernel
 .bss.pending_current
                0x000000002000034c        0x4 zephyr/kernel/libkernel.a(sched.c.obj)
 .bss.slice_max_prio
                0x0000000020000350        0x4 zephyr/kernel/libkernel.a(sched.c.obj)
 .bss.slice_ticks
                0x0000000020000354        0x4 zephyr/kernel/libkernel.a(sched.c.obj)
 .bss.announce_remaining
                0x0000000020000358        0x4 zephyr/kernel/libkernel.a(timeout.c.obj)
 .bss.pending_cancels
                0x000000002000035c        0x8 zephyr/kernel/libkernel.a(work.c.obj)
 .bss.uart_char_to_line_feed
                0x0000000020000364        0x4 modules/hal_rpi_pico/libmodules__hal_rpi_pico.a(uart.c.obj)
                0x0000000020000364                uart_char_to_line_feed
 .bss.panic_mode
                0x0000000020000368        0x1 zephyr/libzephyr.a(log_core.c.obj)
 .bss.uart_output_buf
                0x0000000020000369        0x1 zephyr/libzephyr.a(log_backend_uart.c.obj)
 .bss.in_panic  0x000000002000036a        0x1 zephyr/libzephyr.a(log_backend_uart.c.obj)
 .bss.z_sys_post_kernel
                0x000000002000036b        0x1 zephyr/kernel/libkernel.a(init.c.obj)
                0x000000002000036b                z_sys_post_kernel
 .bss.lock      0x000000002000036c        0x0 zephyr/kernel/libkernel.a(sem.c.obj)
 .bss.slice_expired
                0x000000002000036c        0x1 zephyr/kernel/libkernel.a(sched.c.obj)
 .bss.sched_spinlock
                0x000000002000036d        0x0 zephyr/kernel/libkernel.a(sched.c.obj)
                0x000000002000036d                sched_spinlock
 .bss.lock      0x000000002000036d        0x0 zephyr/kernel/libkernel.a(poll.c.obj)
 .bss.lock      0x000000002000036d        0x0 zephyr/kernel/libkernel.a(work.c.obj)
 *(SORT_BY_ALIGNMENT(COMMON))
 *(SORT_BY_ALIGNMENT(.kernel_bss.*))
                0x0000000020000370                __bss_end = ALIGN (0x4)

noinit          0x0000000020000370     0x1100
 *(SORT_BY_ALIGNMENT(.noinit))
 *(SORT_BY_ALIGNMENT(.noinit.*))
 .noinit."WEST_TOPDIR/zephyr/kernel/init.c".2
                0x0000000020000370      0x800 zephyr/kernel/libkernel.a(init.c.obj)
                0x0000000020000370                z_interrupt_stacks
 .noinit."WEST_TOPDIR/zephyr/kernel/init.c".1
                0x0000000020000b70      0x100 zephyr/kernel/libkernel.a(init.c.obj)
 .noinit."WEST_TOPDIR/zephyr/kernel/init.c".0
                0x0000000020000c70      0x400 zephyr/kernel/libkernel.a(init.c.obj)
                0x0000000020000c70                z_main_stack
 .noinit."WEST_TOPDIR/zephyr/kernel/system_work_q.c".0
                0x0000000020001070      0x400 zephyr/kernel/libkernel.a(system_work_q.c.obj)
 *(SORT_BY_ALIGNMENT(.kernel_noinit.*))
                0x0000000020001470                _image_ram_end = .
                0x0000000020001470                _end = .
                0x0000000020042000                __kernel_ram_end = 0x20042000
                0x0000000000041ef8                __kernel_ram_size = (__kernel_ram_end - __kernel_ram_start)

.intList        0x00000000fffff800       0x38
 *(SORT_BY_ALIGNMENT(.irq_info*))
 .irq_info      0x00000000fffff800        0x8 zephyr/arch/common/libisr_tables.a(isr_tables.c.obj)
                0x00000000fffff800                _iheader
 *(SORT_BY_ALIGNMENT(.intList*))
 .intList       0x00000000fffff808       0x10 zephyr/drivers/adc/libdrivers__adc.a(adc_rpi_pico.c.obj)
 .intList       0x00000000fffff818       0x10 zephyr/drivers/gpio/libdrivers__gpio.a(gpio_rpi_pico.c.obj)
 .intList       0x00000000fffff828       0x10 zephyr/drivers/serial/libdrivers__serial.a(uart_rpi_pico.c.obj)

.stab
 *(SORT_BY_ALIGNMENT(.stab))

.stabstr
 *(SORT_BY_ALIGNMENT(.stabstr))

.stab.excl
 *(SORT_BY_ALIGNMENT(.stab.excl))

.stab.exclstr
 *(SORT_BY_ALIGNMENT(.stab.exclstr))

.stab.index
 *(SORT_BY_ALIGNMENT(.stab.index))

.stab.indexstr
 *(SORT_BY_ALIGNMENT(.stab.indexstr))

.gnu.build.attributes
 *(SORT_BY_ALIGNMENT(.gnu.build.attributes) SORT_BY_ALIGNMENT(.gnu.build.attributes.*))

.comment        0x0000000000000000       0x20
 *(SORT_BY_ALIGNMENT(.comment))
 .comment       0x0000000000000000       0x20 zephyr/CMakeFiles/zephyr_pre1.dir/dev_handles.c.obj
                                         0x21 (size before relaxing)
 .comment       0x0000000000000020       0x21 zephyr/CMakeFiles/offsets.dir/./arch/arm/core/offsets/offsets.c.obj
 .comment       0x0000000000000020       0x21 app/libapp.a(main.c.obj)
 .comment       0x0000000000000020       0x21 zephyr/libzephyr.a(cbprintf_packaged.c.obj)
 .comment       0x0000000000000020       0x21 zephyr/libzephyr.a(printk.c.obj)
 .comment       0x0000000000000020       0x21 zephyr/libzephyr.a(thread_entry.c.obj)
 .comment       0x0000000000000020       0x21 zephyr/libzephyr.a(cbprintf_complete.c.obj)
 .comment       0x0000000000000020       0x21 zephyr/libzephyr.a(configs.c.obj)
 .comment       0x0000000000000020       0x21 zephyr/libzephyr.a(log_core.c.obj)
 .comment       0x0000000000000020       0x21 zephyr/libzephyr.a(log_mgmt.c.obj)
 .comment       0x0000000000000020       0x21 zephyr/libzephyr.a(log_msg.c.obj)
 .comment       0x0000000000000020       0x21 zephyr/libzephyr.a(log_output.c.obj)
 .comment       0x0000000000000020       0x21 zephyr/libzephyr.a(log_backend_uart.c.obj)
 .comment       0x0000000000000020       0x21 zephyr/arch/arch/arm/core/aarch32/libarch__arm__core__aarch32.a(fatal.c.obj)
 .comment       0x0000000000000020       0x21 zephyr/arch/arch/arm/core/aarch32/libarch__arm__core__aarch32.a(irq_manage.c.obj)
 .comment       0x0000000000000020       0x21 zephyr/arch/arch/arm/core/aarch32/libarch__arm__core__aarch32.a(nmi.c.obj)
 .comment       0x0000000000000020       0x21 zephyr/arch/arch/arm/core/aarch32/libarch__arm__core__aarch32.a(prep_c.c.obj)
 .comment       0x0000000000000020       0x21 zephyr/arch/arch/arm/core/aarch32/libarch__arm__core__aarch32.a(swap.c.obj)
 .comment       0x0000000000000020       0x21 zephyr/arch/arch/arm/core/aarch32/libarch__arm__core__aarch32.a(thread.c.obj)
 .comment       0x0000000000000020       0x21 zephyr/arch/arch/arm/core/aarch32/cortex_m/libarch__arm__core__aarch32__cortex_m.a(fault.c.obj)
 .comment       0x0000000000000020       0x21 zephyr/arch/arch/arm/core/aarch32/cortex_m/libarch__arm__core__aarch32__cortex_m.a(irq_init.c.obj)
 .comment       0x0000000000000020       0x21 zephyr/arch/arch/arm/core/aarch32/cortex_m/libarch__arm__core__aarch32__cortex_m.a(thread_abort.c.obj)
 .comment       0x0000000000000020       0x21 zephyr/lib/libc/minimal/liblib__libc__minimal.a(string.c.obj)
 .comment       0x0000000000000020       0x21 zephyr/lib/libc/minimal/liblib__libc__minimal.a(stdout_console.c.obj)
 .comment       0x0000000000000020       0x21 zephyr/soc/arm/rpi_pico/rp2/libsoc__arm__rpi_pico__rp2.a(soc.c.obj)
 .comment       0x0000000000000020       0x21 zephyr/drivers/adc/libdrivers__adc.a(adc_common.c.obj)
 .comment       0x0000000000000020       0x21 zephyr/drivers/adc/libdrivers__adc.a(adc_rpi_pico.c.obj)
 .comment       0x0000000000000020       0x21 zephyr/drivers/console/libdrivers__console.a(uart_console.c.obj)
 .comment       0x0000000000000020       0x21 zephyr/drivers/gpio/libdrivers__gpio.a(gpio_rpi_pico.c.obj)
 .comment       0x0000000000000020       0x21 zephyr/drivers/pinctrl/libdrivers__pinctrl.a(common.c.obj)
 .comment       0x0000000000000020       0x21 zephyr/drivers/pinctrl/libdrivers__pinctrl.a(pinctrl_rpi_pico.c.obj)
 .comment       0x0000000000000020       0x21 zephyr/drivers/pwm/libdrivers__pwm.a(pwm_rpi_pico.c.obj)
 .comment       0x0000000000000020       0x21 zephyr/drivers/reset/libdrivers__reset.a(reset_rpi_pico.c.obj)
 .comment       0x0000000000000020       0x21 zephyr/drivers/serial/libdrivers__serial.a(uart_rpi_pico.c.obj)
 .comment       0x0000000000000020       0x21 zephyr/drivers/timer/libdrivers__timer.a(cortex_m_systick.c.obj)
 .comment       0x0000000000000020       0x21 modules/hal_rpi_pico/libmodules__hal_rpi_pico.a(clocks.c.obj)
 .comment       0x0000000000000020       0x21 modules/hal_rpi_pico/libmodules__hal_rpi_pico.a(pll.c.obj)
 .comment       0x0000000000000020       0x21 modules/hal_rpi_pico/libmodules__hal_rpi_pico.a(xosc.c.obj)
 .comment       0x0000000000000020       0x21 modules/hal_rpi_pico/libmodules__hal_rpi_pico.a(watchdog.c.obj)
 .comment       0x0000000000000020       0x21 modules/hal_rpi_pico/libmodules__hal_rpi_pico.a(platform.c.obj)
 .comment       0x0000000000000020       0x21 modules/hal_rpi_pico/libmodules__hal_rpi_pico.a(gpio.c.obj)
 .comment       0x0000000000000020       0x21 modules/hal_rpi_pico/libmodules__hal_rpi_pico.a(uart.c.obj)
 .comment       0x0000000000000020       0x21 zephyr/kernel/libkernel.a(device.c.obj)
 .comment       0x0000000000000020       0x21 zephyr/kernel/libkernel.a(errno.c.obj)
 .comment       0x0000000000000020       0x21 zephyr/kernel/libkernel.a(fatal.c.obj)
 .comment       0x0000000000000020       0x21 zephyr/kernel/libkernel.a(init.c.obj)
 .comment       0x0000000000000020       0x21 zephyr/kernel/libkernel.a(thread.c.obj)
 .comment       0x0000000000000020       0x21 zephyr/kernel/libkernel.a(idle.c.obj)
 .comment       0x0000000000000020       0x21 zephyr/kernel/libkernel.a(sem.c.obj)
 .comment       0x0000000000000020       0x21 zephyr/kernel/libkernel.a(sched.c.obj)
 .comment       0x0000000000000020       0x21 zephyr/kernel/libkernel.a(xip.c.obj)
 .comment       0x0000000000000020       0x21 zephyr/kernel/libkernel.a(timeout.c.obj)
 .comment       0x0000000000000020       0x21 zephyr/kernel/libkernel.a(timer.c.obj)
 .comment       0x0000000000000020       0x21 zephyr/kernel/libkernel.a(atomic_c.c.obj)
 .comment       0x0000000000000020       0x21 zephyr/kernel/libkernel.a(poll.c.obj)
 .comment       0x0000000000000020       0x21 zephyr/kernel/libkernel.a(banner.c.obj)
 .comment       0x0000000000000020       0x21 zephyr/kernel/libkernel.a(system_work_q.c.obj)
 .comment       0x0000000000000020       0x21 zephyr/kernel/libkernel.a(work.c.obj)
 .comment       0x0000000000000020       0x21 zephyr/arch/common/libisr_tables.a(isr_tables.c.obj)

.debug
 *(SORT_BY_ALIGNMENT(.debug))

.line
 *(SORT_BY_ALIGNMENT(.line))

.debug_srcinfo
 *(SORT_BY_ALIGNMENT(.debug_srcinfo))

.debug_sfnames
 *(SORT_BY_ALIGNMENT(.debug_sfnames))

.debug_aranges  0x0000000000000000     0x1530
 *(SORT_BY_ALIGNMENT(.debug_aranges))
 .debug_aranges