Archive member included to satisfy reference by file (symbol)

app/libapp.a(main.c.obj)      (--whole-archive)
zephyr/libzephyr.a(cbprintf_packaged.c.obj)
                              (--whole-archive)
zephyr/libzephyr.a(dec.c.obj)
                              (--whole-archive)
zephyr/libzephyr.a(fdtable.c.obj)
                              (--whole-archive)
zephyr/libzephyr.a(hex.c.obj)
                              (--whole-archive)
zephyr/libzephyr.a(printk.c.obj)
                              (--whole-archive)
zephyr/libzephyr.a(rb.c.obj)  (--whole-archive)
zephyr/libzephyr.a(sem.c.obj)
                              (--whole-archive)
zephyr/libzephyr.a(thread_entry.c.obj)
                              (--whole-archive)
zephyr/libzephyr.a(timeutil.c.obj)
                              (--whole-archive)
zephyr/libzephyr.a(heap.c.obj)
                              (--whole-archive)
zephyr/libzephyr.a(heap-validate.c.obj)
                              (--whole-archive)
zephyr/libzephyr.a(bitarray.c.obj)
                              (--whole-archive)
zephyr/libzephyr.a(multi_heap.c.obj)
                              (--whole-archive)
zephyr/libzephyr.a(crc32c_sw.c.obj)
                              (--whole-archive)
zephyr/libzephyr.a(crc32_sw.c.obj)
                              (--whole-archive)
zephyr/libzephyr.a(crc16_sw.c.obj)
                              (--whole-archive)
zephyr/libzephyr.a(crc8_sw.c.obj)
                              (--whole-archive)
zephyr/libzephyr.a(crc7_sw.c.obj)
                              (--whole-archive)
zephyr/libzephyr.a(cbprintf_complete.c.obj)
                              (--whole-archive)
zephyr/libzephyr.a(cbprintf.c.obj)
                              (--whole-archive)
zephyr/libzephyr.a(assert.c.obj)
                              (--whole-archive)
zephyr/libzephyr.a(configs.c.obj)
                              (--whole-archive)
zephyr/libzephyr.a(log_core.c.obj)
                              (--whole-archive)
zephyr/libzephyr.a(log_mgmt.c.obj)
                              (--whole-archive)
zephyr/libzephyr.a(log_cache.c.obj)
                              (--whole-archive)
zephyr/libzephyr.a(log_msg.c.obj)
                              (--whole-archive)
zephyr/libzephyr.a(log_output.c.obj)
                              (--whole-archive)
zephyr/libzephyr.a(log_backend_uart.c.obj)
                              (--whole-archive)
zephyr/libzephyr.a(tracing_none.c.obj)
                              (--whole-archive)
zephyr/arch/common/libarch__common.a(sw_isr_common.c.obj)
                              (--whole-archive)
zephyr/arch/arch/arm/core/aarch32/libarch__arm__core__aarch32.a(cpu_idle.S.obj)
                              (--whole-archive)
zephyr/arch/arch/arm/core/aarch32/libarch__arm__core__aarch32.a(fatal.c.obj)
                              (--whole-archive)
zephyr/arch/arch/arm/core/aarch32/libarch__arm__core__aarch32.a(irq_manage.c.obj)
                              (--whole-archive)
zephyr/arch/arch/arm/core/aarch32/libarch__arm__core__aarch32.a(nmi.c.obj)
                              (--whole-archive)
zephyr/arch/arch/arm/core/aarch32/libarch__arm__core__aarch32.a(nmi_on_reset.S.obj)
                              (--whole-archive)
zephyr/arch/arch/arm/core/aarch32/libarch__arm__core__aarch32.a(prep_c.c.obj)
                              (--whole-archive)
zephyr/arch/arch/arm/core/aarch32/libarch__arm__core__aarch32.a(swap.c.obj)
                              (--whole-archive)
zephyr/arch/arch/arm/core/aarch32/libarch__arm__core__aarch32.a(swap_helper.S.obj)
                              (--whole-archive)
zephyr/arch/arch/arm/core/aarch32/libarch__arm__core__aarch32.a(thread.c.obj)
                              (--whole-archive)
zephyr/arch/arch/arm/core/aarch32/libarch__arm__core__aarch32.a(isr_wrapper.S.obj)
                              (--whole-archive)
zephyr/arch/arch/arm/core/aarch32/cortex_m/libarch__arm__core__aarch32__cortex_m.a(exc_exit.S.obj)
                              (--whole-archive)
zephyr/arch/arch/arm/core/aarch32/cortex_m/libarch__arm__core__aarch32__cortex_m.a(fault.c.obj)
                              (--whole-archive)
zephyr/arch/arch/arm/core/aarch32/cortex_m/libarch__arm__core__aarch32__cortex_m.a(fault_s.S.obj)
                              (--whole-archive)
zephyr/arch/arch/arm/core/aarch32/cortex_m/libarch__arm__core__aarch32__cortex_m.a(fpu.c.obj)
                              (--whole-archive)
zephyr/arch/arch/arm/core/aarch32/cortex_m/libarch__arm__core__aarch32__cortex_m.a(irq_init.c.obj)
                              (--whole-archive)
zephyr/arch/arch/arm/core/aarch32/cortex_m/libarch__arm__core__aarch32__cortex_m.a(reset.S.obj)
                              (--whole-archive)
zephyr/arch/arch/arm/core/aarch32/cortex_m/libarch__arm__core__aarch32__cortex_m.a(scb.c.obj)
                              (--whole-archive)
zephyr/arch/arch/arm/core/aarch32/cortex_m/libarch__arm__core__aarch32__cortex_m.a(thread_abort.c.obj)
[...]
Memory Configuration

Name             Origin             Length             Attributes
BOOT_FLASH       0x0000000010000000 0x0000000000000100 r
FLASH            0x0000000010000100 0x00000000001fff00 xr
RAM              0x0000000020000000 0x0000000000042000 xw
IDT_LIST         0x00000000fffff7ff 0x0000000000000800 xw
*default*        0x0000000000000000 0xffffffffffffffff

Linker script and memory map

LOAD zephyr/CMakeFiles/zephyr_pre1.dir/misc/empty_file.c.obj
LOAD zephyr/CMakeFiles/zephyr_pre1.dir/dev_handles.c.obj
LOAD zephyr/CMakeFiles/offsets.dir/./arch/arm/core/offsets/offsets.c.obj

.boot2          0x0000000010000000      0x100
 *(SORT_BY_ALIGNMENT(.boot2))
 .boot2         0x0000000010000000      0x100 modules/hal_rpi_pico/libmodules__hal_rpi_pico.a(boot_stage2.S.obj)
                0x0000000000000004                _region_min_align = 0x4

.rel.plt        0x0000000010000100        0x0
 *(SORT_BY_ALIGNMENT(.rel.plt))
                [!provide]                        PROVIDE (__rel_iplt_start = .)
 *(SORT_BY_ALIGNMENT(.rel.iplt))
 .rel.iplt      0x0000000010000100        0x0 app/libapp.a(main.c.obj)
                [!provide]                        PROVIDE (__rel_iplt_end = .)

.rela.plt       0x0000000010000100        0x0
 *(SORT_BY_ALIGNMENT(.rela.plt))
                [!provide]                        PROVIDE (__rela_iplt_start = .)
 *(SORT_BY_ALIGNMENT(.rela.iplt))
                [!provide]                        PROVIDE (__rela_iplt_end = .)

.rel.dyn
 *(SORT_BY_ALIGNMENT(.rel.*))

.rela.dyn
 *(SORT_BY_ALIGNMENT(.rela.*))

/DISCARD/
 *(SORT_BY_ALIGNMENT(.plt))

/DISCARD/
 *(SORT_BY_ALIGNMENT(.iplt))
                0x0000000010000100                __rom_region_start = 0x10000100

rom_start       0x0000000010000100       0xa8
                0x0000000010000100                . = (. + 0x0)
                0x0000000010000100                . = ALIGN (0x4)
                0x0000000010000100                . = ALIGN (0x100)
                0x0000000010000100                . = ALIGN (0x100)
                0x0000000010000100                _vector_start = .
 *(SORT_BY_ALIGNMENT(.exc_vector_table))
 *(SORT_BY_ALIGNMENT(.exc_vector_table.*))
 .exc_vector_table._vector_table_section
                0x0000000010000100       0x40 zephyr/arch/arch/arm/core/aarch32/cortex_m/libarch__arm__core__aarch32__cortex_m.a(vector_table.S.obj)
                0x0000000010000100                _vector_table
 *(SORT_BY_ALIGNMENT(.vectors))
                0x00000000100001a8                _vector_end = .
                0x0000000010000140                . = ALIGN (0x4)
 *(SORT_BY_ALIGNMENT(.gnu.linkonce.irq_vector_table*))
 .gnu.linkonce.irq_vector_table
                0x0000000010000140       0x68 zephyr/arch/common/libisr_tables.a(isr_tables.c.obj)
                0x0000000010000140                _irq_vector_table
                0x00000000100001a8                _vector_end = .

text            0x00000000100001a8     0x52a0
                0x00000000100001a8                __text_region_start = .
 *(SORT_BY_ALIGNMENT(.text))
 .text          0x00000000100001a8       0x14 c:/users/sergi/zephyr-sdk-0.15.2/arm-zephyr-eabi/bin/../lib/gcc/arm-zephyr-eabi/12.1.0/thumb/v6-m/nofp\libgcc.a(_thumb1_case_uqi.o)
                0x00000000100001a8                __gnu_thumb1_case_uqi
 .text          0x00000000100001bc       0x14 c:/users/sergi/zephyr-sdk-0.15.2/arm-zephyr-eabi/bin/../lib/gcc/arm-zephyr-eabi/12.1.0/thumb/v6-m/nofp\libgcc.a(_thumb1_case_shi.o)
                0x00000000100001bc                __gnu_thumb1_case_shi
 .text          0x00000000100001d0       0x8c c:/users/sergi/zephyr-sdk-0.15.2/arm-zephyr-eabi/bin/../lib/gcc/arm-zephyr-eabi/12.1.0/thumb/v6-m/nofp\libgcc.a(_udivsi3.o)
                0x00000000100001d0                __aeabi_uidiv
                0x00000000100001d0                __udivsi3
                0x0000000010000248                __aeabi_uidivmod
 .text          0x000000001000025c        0x4 c:/users/sergi/zephyr-sdk-0.15.2/arm-zephyr-eabi/bin/../lib/gcc/arm-zephyr-eabi/12.1.0/thumb/v6-m/nofp\libgcc.a(_dvmd_tls.o)
                0x000000001000025c                __aeabi_idiv0
                0x000000001000025c                __aeabi_ldiv0
 .text          0x0000000010000260       0x7c c:/users/sergi/zephyr-sdk-0.15.2/arm-zephyr-eabi/bin/../lib/gcc/arm-zephyr-eabi/12.1.0/thumb/v6-m/nofp\libgcc.a(_arm_cmpdf2.o)
                0x0000000010000260                __aeabi_cdrcmple
                0x0000000010000270                __aeabi_cdcmple
                0x0000000010000270                __aeabi_cdcmpeq
                0x0000000010000280                __aeabi_dcmpeq
                0x000000001000028c                __aeabi_dcmplt
                0x00000000100002a0                __aeabi_dcmple
                0x00000000100002b4                __aeabi_dcmpgt
                0x00000000100002c8                __aeabi_dcmpge
 .text          0x00000000100002dc       0x3c c:/users/sergi/zephyr-sdk-0.15.2/arm-zephyr-eabi/bin/../lib/gcc/arm-zephyr-eabi/12.1.0/thumb/v6-m/nofp\libgcc.a(_clzsi2.o)
                0x00000000100002dc                __clzsi2
 .text          0x0000000010000318       0x40 c:/users/sergi/zephyr-sdk-0.15.2/arm-zephyr-eabi/bin/../lib/gcc/arm-zephyr-eabi/12.1.0/thumb/v6-m/nofp\libgcc.a(_ctzsi2.o)
                0x0000000010000318                __ctzsi2
 .text          0x0000000010000358       0x40 c:/users/sergi/zephyr-sdk-0.15.2/arm-zephyr-eabi/bin/../lib/gcc/arm-zephyr-eabi/12.1.0/thumb/v6-m/nofp\libgcc.a(_aeabi_uldivmod.o)
                0x0000000010000358                __aeabi_uldivmod
 .text          0x0000000010000398       0x40 c:/users/sergi/zephyr-sdk-0.15.2/arm-zephyr-eabi/bin/../lib/gcc/arm-zephyr-eabi/12.1.0/thumb/v6-m/nofp\libgcc.a(_fixunssfdi.o)
                0x0000000010000398                __fixunssfdi
                0x0000000010000398                __aeabi_f2ulz
 .text          0x00000000100003d8      0x1c4 c:/users/sergi/zephyr-sdk-0.15.2/arm-zephyr-eabi/bin/../lib/gcc/arm-zephyr-eabi/12.1.0/thumb/v6-m/nofp\libgcc.a(divsf3.o)
                0x00000000100003d8                __aeabi_fdiv
 .text          0x000000001000059c       0x78 c:/users/sergi/zephyr-sdk-0.15.2/arm-zephyr-eabi/bin/../lib/gcc/arm-zephyr-eabi/12.1.0/thumb/v6-m/nofp\libgcc.a(floatunsisf.o)
                0x000000001000059c                __aeabi_ui2f
 .text          0x0000000010000614      0x5e0 c:/users/sergi/zephyr-sdk-0.15.2/arm-zephyr-eabi/bin/../lib/gcc/arm-zephyr-eabi/12.1.0/thumb/v6-m/nofp\libgcc.a(adddf3.o)
                0x0000000010000614                __aeabi_dadd
 .text          0x0000000010000bf4       0x84 c:/users/sergi/zephyr-sdk-0.15.2/arm-zephyr-eabi/bin/../lib/gcc/arm-zephyr-eabi/12.1.0/thumb/v6-m/nofp\libgcc.a(eqdf2.o)
                0x0000000010000bf4                __nedf2
                0x0000000010000bf4                __eqdf2
 .text          0x0000000010000c78       0xec c:/users/sergi/zephyr-sdk-0.15.2/arm-zephyr-eabi/bin/../lib/gcc/arm-zephyr-eabi/12.1.0/thumb/v6-m/nofp\libgcc.a(gedf2.o)
                0x0000000010000c78                __gedf2
                0x0000000010000c78                __gtdf2
 .text          0x0000000010000d64       0xf0 c:/users/sergi/zephyr-sdk-0.15.2/arm-zephyr-eabi/bin/../lib/gcc/arm-zephyr-eabi/12.1.0/thumb/v6-m/nofp\libgcc.a(ledf2.o)
                0x0000000010000d64                __ledf2
                0x0000000010000d64                __ltdf2
 .text          0x0000000010000e54      0x454 c:/users/sergi/zephyr-sdk-0.15.2/arm-zephyr-eabi/bin/../lib/gcc/arm-zephyr-eabi/12.1.0/thumb/v6-m/nofp\libgcc.a(muldf3.o)
                0x0000000010000e54                __aeabi_dmul
 .text          0x00000000100012a8      0x628 c:/users/sergi/zephyr-sdk-0.15.2/arm-zephyr-eabi/bin/../lib/gcc/arm-zephyr-eabi/12.1.0/thumb/v6-m/nofp\libgcc.a(subdf3.o)
                0x00000000100012a8                __aeabi_dsub
 .text          0x00000000100018d0       0x40 c:/users/sergi/zephyr-sdk-0.15.2/arm-zephyr-eabi/bin/../lib/gcc/arm-zephyr-eabi/12.1.0/thumb/v6-m/nofp\libgcc.a(floatunsidf.o)
                0x00000000100018d0                __aeabi_ui2d
 .text          0x0000000010001910       0x84 c:/users/sergi/zephyr-sdk-0.15.2/arm-zephyr-eabi/bin/../lib/gcc/arm-zephyr-eabi/12.1.0/thumb/v6-m/nofp\libgcc.a(extendsfdf2.o)
                0x0000000010001910                __aeabi_f2d
 .text          0x0000000010001994      0x118 c:/users/sergi/zephyr-sdk-0.15.2/arm-zephyr-eabi/bin/../lib/gcc/arm-zephyr-eabi/12.1.0/thumb/v6-m/nofp\libgcc.a(truncdfsf2.o)
                0x0000000010001994                __aeabi_d2f
 .text          0x0000000010001aac       0x18 c:/users/sergi/zephyr-sdk-0.15.2/arm-zephyr-eabi/bin/../lib/gcc/arm-zephyr-eabi/12.1.0/thumb/v6-m/nofp\libgcc.a(_lshrdi3.o)
                0x0000000010001aac                __lshrdi3
                0x0000000010001aac                __aeabi_llsr
 .text          0x0000000010001ac4       0x18 c:/users/sergi/zephyr-sdk-0.15.2/arm-zephyr-eabi/bin/../lib/gcc/arm-zephyr-eabi/12.1.0/thumb/v6-m/nofp\libgcc.a(_ashldi3.o)
                0x0000000010001ac4                __aeabi_llsl
                0x0000000010001ac4                __ashldi3
 .text          0x0000000010001adc       0x18 c:/users/sergi/zephyr-sdk-0.15.2/arm-zephyr-eabi/bin/../lib/gcc/arm-zephyr-eabi/12.1.0/thumb/v6-m/nofp\libgcc.a(_clzdi2.o)
                0x0000000010001adc                __clzdi2
 .text          0x0000000010001af4       0x38 c:/users/sergi/zephyr-sdk-0.15.2/arm-zephyr-eabi/bin/../lib/gcc/arm-zephyr-eabi/12.1.0/thumb/v6-m/nofp\libgcc.a(_fixunsdfsi.o)
                0x0000000010001af4                __aeabi_d2uiz
                0x0000000010001af4                __fixunsdfsi
 .text          0x0000000010001b2c       0x64 c:/users/sergi/zephyr-sdk-0.15.2/arm-zephyr-eabi/bin/../lib/gcc/arm-zephyr-eabi/12.1.0/thumb/v6-m/nofp\libgcc.a(fixdfsi.o)
                0x0000000010001b2c                __aeabi_d2iz
 .text          0x0000000010001b90       0x44 c:/users/sergi/zephyr-sdk-0.15.2/arm-zephyr-eabi/bin/../lib/gcc/arm-zephyr-eabi/12.1.0/thumb/v6-m/nofp\libgcc.a(_muldi3.o)
                0x0000000010001b90                __muldi3
                0x0000000010001b90                __aeabi_lmul
 .text          0x0000000010001bd4       0xde c:/users/sergi/zephyr-sdk-0.15.2/arm-zephyr-eabi/bin/../lib/gcc/arm-zephyr-eabi/12.1.0/thumb/v6-m/nofp\libgcc.a(_udivmoddi4.o)
                0x0000000010001bd4                __udivmoddi4
 *(SORT_BY_ALIGNMENT(.text.*))
 *fill*         0x0000000010001cb2        0x2 
 .text.pwm_set_dt.constprop.0
                0x0000000010001cb4       0x88 app/libapp.a(main.c.obj)
 .text.main     0x0000000010001d3c       0xd4 app/libapp.a(main.c.obj)
                0x0000000010001d3c                main
 .text.cbvprintf_package
                0x0000000010001e10      0x3d0 zephyr/libzephyr.a(cbprintf_packaged.c.obj)
                0x0000000010001e10                cbvprintf_package
 .text.__printk_hook_install
                0x00000000100021e0        0xc zephyr/libzephyr.a(printk.c.obj)
                0x00000000100021e0                __printk_hook_install
 .text.z_cbvprintf_impl
                0x00000000100021ec      0x728 zephyr/libzephyr.a(cbprintf_complete.c.obj)
                0x00000000100021ec                z_cbvprintf_impl
 .text.z_log_init.isra.0
                0x0000000010002914       0xd0 zephyr/libzephyr.a(log_core.c.obj)
 .text.log_format_func_t_get
                0x00000000100029e4        0xc zephyr/libzephyr.a(log_core.c.obj)
                0x00000000100029e4                log_format_func_t_get
 .text.log_set_timestamp_func
                0x00000000100029f0       0x20 zephyr/libzephyr.a(log_core.c.obj)
                0x00000000100029f0                log_set_timestamp_func
 .text.log_core_init
                0x0000000010002a10       0x2c zephyr/libzephyr.a(log_core.c.obj)
                0x0000000010002a10                log_core_init
 .text.z_impl_log_panic
                0x0000000010002a3c       0x40 zephyr/libzephyr.a(log_core.c.obj)
                0x0000000010002a3c                z_impl_log_panic
 .text.z_log_dropped
                0x0000000010002a7c       0x20 zephyr/libzephyr.a(log_core.c.obj)
                0x0000000010002a7c                z_log_dropped
 .text.z_log_msg_commit
                0x0000000010002a9c       0x38 zephyr/libzephyr.a(log_core.c.obj)
                0x0000000010002a9c                z_log_msg_commit
 .text.log_source_name_get
                0x0000000010002ad4       0x1c zephyr/libzephyr.a(log_mgmt.c.obj)
                0x0000000010002ad4                log_source_name_get
 .text.log_backend_enable
                0x0000000010002af0       0x28 zephyr/libzephyr.a(log_mgmt.c.obj)
                0x0000000010002af0                log_backend_enable
 .text.z_impl_z_log_msg_runtime_vcreate
                0x0000000010002b18       0x8c zephyr/libzephyr.a(log_msg.c.obj)
                0x0000000010002b18                z_impl_z_log_msg_runtime_vcreate
 .text.print_formatted
                0x0000000010002ba4       0x20 zephyr/libzephyr.a(log_output.c.obj)
 .text.newline_print
                0x0000000010002bc4       0x20 zephyr/libzephyr.a(log_output.c.obj)
 .text.log_output_process
                0x0000000010002be4      0x29c zephyr/libzephyr.a(log_output.c.obj)
                0x0000000010002be4                log_output_process
 .text.log_output_msg_process
                0x0000000010002e80       0x6c zephyr/libzephyr.a(log_output.c.obj)
                0x0000000010002e80                log_output_msg_process
 .text.log_output_timestamp_freq_set
                0x0000000010002eec       0x34 zephyr/libzephyr.a(log_output.c.obj)
                0x0000000010002eec                log_output_timestamp_freq_set
 .text.format_set
                0x0000000010002f20        0xc zephyr/libzephyr.a(log_backend_uart.c.obj)
 .text.panic    0x0000000010002f2c       0x18 zephyr/libzephyr.a(log_backend_uart.c.obj)
 .text.process  0x0000000010002f44       0x20 zephyr/libzephyr.a(log_backend_uart.c.obj)
 .text.char_out
                0x0000000010002f64       0x24 zephyr/libzephyr.a(log_backend_uart.c.obj)
 .text.z_arm_cpu_idle_init
                0x0000000010002f88        0xc zephyr/arch/arch/arm/core/aarch32/libarch__arm__core__aarch32.a(cpu_idle.S.obj)
                0x0000000010002f88                z_arm_cpu_idle_init
 .text.arch_cpu_idle
                0x0000000010002f94       0x10 zephyr/arch/arch/arm/core/aarch32/libarch__arm__core__aarch32.a(cpu_idle.S.obj)
                0x0000000010002f94                arch_cpu_idle
 .text.z_arm_fatal_error
                0x0000000010002fa4       0xa0 zephyr/arch/arch/arm/core/aarch32/libarch__arm__core__aarch32.a(fatal.c.obj)
                0x0000000010002fa4                z_arm_fatal_error
 .text.arch_irq_enable
                0x0000000010003044       0x18 zephyr/arch/arch/arm/core/aarch32/libarch__arm__core__aarch32.a(irq_manage.c.obj)
                0x0000000010003044                arch_irq_enable
 .text.z_arm_irq_priority_set
                0x000000001000305c       0x54 zephyr/arch/arch/arm/core/aarch32/libarch__arm__core__aarch32.a(irq_manage.c.obj)
                0x000000001000305c                z_arm_irq_priority_set
 .text.z_SysNmiOnReset
                0x00000000100030b0        0x4 zephyr/arch/arch/arm/core/aarch32/libarch__arm__core__aarch32.a(nmi_on_reset.S.obj)
                0x00000000100030b0                z_SysNmiOnReset
 .text.z_arm_prep_c
                0x00000000100030b4       0x2c zephyr/arch/arch/arm/core/aarch32/libarch__arm__core__aarch32.a(prep_c.c.obj)
                0x00000000100030b4                z_arm_prep_c
 .text.arch_swap
                0x00000000100030e0       0x30 zephyr/arch/arch/arm/core/aarch32/libarch__arm__core__aarch32.a(swap.c.obj)
                0x00000000100030e0                arch_swap
 .text.z_arm_pendsv
                0x0000000010003110       0x60 zephyr/arch/arch/arm/core/aarch32/libarch__arm__core__aarch32.a(swap_helper.S.obj)
                0x0000000010003110                z_arm_pendsv
 .text.z_arm_svc
                0x0000000010003170       0x24 zephyr/arch/arch/arm/core/aarch32/libarch__arm__core__aarch32.a(swap_helper.S.obj)
                0x0000000010003170                z_arm_svc
 .text.arch_new_thread
                0x0000000010003194       0x2c zephyr/arch/arch/arm/core/aarch32/libarch__arm__core__aarch32.a(thread.c.obj)
                0x0000000010003194                arch_new_thread
 .text.arch_switch_to_main_thread
                0x00000000100031c0       0x20 zephyr/arch/arch/arm/core/aarch32/libarch__arm__core__aarch32.a(thread.c.obj)
                0x00000000100031c0                arch_switch_to_main_thread
 .text._isr_wrapper
                0x00000000100031e0       0x28 zephyr/arch/arch/arm/core/aarch32/libarch__arm__core__aarch32.a(isr_wrapper.S.obj)
                0x00000000100031e0                _isr_wrapper
 .text._HandlerModeExit
                0x0000000010003208       0x20 zephyr/arch/arch/arm/core/aarch32/cortex_m/libarch__arm__core__aarch32__cortex_m.a(exc_exit.S.obj)
                0x0000000010003208                z_arm_int_exit
                0x0000000010003208                z_arm_exc_exit
 .text.z_arm_fault
                0x0000000010003228      0x10c zephyr/arch/arch/arm/core/aarch32/cortex_m/libarch__arm__core__aarch32__cortex_m.a(fault.c.obj)
                0x0000000010003228                z_arm_fault
 .text.__fault  0x0000000010003334       0x14 zephyr/arch/arch/arm/core/aarch32/cortex_m/libarch__arm__core__aarch32__cortex_m.a(fault_s.S.obj)
                0x0000000010003334                z_arm_hard_fault
                0x0000000010003334                z_arm_exc_spurious
 .text.z_arm_interrupt_init
                0x0000000010003348       0x30 zephyr/arch/arch/arm/core/aarch32/cortex_m/libarch__arm__core__aarch32__cortex_m.a(irq_init.c.obj)
                0x0000000010003348                z_arm_interrupt_init
 .text._reset_section
                0x0000000010003378       0x28 zephyr/arch/arch/arm/core/aarch32/cortex_m/libarch__arm__core__aarch32__cortex_m.a(reset.S.obj)
                0x0000000010003378                __start
                0x0000000010003378                z_arm_reset
 .text.z_impl_k_thread_abort
                0x00000000100033a0       0x38 zephyr/arch/arch/arm/core/aarch32/cortex_m/libarch__arm__core__aarch32__cortex_m.a(thread_abort.c.obj)
                0x00000000100033a0                z_impl_k_thread_abort
 .text.__stdout_hook_install
                0x00000000100033d8        0xc zephyr/lib/libc/minimal/liblib__libc__minimal.a(stdout_console.c.obj)
                0x00000000100033d8                __stdout_hook_install
 .text.rp2040_init
                0x00000000100033e4       0x54 zephyr/soc/arm/rpi_pico/rp2/libsoc__arm__rpi_pico__rp2.a(soc.c.obj)
 .text.uart_console_init
                0x0000000010003438       0x2c zephyr/drivers/console/libdrivers__console.a(uart_console.c.obj)
 .text.console_out
                0x0000000010003464       0x28 zephyr/drivers/console/libdrivers__console.a(uart_console.c.obj)
 .text.gpio_rpi_isr
                0x000000001000348c       0x64 zephyr/drivers/gpio/libdrivers__gpio.a(gpio_rpi_pico.c.obj)
 .text.z_log_msg_runtime_create.constprop.0
                0x00000000100034f0       0x24 zephyr/drivers/pwm/libdrivers__pwm.a(pwm_rpi_pico.c.obj)
 .text.pwm_rpi_init
                0x0000000010003514       0xb4 zephyr/drivers/pwm/libdrivers__pwm.a(pwm_rpi_pico.c.obj)
 .text.pwm_rpi_set_cycles
                0x00000000100035c8       0xac zephyr/drivers/pwm/libdrivers__pwm.a(pwm_rpi_pico.c.obj)
 .text.pwm_rpi_get_cycles_per_sec
                0x0000000010003674       0x64 zephyr/drivers/pwm/libdrivers__pwm.a(pwm_rpi_pico.c.obj)
 .text.uart_rpi_irq_err_disable
                0x00000000100036d8       0x14 zephyr/drivers/serial/libdrivers__serial.a(uart_rpi_pico.c.obj)
 .text.uart_rpi_set_format.isra.0
                0x00000000100036ec       0x58 zephyr/drivers/serial/libdrivers__serial.a(uart_rpi_pico.c.obj)
 .text.uart_rpi_init
                0x0000000010003744       0x74 zephyr/drivers/serial/libdrivers__serial.a(uart_rpi_pico.c.obj)
 .text.elapsed  0x00000000100037b8       0x38 zephyr/drivers/timer/libdrivers__timer.a(cortex_m_systick.c.obj)
 .text.sys_clock_driver_init
                0x00000000100037f0       0x3c zephyr/drivers/timer/libdrivers__timer.a(cortex_m_systick.c.obj)
 .text.sys_clock_isr
                0x000000001000382c       0x44 zephyr/drivers/timer/libdrivers__timer.a(cortex_m_systick.c.obj)
                0x000000001000382c                sys_clock_isr
 .text.sys_clock_set_timeout
                0x0000000010003870       0xf0 zephyr/drivers/timer/libdrivers__timer.a(cortex_m_systick.c.obj)
                0x0000000010003870                sys_clock_set_timeout
 .text.sys_clock_elapsed
                0x0000000010003960       0x38 zephyr/drivers/timer/libdrivers__timer.a(cortex_m_systick.c.obj)
                0x0000000010003960                sys_clock_elapsed
 .text.clock_configure
                0x0000000010003998       0xe8 modules/hal_rpi_pico/libmodules__hal_rpi_pico.a(clocks.c.obj)
                0x0000000010003998                clock_configure
 .text.clocks_init
                0x0000000010003a80       0xf4 modules/hal_rpi_pico/libmodules__hal_rpi_pico.a(clocks.c.obj)
                0x0000000010003a80                clocks_init
 .text.clock_get_hz
                0x0000000010003b74        0xc modules/hal_rpi_pico/libmodules__hal_rpi_pico.a(clocks.c.obj)
                0x0000000010003b74                clock_get_hz
 .text.pll_init
                0x0000000010003b80       0x9c modules/hal_rpi_pico/libmodules__hal_rpi_pico.a(pll.c.obj)
                0x0000000010003b80                pll_init
 .text.xosc_init
                0x0000000010003c1c       0x28 modules/hal_rpi_pico/libmodules__hal_rpi_pico.a(xosc.c.obj)
                0x0000000010003c1c                xosc_init
 .text.watchdog_start_tick
                0x0000000010003c44       0x10 modules/hal_rpi_pico/libmodules__hal_rpi_pico.a(watchdog.c.obj)
                0x0000000010003c44                watchdog_start_tick
 .text.running_on_fpga
                0x0000000010003c54       0x10 modules/hal_rpi_pico/libmodules__hal_rpi_pico.a(platform.c.obj)
                0x0000000010003c54                running_on_fpga
 .text.gpio_set_function
                0x0000000010003c64       0x2c modules/hal_rpi_pico/libmodules__hal_rpi_pico.a(gpio.c.obj)
                0x0000000010003c64                gpio_set_function
 .text.gpio_set_pulls
                0x0000000010003c90       0x24 modules/hal_rpi_pico/libmodules__hal_rpi_pico.a(gpio.c.obj)
                0x0000000010003c90                gpio_set_pulls
 .text.gpio_set_input_hysteresis_enabled
                0x0000000010003cb4       0x1c modules/hal_rpi_pico/libmodules__hal_rpi_pico.a(gpio.c.obj)
                0x0000000010003cb4                gpio_set_input_hysteresis_enabled
 .text.gpio_set_slew_rate
                0x0000000010003cd0       0x1c modules/hal_rpi_pico/libmodules__hal_rpi_pico.a(gpio.c.obj)
                0x0000000010003cd0                gpio_set_slew_rate
 .text.gpio_set_drive_strength
                0x0000000010003cec       0x20 modules/hal_rpi_pico/libmodules__hal_rpi_pico.a(gpio.c.obj)
                0x0000000010003cec                gpio_set_drive_strength
 .text.gpio_acknowledge_irq
                0x0000000010003d0c       0x18 modules/hal_rpi_pico/libmodules__hal_rpi_pico.a(gpio.c.obj)
                0x0000000010003d0c                gpio_acknowledge_irq
 .text.gpio_set_irq_enabled
                0x0000000010003d24       0x44 modules/hal_rpi_pico/libmodules__hal_rpi_pico.a(gpio.c.obj)
                0x0000000010003d24                gpio_set_irq_enabled
 .text.gpio_set_input_enabled
                0x0000000010003d68       0x1c modules/hal_rpi_pico/libmodules__hal_rpi_pico.a(gpio.c.obj)
                0x0000000010003d68                gpio_set_input_enabled
 .text.uart_set_baudrate
                0x0000000010003d84       0x5c modules/hal_rpi_pico/libmodules__hal_rpi_pico.a(uart.c.obj)
                0x0000000010003d84                uart_set_baudrate
 .text.uart_init
                0x0000000010003de0       0x94 modules/hal_rpi_pico/libmodules__hal_rpi_pico.a(uart.c.obj)
                0x0000000010003de0                uart_init
 .text.k_sys_fatal_error_handler
                0x0000000010003e74       0x2c zephyr/kernel/libkernel.a(fatal.c.obj)
                0x0000000010003e74                k_sys_fatal_error_handler
 .text.z_fatal_error
                0x0000000010003ea0       0xcc zephyr/kernel/libkernel.a(fatal.c.obj)
                0x0000000010003ea0                z_fatal_error
 .text.z_sys_init_run_level
                0x0000000010003f6c       0x4c zephyr/kernel/libkernel.a(init.c.obj)
 .text.bg_thread_main
                0x0000000010003fb8       0x34 zephyr/kernel/libkernel.a(init.c.obj)
 .text.z_bss_zero
                0x0000000010003fec       0x18 zephyr/kernel/libkernel.a(init.c.obj)
                0x0000000010003fec                z_bss_zero
 .text.z_init_cpu
                0x0000000010004004       0x68 zephyr/kernel/libkernel.a(init.c.obj)
                0x0000000010004004                z_init_cpu
 .text.z_cstart
                0x000000001000406c       0xb4 zephyr/kernel/libkernel.a(init.c.obj)
                0x000000001000406c                z_cstart
 .text.z_setup_new_thread
                0x0000000010004120       0x54 zephyr/kernel/libkernel.a(thread.c.obj)
                0x0000000010004120                z_setup_new_thread
 .text.z_init_static_threads
                0x0000000010004174       0x90 zephyr/kernel/libkernel.a(thread.c.obj)
                0x0000000010004174                z_init_static_threads
 .text.slice_timeout
                0x0000000010004204       0x20 zephyr/kernel/libkernel.a(sched.c.obj)
 .text.z_reset_time_slice
                0x0000000010004224       0x44 zephyr/kernel/libkernel.a(sched.c.obj)
                0x0000000010004224                z_reset_time_slice
 .text.update_cache
                0x0000000010004268       0x44 zephyr/kernel/libkernel.a(sched.c.obj)
 .text.move_thread_to_end_of_prio_q
                0x00000000100042ac       0x78 zephyr/kernel/libkernel.a(sched.c.obj)
 .text.ready_thread
                0x0000000010004324       0x6c zephyr/kernel/libkernel.a(sched.c.obj)
 .text.unready_thread
                0x0000000010004390       0x2c zephyr/kernel/libkernel.a(sched.c.obj)
 .text.k_sched_time_slice_set
                0x00000000100043bc       0x40 zephyr/kernel/libkernel.a(sched.c.obj)
                0x00000000100043bc                k_sched_time_slice_set
 .text.z_time_slice
                0x00000000100043fc       0x7c zephyr/kernel/libkernel.a(sched.c.obj)
                0x00000000100043fc                z_time_slice
 .text.z_reschedule
                0x0000000010004478       0x2c zephyr/kernel/libkernel.a(sched.c.obj)
                0x0000000010004478                z_reschedule
 .text.z_sched_start
                0x00000000100044a4       0x34 zephyr/kernel/libkernel.a(sched.c.obj)
                0x00000000100044a4                z_sched_start
 .text.z_impl_k_thread_suspend
                0x00000000100044d8       0x58 zephyr/kernel/libkernel.a(sched.c.obj)
                0x00000000100044d8                z_impl_k_thread_suspend
 .text.k_sched_lock
                0x0000000010004530       0x20 zephyr/kernel/libkernel.a(sched.c.obj)
                0x0000000010004530                k_sched_lock
 .text.k_sched_unlock
                0x0000000010004550       0x2c zephyr/kernel/libkernel.a(sched.c.obj)
                0x0000000010004550                k_sched_unlock
 .text.z_sched_init
                0x000000001000457c       0x1c zephyr/kernel/libkernel.a(sched.c.obj)
                0x000000001000457c                z_sched_init
 .text.z_impl_k_yield
                0x0000000010004598       0x78 zephyr/kernel/libkernel.a(sched.c.obj)
                0x0000000010004598                z_impl_k_yield
 .text.z_tick_sleep
                0x0000000010004610       0x8c zephyr/kernel/libkernel.a(sched.c.obj)
 .text.z_impl_k_sleep
                0x000000001000469c       0x30 zephyr/kernel/libkernel.a(sched.c.obj)
                0x000000001000469c                z_impl_k_sleep
 .text.z_impl_z_current_get
                0x00000000100046cc        0xc zephyr/kernel/libkernel.a(sched.c.obj)
                0x00000000100046cc                z_impl_z_current_get
 .text.z_thread_abort
                0x00000000100046d8       0xb8 zephyr/kernel/libkernel.a(sched.c.obj)
                0x00000000100046d8                z_thread_abort
 .text.z_data_copy
                0x0000000010004790       0x34 zephyr/kernel/libkernel.a(xip.c.obj)
                0x0000000010004790                z_data_copy
 .text.elapsed  0x00000000100047c4       0x18 zephyr/kernel/libkernel.a(timeout.c.obj)
 .text.next_timeout
                0x00000000100047dc       0x44 zephyr/kernel/libkernel.a(timeout.c.obj)
 .text.remove_timeout
                0x0000000010004820       0x38 zephyr/kernel/libkernel.a(timeout.c.obj)
 .text.z_add_timeout
                0x0000000010004858       0xdc zephyr/kernel/libkernel.a(timeout.c.obj)
                0x0000000010004858                z_add_timeout
 .text.sys_clock_announce
                0x0000000010004934       0xdc zephyr/kernel/libkernel.a(timeout.c.obj)
                0x0000000010004934                sys_clock_announce
 .text.sys_clock_tick_get
                0x0000000010004a10       0x2c zephyr/kernel/libkernel.a(timeout.c.obj)
                0x0000000010004a10                sys_clock_tick_get
 .text.boot_banner
                0x0000000010004a3c       0x10 zephyr/kernel/libkernel.a(banner.c.obj)
                0x0000000010004a3c                boot_banner
 .text._OffsetAbsSyms
                0x0000000010004a4c        0x2 zephyr/CMakeFiles/offsets.dir/./arch/arm/core/offsets/offsets.c.obj
                0x0000000010004a4c                _OffsetAbsSyms
 .text.cbpprintf_external
                0x0000000010004a4e       0x68 zephyr/libzephyr.a(cbprintf_packaged.c.obj)
                0x0000000010004a4e                cbpprintf_external
 .text.arch_printk_char_out
                0x0000000010004ab6        0x4 zephyr/libzephyr.a(printk.c.obj)
                0x0000000010004ab6                arch_printk_char_out
 .text.printk   0x0000000010004aba       0x16 zephyr/libzephyr.a(printk.c.obj)
                0x0000000010004aba                printk
 .text.z_thread_entry
                0x0000000010004ad0       0x14 zephyr/libzephyr.a(thread_entry.c.obj)
                0x0000000010004ad0                z_thread_entry
 .text.encode_uint
                0x0000000010004ae4       0x9a zephyr/libzephyr.a(cbprintf_complete.c.obj)
 .text.outs     0x0000000010004b7e       0x2c zephyr/libzephyr.a(cbprintf_complete.c.obj)
 .text._ConfigAbsSyms
                0x0000000010004baa        0x2 zephyr/libzephyr.a(configs.c.obj)
                0x0000000010004baa                _ConfigAbsSyms
 .text.dummy_timestamp
                0x0000000010004bac        0x4 zephyr/libzephyr.a(log_core.c.obj)
 .text.default_lf_get_timestamp
                0x0000000010004bb0       0x10 zephyr/libzephyr.a(log_core.c.obj)
 .text.atomic_inc
                0x0000000010004bc0        0xa zephyr/libzephyr.a(log_core.c.obj)
 .text.enable_logger
                0x0000000010004bca        0xe zephyr/libzephyr.a(log_core.c.obj)
 .text.z_log_vprintk
                0x0000000010004bd8       0x1a zephyr/libzephyr.a(log_core.c.obj)
                0x0000000010004bd8                z_log_vprintk
 .text.z_log_notify_backend_enabled
                0x0000000010004bf2        0x2 zephyr/libzephyr.a(log_core.c.obj)
                0x0000000010004bf2                z_log_notify_backend_enabled
 .text.z_log_get_tag
                0x0000000010004bf4        0x4 zephyr/libzephyr.a(log_core.c.obj)
                0x0000000010004bf4                z_log_get_tag
 .text.z_log_msg_finalize
                0x0000000010004bf8       0x32 zephyr/libzephyr.a(log_msg.c.obj)
                0x0000000010004bf8                z_log_msg_finalize
 .text.out_func
                0x0000000010004c2a       0x18 zephyr/libzephyr.a(log_output.c.obj)
 .text.cr_out_func
                0x0000000010004c42       0x1c zephyr/libzephyr.a(log_output.c.obj)
 .text.buffer_write
                0x0000000010004c5e       0x1c zephyr/libzephyr.a(log_output.c.obj)
 .text.cbvprintf
                0x0000000010004c7a        0xc zephyr/libzephyr.a(log_output.c.obj)
 .text.log_output_flush
                0x0000000010004c86       0x18 zephyr/libzephyr.a(log_output.c.obj)
                0x0000000010004c86                log_output_flush
 .text.log_backend_uart_init
                0x0000000010004c9e        0x2 zephyr/libzephyr.a(log_backend_uart.c.obj)
 .text.z_log_msg_runtime_create.constprop.0
                0x0000000010004ca0       0x1e zephyr/arch/arch/arm/core/aarch32/libarch__arm__core__aarch32.a(fatal.c.obj)
 .text.z_do_kernel_oops
                0x0000000010004cbe        0xc zephyr/arch/arch/arm/core/aarch32/libarch__arm__core__aarch32.a(fatal.c.obj)
                0x0000000010004cbe                z_do_kernel_oops
 .text.z_irq_spurious
                0x0000000010004cca        0xc zephyr/arch/arch/arm/core/aarch32/libarch__arm__core__aarch32.a(irq_manage.c.obj)
                0x0000000010004cca                z_irq_spurious
 .text.z_arm_nmi
                0x0000000010004cd6        0xc zephyr/arch/arch/arm/core/aarch32/libarch__arm__core__aarch32.a(nmi.c.obj)
                0x0000000010004cd6                z_arm_nmi
 .text.z_log_msg_runtime_create.constprop.0
                0x0000000010004ce2       0x1e zephyr/arch/arch/arm/core/aarch32/cortex_m/libarch__arm__core__aarch32__cortex_m.a(fault.c.obj)
 .text.z_arm_fault_init
                0x0000000010004d00        0x2 zephyr/arch/arch/arm/core/aarch32/cortex_m/libarch__arm__core__aarch32__cortex_m.a(fault.c.obj)
                0x0000000010004d00                z_arm_fault_init
 .text.strlen   0x0000000010004d02       0x10 zephyr/lib/libc/minimal/liblib__libc__minimal.a(string.c.obj)
                0x0000000010004d02                strlen
 .text.strnlen  0x0000000010004d12       0x14 zephyr/lib/libc/minimal/liblib__libc__minimal.a(string.c.obj)
                0x0000000010004d12                strnlen
 .text.memcpy   0x0000000010004d26       0x12 zephyr/lib/libc/minimal/liblib__libc__minimal.a(string.c.obj)
                0x0000000010004d26                memcpy
 .text.memset   0x0000000010004d38       0x12 zephyr/lib/libc/minimal/liblib__libc__minimal.a(string.c.obj)
                0x0000000010004d38                memset
 .text._stdout_hook_default
                0x0000000010004d4a        0x6 zephyr/lib/libc/minimal/liblib__libc__minimal.a(stdout_console.c.obj)
 .text.gpio_rpi_port_get_raw
                0x0000000010004d50        0xc zephyr/drivers/gpio/libdrivers__gpio.a(gpio_rpi_pico.c.obj)
 .text.gpio_rpi_port_set_bits_raw
                0x0000000010004d5c       0x2c zephyr/drivers/gpio/libdrivers__gpio.a(gpio_rpi_pico.c.obj)
 .text.gpio_rpi_port_clear_bits_raw
                0x0000000010004d88       0x2c zephyr/drivers/gpio/libdrivers__gpio.a(gpio_rpi_pico.c.obj)
 .text.gpio_rpi_port_toggle_bits
                0x0000000010004db4       0x18 zephyr/drivers/gpio/libdrivers__gpio.a(gpio_rpi_pico.c.obj)
 .text.gpio_rpi_manage_callback
                0x0000000010004dcc       0x58 zephyr/drivers/gpio/libdrivers__gpio.a(gpio_rpi_pico.c.obj)
 .text.gpio_rpi_bank_init
                0x0000000010004e24        0xc zephyr/drivers/gpio/libdrivers__gpio.a(gpio_rpi_pico.c.obj)
 .text.gpio_rpi_pin_interrupt_configure
                0x0000000010004e30       0x62 zephyr/drivers/gpio/libdrivers__gpio.a(gpio_rpi_pico.c.obj)
 .text.bank_0_config_func
                0x0000000010004e92       0x14 zephyr/drivers/gpio/libdrivers__gpio.a(gpio_rpi_pico.c.obj)
 .text.gpio_rpi_port_set_masked_raw
                0x0000000010004ea6       0x3c zephyr/drivers/gpio/libdrivers__gpio.a(gpio_rpi_pico.c.obj)
 .text.gpio_rpi_configure
                0x0000000010004ee2       0x7c zephyr/drivers/gpio/libdrivers__gpio.a(gpio_rpi_pico.c.obj)
 .text.pinctrl_lookup_state
                0x0000000010004f5e       0x26 zephyr/drivers/pinctrl/libdrivers__pinctrl.a(common.c.obj)
                0x0000000010004f5e                pinctrl_lookup_state
 .text.pinctrl_configure_pins
                0x0000000010004f84       0x84 zephyr/drivers/pinctrl/libdrivers__pinctrl.a(pinctrl_rpi_pico.c.obj)
                0x0000000010004f84                pinctrl_configure_pins
 .text.reset_rpi_init
                0x0000000010005008        0x4 zephyr/drivers/reset/libdrivers__reset.a(reset_rpi_pico.c.obj)
 .text.reset_rpi_read_register.isra.0
                0x000000001000500c       0x30 zephyr/drivers/reset/libdrivers__reset.a(reset_rpi_pico.c.obj)
 .text.reset_rpi_update
                0x000000001000503c       0x72 zephyr/drivers/reset/libdrivers__reset.a(reset_rpi_pico.c.obj)
 .text.reset_rpi_line_assert
                0x00000000100050ae        0xa zephyr/drivers/reset/libdrivers__reset.a(reset_rpi_pico.c.obj)
 .text.reset_rpi_line_deassert
                0x00000000100050b8        0xa zephyr/drivers/reset/libdrivers__reset.a(reset_rpi_pico.c.obj)
 .text.reset_rpi_line_toggle
                0x00000000100050c2       0x18 zephyr/drivers/reset/libdrivers__reset.a(reset_rpi_pico.c.obj)
 .text.reset_rpi_status
                0x00000000100050da       0x38 zephyr/drivers/reset/libdrivers__reset.a(reset_rpi_pico.c.obj)
 .text.uart_rpi_poll_in
                0x0000000010005112       0x1e zephyr/drivers/serial/libdrivers__serial.a(uart_rpi_pico.c.obj)
 .text.uart_rpi_poll_out
                0x0000000010005130       0x10 zephyr/drivers/serial/libdrivers__serial.a(uart_rpi_pico.c.obj)
 .text.uart_rpi_err_check
                0x0000000010005140       0x24 zephyr/drivers/serial/libdrivers__serial.a(uart_rpi_pico.c.obj)
 .text.uart_rpi_fifo_fill
                0x0000000010005164       0x20 zephyr/drivers/serial/libdrivers__serial.a(uart_rpi_pico.c.obj)
 .text.uart_rpi_fifo_read
                0x0000000010005184       0x20 zephyr/drivers/serial/libdrivers__serial.a(uart_rpi_pico.c.obj)
 .text.uart_rpi_irq_tx_enable
                0x00000000100051a4       0x16 zephyr/drivers/serial/libdrivers__serial.a(uart_rpi_pico.c.obj)
 .text.uart_rpi_irq_tx_disable
                0x00000000100051ba        0xe zephyr/drivers/serial/libdrivers__serial.a(uart_rpi_pico.c.obj)
 .text.uart_rpi_irq_tx_ready
                0x00000000100051c8        0xc zephyr/drivers/serial/libdrivers__serial.a(uart_rpi_pico.c.obj)
 .text.uart_rpi_irq_rx_enable
                0x00000000100051d4       0x16 zephyr/drivers/serial/libdrivers__serial.a(uart_rpi_pico.c.obj)
 .text.uart_rpi_irq_rx_disable
                0x00000000100051ea        0xe zephyr/drivers/serial/libdrivers__serial.a(uart_rpi_pico.c.obj)
 .text.uart_rpi_irq_tx_complete
                0x00000000100051f8        0xc zephyr/drivers/serial/libdrivers__serial.a(uart_rpi_pico.c.obj)
 .text.uart_rpi_irq_rx_ready
                0x0000000010005204        0xc zephyr/drivers/serial/libdrivers__serial.a(uart_rpi_pico.c.obj)
 .text.uart_rpi_irq_err_enable
                0x0000000010005210       0x10 zephyr/drivers/serial/libdrivers__serial.a(uart_rpi_pico.c.obj)
 .text.uart_rpi_irq_is_pending
                0x0000000010005220       0x1c zephyr/drivers/serial/libdrivers__serial.a(uart_rpi_pico.c.obj)
 .text.uart_rpi_irq_update
                0x000000001000523c        0x4 zephyr/drivers/serial/libdrivers__serial.a(uart_rpi_pico.c.obj)
 .text.uart_rpi_irq_callback_set
                0x0000000010005240        0x8 zephyr/drivers/serial/libdrivers__serial.a(uart_rpi_pico.c.obj)
 .text.uart_rpi_isr
                0x0000000010005248       0x10 zephyr/drivers/serial/libdrivers__serial.a(uart_rpi_pico.c.obj)
 .text.uart_rpi_config_get
                0x0000000010005258       0x12 zephyr/drivers/serial/libdrivers__serial.a(uart_rpi_pico.c.obj)
 .text.uart0_rpi_irq_config_func
                0x000000001000526a       0x14 zephyr/drivers/serial/libdrivers__serial.a(uart_rpi_pico.c.obj)
 .text.uart_rpi_configure
                0x000000001000527e       0x32 zephyr/drivers/serial/libdrivers__serial.a(uart_rpi_pico.c.obj)
 .text.gpio_init
                0x00000000100052b0       0x16 modules/hal_rpi_pico/libmodules__hal_rpi_pico.a(gpio.c.obj)
                0x00000000100052b0                gpio_init
 .text.z_device_state_init
                0x00000000100052c6        0x2 zephyr/kernel/libkernel.a(device.c.obj)
                0x00000000100052c6                z_device_state_init
 .text.z_device_is_ready
                0x00000000100052c8       0x1a zephyr/kernel/libkernel.a(device.c.obj)
                0x00000000100052c8                z_device_is_ready
 .text.z_log_msg_runtime_create.constprop.0
                0x00000000100052e2       0x1e zephyr/kernel/libkernel.a(fatal.c.obj)
 .text.arch_system_halt
                0x0000000010005300        0x8 zephyr/kernel/libkernel.a(fatal.c.obj)
                0x0000000010005300                arch_system_halt
 .text.z_early_memset
                0x0000000010005308        0x8 zephyr/kernel/libkernel.a(init.c.obj)
                0x0000000010005308                z_early_memset
 .text.z_early_memcpy
                0x0000000010005310        0x8 zephyr/kernel/libkernel.a(init.c.obj)
                0x0000000010005310                z_early_memcpy
 .text.k_thread_name_get
                0x0000000010005318        0x4 zephyr/kernel/libkernel.a(thread.c.obj)
                0x0000000010005318                k_thread_name_get
 .text.idle     0x000000001000531c        0xe zephyr/kernel/libkernel.a(idle.c.obj)
                0x000000001000531c                idle
 .text.sys_dlist_remove
                0x000000001000532a       0x10 zephyr/kernel/libkernel.a(sched.c.obj)
 .text.unpend_thread_no_timeout
                0x000000001000533a       0x16 zephyr/kernel/libkernel.a(sched.c.obj)
 .text.z_ready_thread
                0x0000000010005350       0x18 zephyr/kernel/libkernel.a(sched.c.obj)
                0x0000000010005350                z_ready_thread
 .text.z_sched_wake_thread
                0x0000000010005368       0x3e zephyr/kernel/libkernel.a(sched.c.obj)
                0x0000000010005368                z_sched_wake_thread
 .text.z_thread_timeout
                0x00000000100053a6        0xc zephyr/kernel/libkernel.a(sched.c.obj)
                0x00000000100053a6                z_thread_timeout
 .text.z_reschedule_irqlock
                0x00000000100053b2       0x1c zephyr/kernel/libkernel.a(sched.c.obj)
                0x00000000100053b2                z_reschedule_irqlock
 .text.z_reschedule_unlocked
                0x00000000100053ce        0xe zephyr/kernel/libkernel.a(sched.c.obj)
 .text.z_abort_timeout
                0x00000000100053dc       0x26 zephyr/kernel/libkernel.a(timeout.c.obj)
                0x00000000100053dc                z_abort_timeout
 .text.sys_clock_tick_get_32
                0x0000000010005402        0x8 zephyr/kernel/libkernel.a(timeout.c.obj)
                0x0000000010005402                sys_clock_tick_get_32
 .text.z_impl_k_uptime_ticks
                0x000000001000540a        0x8 zephyr/kernel/libkernel.a(timeout.c.obj)
                0x000000001000540a                z_impl_k_uptime_ticks
 .text.z_impl_atomic_add
                0x0000000010005412       0x1a zephyr/kernel/libkernel.a(atomic_c.c.obj)
                0x0000000010005412                z_impl_atomic_add
 .text.z_impl_atomic_sub
                0x000000001000542c       0x1a zephyr/kernel/libkernel.a(atomic_c.c.obj)
                0x000000001000542c                z_impl_atomic_sub
 *(SORT_BY_ALIGNMENT(.TEXT.*))
 *(SORT_BY_ALIGNMENT(.gnu.linkonce.t.*))
 *(SORT_BY_ALIGNMENT(.glue_7t))
 .glue_7t       0x0000000010005446        0x0 linker stubs
 *(SORT_BY_ALIGNMENT(.glue_7))
 .glue_7        0x0000000010005446        0x0 linker stubs
 *(SORT_BY_ALIGNMENT(.vfp11_veneer))
 .vfp11_veneer  0x0000000010005446        0x0 linker stubs
 *(SORT_BY_ALIGNMENT(.v4_bx))
 .v4_bx         0x0000000010005446        0x0 linker stubs
                0x0000000010005448                . = ALIGN (0x4)
 *fill*         0x0000000010005446        0x2 
                0x0000000010005448                __text_region_end = .

.ARM.exidx      0x0000000010005448        0x8
                0x0000000010005448                __exidx_start = .
 *(SORT_BY_ALIGNMENT(.ARM.exidx*) SORT_BY_ALIGNMENT(gnu.linkonce.armexidx.*))
 .ARM.exidx     0x0000000010005448        0x8 c:/users/sergi/zephyr-sdk-0.15.2/arm-zephyr-eabi/bin/../lib/gcc/arm-zephyr-eabi/12.1.0/thumb/v6-m/nofp\libgcc.a(_udivmoddi4.o)
                0x0000000010005450                __exidx_end = .
                0x0000000010005450                __rodata_region_start = .

initlevel       0x0000000010005450       0x40
                0x0000000010005450                __init_start = .
                0x0000000010005450                __init_EARLY_start = .
 *(SORT_BY_NAME(SORT_BY_ALIGNMENT(.z_init_EARLY[0-9]_*)))
 *(SORT_BY_NAME(SORT_BY_ALIGNMENT(.z_init_EARLY[1-9][0-9]_*)))
                0x0000000010005450                __init_PRE_KERNEL_1_start = .
 *(SORT_BY_NAME(SORT_BY_ALIGNMENT(.z_init_PRE_KERNEL_1[0-9]_*)))
 .z_init_PRE_KERNEL_10_
                0x0000000010005450        0x8 zephyr/soc/arm/rpi_pico/rp2/libsoc__arm__rpi_pico__rp2.a(soc.c.obj)
 *(SORT_BY_NAME(SORT_BY_ALIGNMENT(.z_init_PRE_KERNEL_1[1-9][0-9]_*)))
 .z_init_PRE_KERNEL_140_
                0x0000000010005458        0x8 zephyr/drivers/reset/libdrivers__reset.a(reset_rpi_pico.c.obj)
 .z_init_PRE_KERNEL_155_
                0x0000000010005460        0x8 zephyr/drivers/serial/libdrivers__serial.a(uart_rpi_pico.c.obj)
 .z_init_PRE_KERNEL_160_
                0x0000000010005468        0x8 zephyr/drivers/console/libdrivers__console.a(uart_console.c.obj)
                0x0000000010005470                __init_PRE_KERNEL_2_start = .
 *(SORT_BY_NAME(SORT_BY_ALIGNMENT(.z_init_PRE_KERNEL_2[0-9]_*)))
 .z_init_PRE_KERNEL_20_
                0x0000000010005470        0x8 zephyr/drivers/timer/libdrivers__timer.a(cortex_m_systick.c.obj)
 *(SORT_BY_NAME(SORT_BY_ALIGNMENT(.z_init_PRE_KERNEL_2[1-9][0-9]_*)))
                0x0000000010005478                __init_POST_KERNEL_start = .
 *(SORT_BY_NAME(SORT_BY_ALIGNMENT(.z_init_POST_KERNEL[0-9]_*)))
 .z_init_POST_KERNEL0_
                0x0000000010005478        0x8 zephyr/libzephyr.a(log_core.c.obj)
 *(SORT_BY_NAME(SORT_BY_ALIGNMENT(.z_init_POST_KERNEL[1-9][0-9]_*)))
 .z_init_POST_KERNEL40_
                0x0000000010005480        0x8 zephyr/drivers/gpio/libdrivers__gpio.a(gpio_rpi_pico.c.obj)
 .z_init_POST_KERNEL50_
                0x0000000010005488        0x8 zephyr/drivers/pwm/libdrivers__pwm.a(pwm_rpi_pico.c.obj)
                0x0000000010005490                __init_APPLICATION_start = .
 *(SORT_BY_NAME(SORT_BY_ALIGNMENT(.z_init_APPLICATION[0-9]_*)))
 *(SORT_BY_NAME(SORT_BY_ALIGNMENT(.z_init_APPLICATION[1-9][0-9]_*)))
                0x0000000010005490                __init_SMP_start = .
 *(SORT_BY_NAME(SORT_BY_ALIGNMENT(.z_init_SMP[0-9]_*)))
 *(SORT_BY_NAME(SORT_BY_ALIGNMENT(.z_init_SMP[1-9][0-9]_*)))
                0x0000000010005490                __init_end = .

devices         0x0000000010005490       0x60
                0x0000000010005490                __device_start = .
                0x0000000010005490                __device_EARLY_start = .
 *(SORT_BY_NAME(SORT_BY_ALIGNMENT(.z_device_EARLY[0-9]_*)))
 *(SORT_BY_NAME(SORT_BY_ALIGNMENT(.z_device_EARLY[1-9][0-9]_*)))
                0x0000000010005490                __device_PRE_KERNEL_1_start = .
 *(SORT_BY_NAME(SORT_BY_ALIGNMENT(.z_device_PRE_KERNEL_1[0-9]_*)))
 *(SORT_BY_NAME(SORT_BY_ALIGNMENT(.z_device_PRE_KERNEL_1[1-9][0-9]_*)))
 .z_device_PRE_KERNEL_140_
                0x0000000010005490       0x18 zephyr/drivers/reset/libdrivers__reset.a(reset_rpi_pico.c.obj)
                0x0000000010005490                __device_dts_ord_7
 .z_device_PRE_KERNEL_155_
                0x00000000100054a8       0x18 zephyr/drivers/serial/libdrivers__serial.a(uart_rpi_pico.c.obj)
                0x00000000100054a8                __device_dts_ord_39
                0x00000000100054c0                __device_PRE_KERNEL_2_start = .
 *(SORT_BY_NAME(SORT_BY_ALIGNMENT(.z_device_PRE_KERNEL_2[0-9]_*)))
 *(SORT_BY_NAME(SORT_BY_ALIGNMENT(.z_device_PRE_KERNEL_2[1-9][0-9]_*)))
                0x00000000100054c0                __device_POST_KERNEL_start = .
 *(SORT_BY_NAME(SORT_BY_ALIGNMENT(.z_device_POST_KERNEL[0-9]_*)))
 *(SORT_BY_NAME(SORT_BY_ALIGNMENT(.z_device_POST_KERNEL[1-9][0-9]_*)))
 .z_device_POST_KERNEL40_
                0x00000000100054c0       0x18 zephyr/drivers/gpio/libdrivers__gpio.a(gpio_rpi_pico.c.obj)
                0x00000000100054c0                __device_dts_ord_14
 .z_device_POST_KERNEL50_
                0x00000000100054d8       0x18 zephyr/drivers/pwm/libdrivers__pwm.a(pwm_rpi_pico.c.obj)
                0x00000000100054d8                __device_dts_ord_29
                0x00000000100054f0                __device_APPLICATION_start = .
 *(SORT_BY_NAME(SORT_BY_ALIGNMENT(.z_device_APPLICATION[0-9]_*)))
 *(SORT_BY_NAME(SORT_BY_ALIGNMENT(.z_device_APPLICATION[1-9][0-9]_*)))
                0x00000000100054f0                __device_SMP_start = .
 *(SORT_BY_NAME(SORT_BY_ALIGNMENT(.z_device_SMP[0-9]_*)))
 *(SORT_BY_NAME(SORT_BY_ALIGNMENT(.z_device_SMP[1-9][0-9]_*)))
                0x00000000100054f0                __device_end = .

sw_isr_table    0x00000000100054f0       0xd0
                0x00000000100054f0                . = ALIGN (0x4)
 *(SORT_BY_ALIGNMENT(.gnu.linkonce.sw_isr_table*))
 .gnu.linkonce.sw_isr_table
                0x00000000100054f0       0xd0 zephyr/arch/common/libisr_tables.a(isr_tables.c.obj)
                0x00000000100054f0                _sw_isr_table

initlevel_error
                0x0000000010005450        0x0
 *(SORT_BY_NAME(SORT_BY_ALIGNMENT(.z_init_[_A-Z0-9]*)))
                0x0000000000000001                ASSERT ((SIZEOF (initlevel_error) == 0x0), Undefined initialization levels used.)

app_shmem_regions
                0x00000000100055c0        0x0
                0x00000000100055c0                __app_shmem_regions_start = .
 *(SORT_BY_NAME(SORT_BY_ALIGNMENT(.app_regions.*)))
                0x00000000100055c0                __app_shmem_regions_end = .

k_p4wq_initparam_area
                0x00000000100055c0        0x0
                0x00000000100055c0                _k_p4wq_initparam_list_start = .
 *(SORT_BY_NAME(SORT_BY_ALIGNMENT(._k_p4wq_initparam.static.*)))
                0x00000000100055c0                _k_p4wq_initparam_list_end = .

_static_thread_data_area
                0x00000000100055c0        0x0
                0x00000000100055c0                __static_thread_data_list_start = .
 *(SORT_BY_NAME(SORT_BY_ALIGNMENT(.__static_thread_data.static.*)))
                0x00000000100055c0                __static_thread_data_list_end = .

device_handles  0x00000000100055c0       0x20
                0x00000000100055c0                __device_handles_start = .
 *(SORT_BY_NAME(SORT_BY_ALIGNMENT(.__device_handles_pass2*)))
 .__device_handles_pass2
                0x00000000100055c0       0x20 zephyr/CMakeFiles/zephyr_pre1.dir/dev_handles.c.obj
                0x00000000100055c0                __devicehdl_dts_ord_29
                0x00000000100055c8                __devicehdl_dts_ord_14
                0x00000000100055ce                __devicehdl_dts_ord_39
                0x00000000100055d6                __devicehdl_dts_ord_7
                0x00000000100055e0                __device_handles_end = .

ztest           0x00000000100055e0        0x0
                0x00000000100055e0                _ztest_expected_result_entry_list_start = .
 *(SORT_BY_NAME(SORT_BY_ALIGNMENT(._ztest_expected_result_entry.static.*)))
                0x00000000100055e0                _ztest_expected_result_entry_list_end = .
                0x00000000100055e0                _ztest_suite_node_list_start = .
 *(SORT_BY_NAME(SORT_BY_ALIGNMENT(._ztest_suite_node.static.*)))
                0x00000000100055e0                _ztest_suite_node_list_end = .
                0x00000000100055e0                _ztest_unit_test_list_start = .
 *(SORT_BY_NAME(SORT_BY_ALIGNMENT(._ztest_unit_test.static.*)))
                0x00000000100055e0                _ztest_unit_test_list_end = .
                0x00000000100055e0                _ztest_test_rule_list_start = .
 *(SORT_BY_NAME(SORT_BY_ALIGNMENT(._ztest_test_rule.static.*)))
                0x00000000100055e0                _ztest_test_rule_list_end = .

bt_l2cap_fixed_chan_area
                0x00000000100055e0        0x0
                0x00000000100055e0                _bt_l2cap_fixed_chan_list_start = .
 *(SORT_BY_NAME(SORT_BY_ALIGNMENT(._bt_l2cap_fixed_chan.static.*)))
                0x00000000100055e0                _bt_l2cap_fixed_chan_list_end = .

bt_gatt_service_static_area
                0x00000000100055e0        0x0
                0x00000000100055e0                _bt_gatt_service_static_list_start = .
 *(SORT_BY_NAME(SORT_BY_ALIGNMENT(._bt_gatt_service_static.static.*)))
                0x00000000100055e0                _bt_gatt_service_static_list_end = .

log_strings_sections
                0x00000000100055e0        0x0
                0x00000000100055e0                __log_strings_start = .
 *(SORT_BY_NAME(SORT_BY_ALIGNMENT(.log_strings*)))
                0x00000000100055e0                __log_strings_end = .

log_const_sections
                0x00000000100055e0       0x38
                0x00000000100055e0                __log_const_start = .
 *(SORT_BY_NAME(SORT_BY_ALIGNMENT(.log_const_*)))
 .log_const_cbprintf_package
                0x00000000100055e0        0x8 zephyr/libzephyr.a(cbprintf_packaged.c.obj)
                0x00000000100055e0                log_const_cbprintf_package
 .log_const_log
                0x00000000100055e8        0x8 zephyr/libzephyr.a(log_core.c.obj)
                0x00000000100055e8                log_const_log
 .log_const_log_mgmt
                0x00000000100055f0        0x8 zephyr/libzephyr.a(log_mgmt.c.obj)
                0x00000000100055f0                log_const_log_mgmt
 .log_const_log_uart
                0x00000000100055f8        0x8 zephyr/libzephyr.a(log_backend_uart.c.obj)
                0x00000000100055f8                log_const_log_uart
 .log_const_os  0x0000000010005600        0x8 zephyr/kernel/libkernel.a(init.c.obj)
                0x0000000010005600                log_const_os
 .log_const_pwm_rpi_pico
                0x0000000010005608        0x8 zephyr/drivers/pwm/libdrivers__pwm.a(pwm_rpi_pico.c.obj)
                0x0000000010005608                log_const_pwm_rpi_pico
 .log_const_soc
                0x0000000010005610        0x8 zephyr/soc/arm/rpi_pico/rp2/libsoc__arm__rpi_pico__rp2.a(soc.c.obj)
                0x0000000010005610                log_const_soc
                0x0000000010005618                __log_const_end = .

log_backend_area
                0x0000000010005618       0x10
                0x0000000010005618                _log_backend_list_start = .
 *(SORT_BY_NAME(SORT_BY_ALIGNMENT(._log_backend.static.*)))
 ._log_backend.static.log_backend_uart
                0x0000000010005618       0x10 zephyr/libzephyr.a(log_backend_uart.c.obj)
                0x0000000010005628                _log_backend_list_end = .

log_link_area   0x0000000010005628        0x0
                0x0000000010005628                _log_link_list_start = .
 *(SORT_BY_NAME(SORT_BY_ALIGNMENT(._log_link.static.*)))
                0x0000000010005628                _log_link_list_end = .

tracing_backend_area
                0x0000000010005628        0x0
                0x0000000010005628                _tracing_backend_list_start = .
 *(SORT_BY_NAME(SORT_BY_ALIGNMENT(._tracing_backend.static.*)))
                0x0000000010005628                _tracing_backend_list_end = .

zephyr_dbg_info
 *(SORT_BY_ALIGNMENT(.dbg_thread_info))

symbol_to_keep  0x0000000010005628        0x0
                0x0000000010005628                __symbol_to_keep_start = .
 *(SORT_BY_NAME(SORT_BY_ALIGNMENT(.symbol_to_keep*)))
                0x0000000010005628                __symbol_to_keep_end = .

shell_area      0x0000000010005628        0x0
                0x0000000010005628                _shell_list_start = .
 *(SORT_BY_NAME(SORT_BY_ALIGNMENT(._shell.static.*)))
                0x0000000010005628                _shell_list_end = .

shell_root_cmds_sections
                0x0000000010005628        0x0
                0x0000000010005628                __shell_root_cmds_start = .
 *(SORT_BY_NAME(SORT_BY_ALIGNMENT(.shell_root_cmd_*)))
                0x0000000010005628                __shell_root_cmds_end = .

shell_subcmds_sections
                0x0000000010005628        0x0
                0x0000000010005628                __shell_subcmds_start = .
 *(SORT_BY_NAME(SORT_BY_ALIGNMENT(.shell_subcmd_*)))
                0x0000000010005628                __shell_subcmds_end = .

shell_dynamic_subcmds_sections
                0x0000000010005628        0x0
                0x0000000010005628                __shell_dynamic_subcmds_start = .
 *(SORT_BY_NAME(SORT_BY_ALIGNMENT(.shell_dynamic_subcmd_*)))
                0x0000000010005628                __shell_dynamic_subcmds_end = .

font_entry_sections
                0x0000000010005628        0x0
                0x0000000010005628                __font_entry_start = .
 *(SORT_BY_NAME(SORT_BY_ALIGNMENT(._cfb_font.*)))
                0x0000000010005628                __font_entry_end = .

rodata          0x0000000010005628      0x608
 *(SORT_BY_ALIGNMENT(.rodata))
 *(SORT_BY_ALIGNMENT(.rodata.*))
 .rodata.format_table
                0x0000000010005628       0x10 zephyr/libzephyr.a(log_core.c.obj)
 .rodata.colors
                0x0000000010005638       0x14 zephyr/libzephyr.a(log_output.c.obj)
 .rodata.severity
                0x000000001000564c       0x14 zephyr/libzephyr.a(log_output.c.obj)
 .rodata.log_backend_uart_api
                0x0000000010005660       0x1c zephyr/libzephyr.a(log_backend_uart.c.obj)
                0x0000000010005660                log_backend_uart_api
 .rodata.log_output_uart
                0x000000001000567c       0x10 zephyr/libzephyr.a(log_backend_uart.c.obj)
 .rodata.gpio_rpi_0_config
                0x000000001000568c        0x8 zephyr/drivers/gpio/libdrivers__gpio.a(gpio_rpi_pico.c.obj)
 .rodata.gpio_rpi_driver_api
                0x0000000010005694       0x24 zephyr/drivers/gpio/libdrivers__gpio.a(gpio_rpi_pico.c.obj)
 .rodata.pwm_rpi_config_0
                0x00000000100056b8       0x28 zephyr/drivers/pwm/libdrivers__pwm.a(pwm_rpi_pico.c.obj)
 .rodata.__pinctrl_dev_config__device_dts_ord_29
                0x00000000100056e0        0x8 zephyr/drivers/pwm/libdrivers__pwm.a(pwm_rpi_pico.c.obj)
 .rodata.__pinctrl_states__device_dts_ord_29
                0x00000000100056e8        0x8 zephyr/drivers/pwm/libdrivers__pwm.a(pwm_rpi_pico.c.obj)
 .rodata.__pinctrl_state_pins_0__device_dts_ord_29
                0x00000000100056f0        0x8 zephyr/drivers/pwm/libdrivers__pwm.a(pwm_rpi_pico.c.obj)
 .rodata.reset_rpi_config_0
                0x00000000100056f8        0xc zephyr/drivers/reset/libdrivers__reset.a(reset_rpi_pico.c.obj)
 .rodata.reset_rpi_driver_api
                0x0000000010005704       0x10 zephyr/drivers/reset/libdrivers__reset.a(reset_rpi_pico.c.obj)
 .rodata.uart0_rpi_config
                0x0000000010005714       0x18 zephyr/drivers/serial/libdrivers__serial.a(uart_rpi_pico.c.obj)
 .rodata.__pinctrl_dev_config__device_dts_ord_39
                0x000000001000572c        0x8 zephyr/drivers/serial/libdrivers__serial.a(uart_rpi_pico.c.obj)
 .rodata.__pinctrl_states__device_dts_ord_39
                0x0000000010005734        0x8 zephyr/drivers/serial/libdrivers__serial.a(uart_rpi_pico.c.obj)
 .rodata.__pinctrl_state_pins_0__device_dts_ord_39
                0x000000001000573c        0x8 zephyr/drivers/serial/libdrivers__serial.a(uart_rpi_pico.c.obj)
 .rodata.uart_rpi_driver_api
                0x0000000010005744       0x4c zephyr/drivers/serial/libdrivers__serial.a(uart_rpi_pico.c.obj)
 .rodata._k_neg_eagain
                0x0000000010005790        0x4 zephyr/kernel/libkernel.a(errno.c.obj)
                0x0000000010005790                _k_neg_eagain
 .rodata.CSWTCH.10
                0x0000000010005794       0x14 zephyr/kernel/libkernel.a(fatal.c.obj)
 .rodata.levels.0
                0x00000000100057a8       0x18 zephyr/kernel/libkernel.a(init.c.obj)
 .rodata.main.str1.1
                0x00000000100057c0       0xea app/libapp.a(main.c.obj)
 .rodata.str1.1
                0x00000000100058aa       0x11 zephyr/libzephyr.a(cbprintf_packaged.c.obj)
 .rodata.z_cbvprintf_impl.str1.1
                0x00000000100058bb        0x6 zephyr/libzephyr.a(cbprintf_complete.c.obj)
 .rodata.str1.1
                0x00000000100058c1        0x4 zephyr/libzephyr.a(log_core.c.obj)
 .rodata.str1.1
                0x00000000100058c5        0x9 zephyr/libzephyr.a(log_mgmt.c.obj)
 .rodata.newline_print.str1.1
                0x00000000100058ce        0x3 zephyr/libzephyr.a(log_output.c.obj)
                                          0x5 (size before relaxing)
 .rodata.log_output_process.str1.1
                0x00000000100058d1       0x4f zephyr/libzephyr.a(log_output.c.obj)
                                         0x51 (size before relaxing)
 .rodata.str1.1
                0x0000000010005920       0x20 zephyr/libzephyr.a(log_output.c.obj)
 .rodata.str1.1
                0x0000000010005940       0x1a zephyr/libzephyr.a(log_backend_uart.c.obj)
 .rodata.z_arm_fatal_error.str1.1
                0x000000001000595a       0x9b zephyr/arch/arch/arm/core/aarch32/libarch__arm__core__aarch32.a(fatal.c.obj)
 .rodata.z_arm_fault.str1.1
                0x00000000100059f5       0x9f zephyr/arch/arch/arm/core/aarch32/cortex_m/libarch__arm__core__aarch32__cortex_m.a(fault.c.obj)
 .rodata.str1.1
                0x0000000010005a94        0x4 zephyr/soc/arm/rpi_pico/rp2/libsoc__arm__rpi_pico__rp2.a(soc.c.obj)
 .rodata.str1.1
                0x0000000010005a98        0xe zephyr/drivers/gpio/libdrivers__gpio.a(gpio_rpi_pico.c.obj)
 .rodata.z_log_msg_runtime_create.constprop.0.str1.1
                0x0000000010005aa6       0x29 zephyr/drivers/pwm/libdrivers__pwm.a(pwm_rpi_pico.c.obj)
 .rodata.str1.1
                0x0000000010005acf       0x1a zephyr/drivers/pwm/libdrivers__pwm.a(pwm_rpi_pico.c.obj)
 .rodata.str1.1
                0x0000000010005ae9       0x1a zephyr/drivers/reset/libdrivers__reset.a(reset_rpi_pico.c.obj)
 .rodata.CSWTCH.19
                0x0000000010005b03        0x3 zephyr/drivers/serial/libdrivers__serial.a(uart_rpi_pico.c.obj)
 .rodata.str1.1
                0x0000000010005b06        0xe zephyr/drivers/serial/libdrivers__serial.a(uart_rpi_pico.c.obj)
 .rodata.k_sys_fatal_error_handler.str1.1
                0x0000000010005b14        0xf zephyr/kernel/libkernel.a(fatal.c.obj)
 .rodata.z_fatal_error.str1.1
                0x0000000010005b23       0x77 zephyr/kernel/libkernel.a(fatal.c.obj)
 .rodata.str1.1
                0x0000000010005b9a       0x4a zephyr/kernel/libkernel.a(fatal.c.obj)
 .rodata.z_cstart.str1.1
                0x0000000010005be4        0x5 zephyr/kernel/libkernel.a(init.c.obj)
 .rodata.str1.1
                0x0000000010005be9        0x3 zephyr/kernel/libkernel.a(init.c.obj)
 .rodata.boot_banner.str1.1
                0x0000000010005bec       0x42 zephyr/kernel/libkernel.a(banner.c.obj)
 *(SORT_BY_ALIGNMENT(.gnu.linkonce.r.*))
                0x0000000010005c30                . = ALIGN (0x4)
 *fill*         0x0000000010005c2e        0x2 
                0x0000000010005c30                __rodata_region_end = .
                0x0000000010005c30                . = ALIGN (_region_min_align)
                0x0000000010005c30                __rom_region_end = ((__rom_region_start + .) - ADDR (rom_start))

/DISCARD/
 *(SORT_BY_ALIGNMENT(.got.plt))
 *(SORT_BY_ALIGNMENT(.igot.plt))
 *(SORT_BY_ALIGNMENT(.got))
 *(SORT_BY_ALIGNMENT(.igot))
                0x0000000020000000                . = 0x20000000
                0x0000000020000000                . = ALIGN (_region_min_align)
                0x0000000020000000                _image_ram_start = .

.ramfunc        0x0000000020000000        0x0 load address 0x0000000010005c30
                0x0000000020000000                . = ALIGN (_region_min_align)
                0x0000000020000000                __ramfunc_start = .
 *(SORT_BY_ALIGNMENT(.ramfunc))
 *(SORT_BY_ALIGNMENT(.ramfunc.*))
                0x0000000020000000                . = ALIGN (_region_min_align)
                0x0000000020000000                __ramfunc_end = .
                0x0000000000000000                __ramfunc_size = (__ramfunc_end - __ramfunc_start)
                0x0000000010005c30                __ramfunc_load_start = LOADADDR (.ramfunc)

datas           0x0000000020000000       0x2c load address 0x0000000010005c30
                0x0000000020000000                __data_region_start = .
                0x0000000020000000                __data_start = .
 *(SORT_BY_ALIGNMENT(.data))
 *(SORT_BY_ALIGNMENT(.data.*))
 .data._char_out
                0x0000000020000000        0x4 zephyr/libzephyr.a(printk.c.obj)
                0x0000000020000000                _char_out
 .data.timestamp_func
                0x0000000020000004        0x4 zephyr/libzephyr.a(log_core.c.obj)
 .data._stdout_hook
                0x0000000020000008        0x4 zephyr/lib/libc/minimal/liblib__libc__minimal.a(stdout_console.c.obj)
 .data.pwm_rpi_driver_api
                0x000000002000000c        0x8 zephyr/drivers/pwm/libdrivers__pwm.a(pwm_rpi_pico.c.obj)
                0x000000002000000c                pwm_rpi_driver_api
 .data.uart0_rpi_data
                0x0000000020000014       0x10 zephyr/drivers/serial/libdrivers__serial.a(uart_rpi_pico.c.obj)
 .data.timeout_list
                0x0000000020000024        0x8 zephyr/kernel/libkernel.a(timeout.c.obj)
 *(SORT_BY_ALIGNMENT(.kernel.*))
                0x000000002000002c                __data_end = .
                0x000000000000002c                __data_size = (__data_end - __data_start)
                0x0000000010005c30                __data_load_start = LOADADDR (datas)
                0x0000000010005c30                __data_region_load_start = LOADADDR (datas)

device_states   0x000000002000002c        0x8 load address 0x0000000010005c5c
                0x000000002000002c                __device_states_start = .
 *(SORT_BY_ALIGNMENT(.z_devstate))
 .z_devstate    0x000000002000002c        0x2 zephyr/drivers/gpio/libdrivers__gpio.a(gpio_rpi_pico.c.obj)
 .z_devstate    0x000000002000002e        0x2 zephyr/drivers/pwm/libdrivers__pwm.a(pwm_rpi_pico.c.obj)
 .z_devstate    0x0000000020000030        0x2 zephyr/drivers/reset/libdrivers__reset.a(reset_rpi_pico.c.obj)
 .z_devstate    0x0000000020000032        0x2 zephyr/drivers/serial/libdrivers__serial.a(uart_rpi_pico.c.obj)
 *(SORT_BY_ALIGNMENT(.z_devstate.*))
                0x0000000020000034                __device_states_end = .

initshell       0x0000000020000034        0x0 load address 0x0000000010005c64
                0x0000000020000034                __shell_module_start = .
 *(SORT_BY_ALIGNMENT(.shell_module_*))
                0x0000000020000034                __shell_module_end = .
                0x0000000020000034                __shell_cmd_start = .
 *(SORT_BY_ALIGNMENT(.shell_cmd_*))
                0x0000000020000034                __shell_cmd_end = .

log_mpsc_pbuf_area
                0x0000000020000034        0x0 load address 0x0000000010005c64
                0x0000000020000034                _log_mpsc_pbuf_list_start = .
 *(SORT_BY_NAME(SORT_BY_ALIGNMENT(._log_mpsc_pbuf.static.*)))
                0x0000000020000034                _log_mpsc_pbuf_list_end = .

log_msg_ptr_area
                0x0000000020000034        0x4 load address 0x0000000010005c64
                0x0000000020000034                _log_msg_ptr_list_start = .
 *(SORT_BY_NAME(SORT_BY_ALIGNMENT(._log_msg_ptr.static.*)))
 ._log_msg_ptr.static.log_msg_ptr
                0x0000000020000034        0x4 zephyr/libzephyr.a(log_core.c.obj)
                0x0000000020000038                _log_msg_ptr_list_end = .

log_dynamic_sections
                0x0000000020000038        0x0 load address 0x0000000010005c68
                0x0000000020000038                __log_dynamic_start = .
 *(SORT_BY_NAME(SORT_BY_ALIGNMENT(.log_dynamic_*)))
                0x0000000020000038                __log_dynamic_end = .

k_timer_area    0x0000000020000038        0x0 load address 0x0000000010005c68
                0x0000000020000038                _k_timer_list_start = .
 *(SORT_BY_NAME(SORT_BY_ALIGNMENT(._k_timer.static.*)))
                0x0000000020000038                _k_timer_list_end = .

k_mem_slab_area
                0x0000000020000038        0x0 load address 0x0000000010005c68
                0x0000000020000038                _k_mem_slab_list_start = .
 *(SORT_BY_NAME(SORT_BY_ALIGNMENT(._k_mem_slab.static.*)))
                0x0000000020000038                _k_mem_slab_list_end = .

k_heap_area     0x0000000020000038        0x0 load address 0x0000000010005c68
                0x0000000020000038                _k_heap_list_start = .
 *(SORT_BY_NAME(SORT_BY_ALIGNMENT(._k_heap.static.*)))
                0x0000000020000038                _k_heap_list_end = .

k_mutex_area    0x0000000020000038        0x0 load address 0x0000000010005c68
                0x0000000020000038                _k_mutex_list_start = .
 *(SORT_BY_NAME(SORT_BY_ALIGNMENT(._k_mutex.static.*)))
                0x0000000020000038                _k_mutex_list_end = .

k_stack_area    0x0000000020000038        0x0 load address 0x0000000010005c68
                0x0000000020000038                _k_stack_list_start = .
 *(SORT_BY_NAME(SORT_BY_ALIGNMENT(._k_stack.static.*)))
                0x0000000020000038                _k_stack_list_end = .

k_msgq_area     0x0000000020000038        0x0 load address 0x0000000010005c68
                0x0000000020000038                _k_msgq_list_start = .
 *(SORT_BY_NAME(SORT_BY_ALIGNMENT(._k_msgq.static.*)))
                0x0000000020000038                _k_msgq_list_end = .

k_mbox_area     0x0000000020000038        0x0 load address 0x0000000010005c68
                0x0000000020000038                _k_mbox_list_start = .
 *(SORT_BY_NAME(SORT_BY_ALIGNMENT(._k_mbox.static.*)))
                0x0000000020000038                _k_mbox_list_end = .

k_pipe_area     0x0000000020000038        0x0 load address 0x0000000010005c68
                0x0000000020000038                _k_pipe_list_start = .
 *(SORT_BY_NAME(SORT_BY_ALIGNMENT(._k_pipe.static.*)))
                0x0000000020000038                _k_pipe_list_end = .

k_sem_area      0x0000000020000038        0x0 load address 0x0000000010005c68
                0x0000000020000038                _k_sem_list_start = .
 *(SORT_BY_NAME(SORT_BY_ALIGNMENT(._k_sem.static.*)))
                0x0000000020000038                _k_sem_list_end = .

k_event_area    0x0000000020000038        0x0 load address 0x0000000010005c68
                0x0000000020000038                _k_event_list_start = .
 *(SORT_BY_NAME(SORT_BY_ALIGNMENT(._k_event.static.*)))
                0x0000000020000038                _k_event_list_end = .

k_queue_area    0x0000000020000038        0x0 load address 0x0000000010005c68
                0x0000000020000038                _k_queue_list_start = .
 *(SORT_BY_NAME(SORT_BY_ALIGNMENT(._k_queue.static.*)))
                0x0000000020000038                _k_queue_list_end = .

k_condvar_area  0x0000000020000038        0x0 load address 0x0000000010005c68
                0x0000000020000038                _k_condvar_list_start = .
 *(SORT_BY_NAME(SORT_BY_ALIGNMENT(._k_condvar.static.*)))
                0x0000000020000038                _k_condvar_list_end = .

_net_buf_pool_area
                0x0000000020000038        0x0 load address 0x0000000010005c68
                0x0000000020000038                _net_buf_pool_list = .
 *(SORT_BY_NAME(SORT_BY_ALIGNMENT(._net_buf_pool.static.*)))
                0x0000000020000038                __data_region_end = .

bss             0x0000000020000038      0x1b5
                0x0000000020000038                . = ALIGN (0x4)
                0x0000000020000038                __bss_start = .
                0x0000000020000038                __kernel_ram_start = .
 *(SORT_BY_ALIGNMENT(.bss))
 *(SORT_BY_ALIGNMENT(.bss.*))
 .bss.z_idle_threads
                0x0000000020000038       0x70 zephyr/kernel/libkernel.a(init.c.obj)
                0x0000000020000038                z_idle_threads
 .bss.z_main_thread
                0x00000000200000a8       0x70 zephyr/kernel/libkernel.a(init.c.obj)
                0x00000000200000a8                z_main_thread
 .bss.slice_timeouts
                0x0000000020000118       0x18 zephyr/kernel/libkernel.a(sched.c.obj)
                0x0000000020000118                slice_timeouts
 .bss.curr_tick
                0x0000000020000130        0x8 zephyr/kernel/libkernel.a(timeout.c.obj)
 .bss.dropped_cnt
                0x0000000020000138        0x4 zephyr/libzephyr.a(log_core.c.obj)
 .bss.buffered_cnt
                0x000000002000013c        0x4 zephyr/libzephyr.a(log_core.c.obj)
 .bss.initialized
                0x0000000020000140        0x4 zephyr/libzephyr.a(log_core.c.obj)
 .bss.timestamp_div
                0x0000000020000144        0x4 zephyr/libzephyr.a(log_output.c.obj)
 .bss.freq      0x0000000020000148        0x4 zephyr/libzephyr.a(log_output.c.obj)
 .bss.backend_cb_log_backend_uart
                0x000000002000014c        0x8 zephyr/libzephyr.a(log_backend_uart.c.obj)
 .bss.log_output_uart_control_block
                0x0000000020000154        0xc zephyr/libzephyr.a(log_backend_uart.c.obj)
 .bss.log_format_current
                0x0000000020000160        0x4 zephyr/libzephyr.a(log_backend_uart.c.obj)
 .bss.gpio_rpi_0_data
                0x0000000020000164       0x18 zephyr/drivers/gpio/libdrivers__gpio.a(gpio_rpi_pico.c.obj)
 .bss.overflow_cyc
                0x000000002000017c        0x4 zephyr/drivers/timer/libdrivers__timer.a(cortex_m_systick.c.obj)
 .bss.announced_cycles
                0x0000000020000180        0x4 zephyr/drivers/timer/libdrivers__timer.a(cortex_m_systick.c.obj)
 .bss.cycle_count
                0x0000000020000184        0x4 zephyr/drivers/timer/libdrivers__timer.a(cortex_m_systick.c.obj)
 .bss.last_load
                0x0000000020000188        0x4 zephyr/drivers/timer/libdrivers__timer.a(cortex_m_systick.c.obj)
 .bss.configured_freq
                0x000000002000018c       0x28 modules/hal_rpi_pico/libmodules__hal_rpi_pico.a(clocks.c.obj)
 .bss._kernel   0x00000000200001b4       0x20 zephyr/kernel/libkernel.a(init.c.obj)
                0x00000000200001b4                _kernel
 .bss.pending_current
                0x00000000200001d4        0x4 zephyr/kernel/libkernel.a(sched.c.obj)
 .bss.slice_max_prio
                0x00000000200001d8        0x4 zephyr/kernel/libkernel.a(sched.c.obj)
 .bss.slice_ticks
                0x00000000200001dc        0x4 zephyr/kernel/libkernel.a(sched.c.obj)
 .bss.announce_remaining
                0x00000000200001e0        0x4 zephyr/kernel/libkernel.a(timeout.c.obj)
 .bss.uart_char_to_line_feed
                0x00000000200001e4        0x4 modules/hal_rpi_pico/libmodules__hal_rpi_pico.a(uart.c.obj)
                0x00000000200001e4                uart_char_to_line_feed
 .bss.panic_mode
                0x00000000200001e8        0x1 zephyr/libzephyr.a(log_core.c.obj)
 .bss.uart_output_buf
                0x00000000200001e9        0x1 zephyr/libzephyr.a(log_backend_uart.c.obj)
 .bss.in_panic  0x00000000200001ea        0x1 zephyr/libzephyr.a(log_backend_uart.c.obj)
 .bss.z_sys_post_kernel
                0x00000000200001eb        0x1 zephyr/kernel/libkernel.a(init.c.obj)
                0x00000000200001eb                z_sys_post_kernel
 .bss.slice_expired
                0x00000000200001ec        0x1 zephyr/kernel/libkernel.a(sched.c.obj)
                0x00000000200001ec                slice_expired
 .bss.sched_spinlock
                0x00000000200001ed        0x0 zephyr/kernel/libkernel.a(sched.c.obj)
                0x00000000200001ed                sched_spinlock
 *(SORT_BY_ALIGNMENT(COMMON))
 *(SORT_BY_ALIGNMENT(.kernel_bss.*))
                0x00000000200001f0                __bss_end = ALIGN (0x4)

noinit          0x00000000200001f0      0xd00
 *(SORT_BY_ALIGNMENT(.noinit))
 *(SORT_BY_ALIGNMENT(.noinit.*))
 .noinit."WEST_TOPDIR/zephyr/kernel/init.c".2
                0x00000000200001f0      0x800 zephyr/kernel/libkernel.a(init.c.obj)
                0x00000000200001f0                z_interrupt_stacks
 .noinit."WEST_TOPDIR/zephyr/kernel/init.c".1
                0x00000000200009f0      0x100 zephyr/kernel/libkernel.a(init.c.obj)
 .noinit."WEST_TOPDIR/zephyr/kernel/init.c".0
                0x0000000020000af0      0x400 zephyr/kernel/libkernel.a(init.c.obj)
                0x0000000020000af0                z_main_stack
 *(SORT_BY_ALIGNMENT(.kernel_noinit.*))
                0x0000000020000ef0                _image_ram_end = .
                0x0000000020000ef0                _end = .
                0x0000000020042000                __kernel_ram_end = 0x20042000
                0x0000000000041fc8                __kernel_ram_size = (__kernel_ram_end - __kernel_ram_start)

.intList        0x00000000fffff800       0x28
 *(SORT_BY_ALIGNMENT(.irq_info*))
 .irq_info      0x00000000fffff800        0x8 zephyr/arch/common/libisr_tables.a(isr_tables.c.obj)
                0x00000000fffff800                _iheader
 *(SORT_BY_ALIGNMENT(.intList*))
 .intList       0x00000000fffff808       0x10 zephyr/drivers/gpio/libdrivers__gpio.a(gpio_rpi_pico.c.obj)
 .intList       0x00000000fffff818       0x10 zephyr/drivers/serial/libdrivers__serial.a(uart_rpi_pico.c.obj)

.stab
 *(SORT_BY_ALIGNMENT(.stab))

.stabstr
 *(SORT_BY_ALIGNMENT(.stabstr))

.stab.excl
 *(SORT_BY_ALIGNMENT(.stab.excl))

.stab.exclstr
 *(SORT_BY_ALIGNMENT(.stab.exclstr))

.stab.index
 *(SORT_BY_ALIGNMENT(.stab.index))

.stab.indexstr
 *(SORT_BY_ALIGNMENT(.stab.indexstr))

.gnu.build.attributes
 *(SORT_BY_ALIGNMENT(.gnu.build.attributes) SORT_BY_ALIGNMENT(.gnu.build.attributes.*))

.comment        0x0000000000000000       0x20
 *(SORT_BY_ALIGNMENT(.comment))
 .comment       0x0000000000000000       0x20 zephyr/CMakeFiles/zephyr_pre1.dir/dev_handles.c.obj
                                         0x21 (size before relaxing)
 .comment       0x0000000000000020       0x21 zephyr/CMakeFiles/offsets.dir/./arch/arm/core/offsets/offsets.c.obj
 .comment       0x0000000000000020       0x21 app/libapp.a(main.c.obj)
 .comment       0x0000000000000020       0x21 zephyr/libzephyr.a(cbprintf_packaged.c.obj)
 .comment       0x0000000000000020       0x21 zephyr/libzephyr.a(printk.c.obj)
 .comment       0x0000000000000020       0x21 zephyr/libzephyr.a(thread_entry.c.obj)
 .comment       0x0000000000000020       0x21 zephyr/libzephyr.a(cbprintf_complete.c.obj)
 .comment       0x0000000000000020       0x21 zephyr/libzephyr.a(configs.c.obj)
 .comment       0x0000000000000020       0x21 zephyr/libzephyr.a(log_core.c.obj)
 .comment       0x0000000000000020       0x21 zephyr/libzephyr.a(log_mgmt.c.obj)
 .comment       0x0000000000000020       0x21 zephyr/libzephyr.a(log_msg.c.obj)
 .comment       0x0000000000000020       0x21 zephyr/libzephyr.a(log_output.c.obj)
 .comment       0x0000000000000020       0x21 zephyr/libzephyr.a(log_backend_uart.c.obj)
 .comment       0x0000000000000020       0x21 zephyr/arch/arch/arm/core/aarch32/libarch__arm__core__aarch32.a(fatal.c.obj)
 .comment       0x0000000000000020       0x21 zephyr/arch/arch/arm/core/aarch32/libarch__arm__core__aarch32.a(irq_manage.c.obj)
 .comment       0x0000000000000020       0x21 zephyr/arch/arch/arm/core/aarch32/libarch__arm__core__aarch32.a(nmi.c.obj)
 .comment       0x0000000000000020       0x21 zephyr/arch/arch/arm/core/aarch32/libarch__arm__core__aarch32.a(prep_c.c.obj)
 .comment       0x0000000000000020       0x21 zephyr/arch/arch/arm/core/aarch32/libarch__arm__core__aarch32.a(swap.c.obj)
 .comment       0x0000000000000020       0x21 zephyr/arch/arch/arm/core/aarch32/libarch__arm__core__aarch32.a(thread.c.obj)
 .comment       0x0000000000000020       0x21 zephyr/arch/arch/arm/core/aarch32/cortex_m/libarch__arm__core__aarch32__cortex_m.a(fault.c.obj)
 .comment       0x0000000000000020       0x21 zephyr/arch/arch/arm/core/aarch32/cortex_m/libarch__arm__core__aarch32__cortex_m.a(irq_init.c.obj)
 .comment       0x0000000000000020       0x21 zephyr/arch/arch/arm/core/aarch32/cortex_m/libarch__arm__core__aarch32__cortex_m.a(thread_abort.c.obj)
 .comment       0x0000000000000020       0x21 zephyr/lib/libc/minimal/liblib__libc__minimal.a(string.c.obj)
 .comment       0x0000000000000020       0x21 zephyr/lib/libc/minimal/liblib__libc__minimal.a(stdout_console.c.obj)
 .comment       0x0000000000000020       0x21 zephyr/soc/arm/rpi_pico/rp2/libsoc__arm__rpi_pico__rp2.a(soc.c.obj)
 .comment       0x0000000000000020       0x21 zephyr/drivers/console/libdrivers__console.a(uart_console.c.obj)
 .comment       0x0000000000000020       0x21 zephyr/drivers/gpio/libdrivers__gpio.a(gpio_rpi_pico.c.obj)
 .comment       0x0000000000000020       0x21 zephyr/drivers/pinctrl/libdrivers__pinctrl.a(common.c.obj)
 .comment       0x0000000000000020       0x21 zephyr/drivers/pinctrl/libdrivers__pinctrl.a(pinctrl_rpi_pico.c.obj)
 .comment       0x0000000000000020       0x21 zephyr/drivers/pwm/libdrivers__pwm.a(pwm_rpi_pico.c.obj)
 .comment       0x0000000000000020       0x21 zephyr/drivers/reset/libdrivers__reset.a(reset_rpi_pico.c.obj)
 .comment       0x0000000000000020       0x21 zephyr/drivers/serial/libdrivers__serial.a(uart_rpi_pico.c.obj)
 .comment       0x0000000000000020       0x21 zephyr/drivers/timer/libdrivers__timer.a(cortex_m_systick.c.obj)
 .comment       0x0000000000000020       0x21 modules/hal_rpi_pico/libmodules__hal_rpi_pico.a(clocks.c.obj)
 .comment       0x0000000000000020       0x21 modules/hal_rpi_pico/libmodules__hal_rpi_pico.a(pll.c.obj)
 .comment       0x0000000000000020       0x21 modules/hal_rpi_pico/libmodules__hal_rpi_pico.a(xosc.c.obj)
 .comment       0x0000000000000020       0x21 modules/hal_rpi_pico/libmodules__hal_rpi_pico.a(watchdog.c.obj)
 .comment       0x0000000000000020       0x21 modules/hal_rpi_pico/libmodules__hal_rpi_pico.a(platform.c.obj)
 .comment       0x0000000000000020       0x21 modules/hal_rpi_pico/libmodules__hal_rpi_pico.a(gpio.c.obj)
 .comment       0x0000000000000020       0x21 modules/hal_rpi_pico/libmodules__hal_rpi_pico.a(uart.c.obj)
 .comment       0x0000000000000020       0x21 zephyr/kernel/libkernel.a(device.c.obj)
 .comment       0x0000000000000020       0x21 zephyr/kernel/libkernel.a(errno.c.obj)
 .comment       0x0000000000000020       0x21 zephyr/kernel/libkernel.a(fatal.c.obj)
 .comment       0x0000000000000020       0x21 zephyr/kernel/libkernel.a(init.c.obj)
 .comment       0x0000000000000020       0x21 zephyr/kernel/libkernel.a(thread.c.obj)
 .comment       0x0000000000000020       0x21 zephyr/kernel/libkernel.a(idle.c.obj)
 .comment       0x0000000000000020       0x21 zephyr/kernel/libkernel.a(sched.c.obj)
 .comment       0x0000000000000020       0x21 zephyr/kernel/libkernel.a(xip.c.obj)
 .comment       0x0000000000000020       0x21 zephyr/kernel/libkernel.a(timeout.c.obj)
 .comment       0x0000000000000020       0x21 zephyr/kernel/libkernel.a(atomic_c.c.obj)
 .comment       0x0000000000000020       0x21 zephyr/kernel/libkernel.a(banner.c.obj)
 .comment       0x0000000000000020       0x21 zephyr/arch/common/libisr_tables.a(isr_tables.c.obj)

.debug
 *(SORT_BY_ALIGNMENT(.debug))

.line
 *(SORT_BY_ALIGNMENT(.line))

.debug_srcinfo
 *(SORT_BY_ALIGNMENT(.debug_srcinfo))

.debug_sfnames
 *(SORT_BY_ALIGNMENT(.debug_sfnames))

.debug_aranges  0x0000000000000000     0x1248
 *(SORT_BY_ALIGNMENT(.debug_aranges))
 .debug_aranges
                0x0000000000000000       0x30 zephyr/arch/arch/arm/core/aarch32/libarch__arm__core__aarch32.a(cpu_idle.S.obj)
 .debug_aranges
                0x0000000000000030       0x20 zephyr/arch/arch/arm/core/aarch32/libarch__arm__core__aarch32.a(nmi_on_reset.S.obj)
 .debug_aranges
                0x0000000000000050       0x28 zephyr/arch/arch/arm/core/aarch32/libarch__arm__core__aarch32.a(swap_helper.S.obj)
 .debug_aranges
                0x0000000000000078       0x20 zephyr/arch/arch/arm/core/aarch32/libarch__arm__core__aarch32.a(isr_wrapper.S.obj)
 .debug_aranges
                0x0000000000000098       0x20 zephyr/arch/arch/arm/core/aarch32/cortex_m/libarch__arm__core__aarch32__cortex_m.a(exc_exit.S.obj)
 .debug_aranges
                0x00000000000000b8       0x20 zephyr/arch/arch/arm/core/aarch32/cortex_m/libarch__arm__core__aarch32__cortex_m.a(fault_s.S.obj)
 .debug_aranges
                0x00000000000000d8       0x20 zephyr/arch/arch/arm/core/aarch32/cortex_m/libarch__arm__core__aarch32__cortex_m.a(reset.S.obj)
 .debug_aranges
                0x00000000000000f8       0x18 zephyr/CMakeFiles/zephyr_pre1.dir/dev_handles.c.obj
 .debug_aranges
                0x0000000000000110       0x20 zephyr/CMakeFiles/offsets.dir/./arch/arm/core/offsets/offsets.c.obj
 .debug_aranges
                0x0000000000000130       0x28 app/libapp.a(main.c.obj)
 .debug_aranges
                0x0000000000000158       0x48 zephyr/libzephyr.a(cbprintf_packaged.c.obj)
 .debug_aranges
                0x00000000000001a0       0x60 zephyr/libzephyr.a(printk.c.obj)
 .debug_aranges
                0x0000000000000200       0x20 zephyr/libzephyr.a(thread_entry.c.obj)
 .debug_aranges
                0x0000000000000220       0x30 zephyr/libzephyr.a(cbprintf_complete.c.obj)
 .debug_aranges
                0x0000000000000250       0x20 zephyr/libzephyr.a(configs.c.obj)
 .debug_aranges
                0x0000000000000270      0x150 zephyr/libzephyr.a(log_core.c.obj)
 .debug_aranges
                0x00000000000003c0       0xa8 zephyr/libzephyr.a(log_mgmt.c.obj)
 .debug_aranges
                0x0000000000000468       0x40 zephyr/libzephyr.a(log_msg.c.obj)
 .debug_aranges
                0x00000000000004a8       0x78 zephyr/libzephyr.a(log_output.c.obj)
 .debug_aranges
                0x0000000000000520       0x40 zephyr/libzephyr.a(log_backend_uart.c.obj)
 .debug_aranges
                0x0000000000000560       0x38 zephyr/arch/arch/arm/core/aarch32/libarch__arm__core__aarch32.a(fatal.c.obj)
 .debug_aranges
                0x0000000000000598       0x40 zephyr/arch/arch/arm/core/aarch32/libarch__arm__core__aarch32.a(irq_manage.c.obj)
 .debug_aranges
                0x00000000000005d8       0x20 zephyr/arch/arch/arm/core/aarch32/libarch__arm__core__aarch32.a(nmi.c.obj)
 .debug_aranges
                0x00000000000005f8       0x20 zephyr/arch/arch/arm/core/aarch32/libarch__arm__core__aarch32.a(prep_c.c.obj)
 .debug_aranges
                0x0000000000000618       0x20 zephyr/arch/arch/arm/core/aarch32/libarch__arm__core__aarch32.a(swap.c.obj)
 .debug_aranges
                0x0000000000000638       0x28 zephyr/arch/arch/arm/core/aarch32/libarch__arm__core__aarch32.a(thread.c.obj)
 .debug_aranges
                0x0000000000000660       0x30 zephyr/arch/arch/arm/core/aarch32/cortex_m/libarch__arm__core__aarch32__cortex_m.a(fault.c.obj)
 .debug_aranges
                0x0000000000000690       0x20 zephyr/arch/arch/arm/core/aarch32/cortex_m/libarch__arm__core__aarch32__cortex_m.a(irq_init.c.obj)
 .debug_aranges
                0x00000000000006b0       0x20 zephyr/arch/arch/arm/core/aarch32/cortex_m/libarch__arm__core__aarch32__cortex_m.a(thread_abort.c.obj)
 .debug_aranges
                0x00000000000006d0       0x98 zephyr/lib/libc/minimal/liblib__libc__minimal.a(string.c.obj)
 .debug_aranges
                0x0000000000000768       0x58 zephyr/lib/libc/minimal/liblib__libc__minimal.a(stdout_console.c.obj)
 .debug_aranges
                0x00000000000007c0       0x20 zephyr/soc/arm/rpi_pico/rp2/libsoc__arm__rpi_pico__rp2.a(soc.c.obj)
 .debug_aranges
                0x00000000000007e0       0x30 zephyr/drivers/console/libdrivers__console.a(uart_console.c.obj)
 .debug_aranges
                0x0000000000000810       0x70 zephyr/drivers/gpio/libdrivers__gpio.a(gpio_rpi_pico.c.obj)
 .debug_aranges
                0x0000000000000880       0x20 zephyr/drivers/pinctrl/libdrivers__pinctrl.a(common.c.obj)
 .debug_aranges
                0x00000000000008a0       0x20 zephyr/drivers/pinctrl/libdrivers__pinctrl.a(pinctrl_rpi_pico.c.obj)
 .debug_aranges
                0x00000000000008c0       0x38 zephyr/drivers/pwm/libdrivers__pwm.a(pwm_rpi_pico.c.obj)
 .debug_aranges
                0x00000000000008f8       0x50 zephyr/drivers/reset/libdrivers__reset.a(reset_rpi_pico.c.obj)
 .debug_aranges
                0x0000000000000948       0xd0 zephyr/drivers/serial/libdrivers__serial.a(uart_rpi_pico.c.obj)
 .debug_aranges
                0x0000000000000a18       0x58 zephyr/drivers/timer/libdrivers__timer.a(cortex_m_systick.c.obj)
 .debug_aranges
                0x0000000000000a70       0x68 modules/hal_rpi_pico/libmodules__hal_rpi_pico.a(clocks.c.obj)
 .debug_aranges
                0x0000000000000ad8       0x28 modules/hal_rpi_pico/libmodules__hal_rpi_pico.a(pll.c.obj)
 .debug_aranges
                0x0000000000000b00       0x30 modules/hal_rpi_pico/libmodules__hal_rpi_pico.a(xosc.c.obj)
 .debug_aranges
                0x0000000000000b30       0x58 modules/hal_rpi_pico/libmodules__hal_rpi_pico.a(watchdog.c.obj)
 .debug_aranges
                0x0000000000000b88       0x28 modules/hal_rpi_pico/libmodules__hal_rpi_pico.a(platform.c.obj)
 .debug_aranges
                0x0000000000000bb0       0xf8 modules/hal_rpi_pico/libmodules__hal_rpi_pico.a(gpio.c.obj)
 .debug_aranges
                0x0000000000000ca8       0x40 modules/hal_rpi_pico/libmodules__hal_rpi_pico.a(uart.c.obj)
 .debug_aranges
                0x0000000000000ce8       0x50 zephyr/kernel/libkernel.a(device.c.obj)
 .debug_aranges
                0x0000000000000d38       0x20 zephyr/kernel/libkernel.a(errno.c.obj)
 .debug_aranges
                0x0000000000000d58       0x68 zephyr/kernel/libkernel.a(fatal.c.obj)
 .debug_aranges
                0x0000000000000dc0       0x50 zephyr/kernel/libkernel.a(init.c.obj)
 .debug_aranges
                0x0000000000000e10       0xb8 zephyr/kernel/libkernel.a(thread.c.obj)
 .debug_aranges
                0x0000000000000ec8       0x28 zephyr/kernel/libkernel.a(idle.c.obj)
 .debug_aranges
                0x0000000000000ef0      0x1f8 zephyr/kernel/libkernel.a(sched.c.obj)
 .debug_aranges
                0x00000000000010e8       0x20 zephyr/kernel/libkernel.a(xip.c.obj)
 .debug_aranges
                0x0000000000001108       0x90 zephyr/kernel/libkernel.a(timeout.c.obj)
 .debug_aranges
                0x0000000000001198       0x78 zephyr/kernel/libkernel.a(atomic_c.c.obj)
 .debug_aranges
                0x0000000000001210       0x20 zephyr/kernel/libkernel.a(banner.c.obj)
 .debug_aranges
                0x0000000000001230       0x18 zephyr/arch/common/libisr_tables.a(isr_tables.c.obj)

.debug_pubnames
 *(SORT_BY_ALIGNMENT(.debug_pubnames))

.debug_info     0x0000000000000000    0x29951
 *(SORT_BY_ALIGNMENT(.debug_info) SORT_BY_ALIGNMENT(.gnu.linkonce.wi.*))
 .debug_info    0x0000000000000000      0x121 zephyr/CMakeFiles/zephyr_pre1.dir/dev_handles.c.obj
 .debug_info    0x0000000000000121       0xd0 zephyr/CMakeFiles/offsets.dir/./arch/arm/core/offsets/offsets.c.obj
 .debug_info    0x00000000000001f1      0xa9c app/libapp.a(main.c.obj)
 .debug_info    0x0000000000000c8d     0x179a zephyr/libzephyr.a(cbprintf_packaged.c.obj)
 .debug_info    0x0000000000002427      0x610 zephyr/libzephyr.a(printk.c.obj)
 .debug_info    0x0000000000002a37      0x5d2 zephyr/libzephyr.a(thread_entry.c.obj)
 .debug_info    0x0000000000003009     0x1081 zephyr/libzephyr.a(cbprintf_complete.c.obj)
 .debug_info    0x000000000000408a       0x38 zephyr/libzephyr.a(configs.c.obj)
 .debug_info    0x00000000000040c2     0x2f9c zephyr/libzephyr.a(log_core.c.obj)
 .debug_info    0x000000000000705e     0x1fca zephyr/libzephyr.a(log_mgmt.c.obj)
 .debug_info    0x0000000000009028      0xf13 zephyr/libzephyr.a(log_msg.c.obj)
 .debug_info    0x0000000000009f3b     0x1c3c zephyr/libzephyr.a(log_output.c.obj)
 .debug_info    0x000000000000bb77     0x1028 zephyr/libzephyr.a(log_backend_uart.c.obj)
 .debug_info    0x000000000000cb9f       0x22 zephyr/arch/arch/arm/core/aarch32/libarch__arm__core__aarch32.a(cpu_idle.S.obj)
 .debug_info    0x000000000000cbc1      0xae7 zephyr/arch/arch/arm/core/aarch32/libarch__arm__core__aarch32.a(fatal.c.obj)
 .debug_info    0x000000000000d6a8      0x666 zephyr/arch/arch/arm/core/aarch32/libarch__arm__core__aarch32.a(irq_manage.c.obj)
 .debug_info    0x000000000000dd0e       0xb6 zephyr/arch/arch/arm/core/aarch32/libarch__arm__core__aarch32.a(nmi.c.obj)
 .debug_info    0x000000000000ddc4       0x23 zephyr/arch/arch/arm/core/aarch32/libarch__arm__core__aarch32.a(nmi_on_reset.S.obj)
 .debug_info    0x000000000000dde7      0x21f zephyr/arch/arch/arm/core/aarch32/libarch__arm__core__aarch32.a(prep_c.c.obj)
 .debug_info    0x000000000000e006      0x663 zephyr/arch/arch/arm/core/aarch32/libarch__arm__core__aarch32.a(swap.c.obj)
 .debug_info    0x000000000000e669       0x22 zephyr/arch/arch/arm/core/aarch32/libarch__arm__core__aarch32.a(swap_helper.S.obj)
 .debug_info    0x000000000000e68b      0x7cc zephyr/arch/arch/arm/core/aarch32/libarch__arm__core__aarch32.a(thread.c.obj)
 .debug_info    0x000000000000ee57       0x23 zephyr/arch/arch/arm/core/aarch32/libarch__arm__core__aarch32.a(isr_wrapper.S.obj)
 .debug_info    0x000000000000ee7a       0x23 zephyr/arch/arch/arm/core/aarch32/cortex_m/libarch__arm__core__aarch32__cortex_m.a(exc_exit.S.obj)
 .debug_info    0x000000000000ee9d      0xec4 zephyr/arch/arch/arm/core/aarch32/cortex_m/libarch__arm__core__aarch32__cortex_m.a(fault.c.obj)
 .debug_info    0x000000000000fd61       0x23 zephyr/arch/arch/arm/core/aarch32/cortex_m/libarch__arm__core__aarch32__cortex_m.a(fault_s.S.obj)