Archive member included to satisfy reference by file (symbol)

app/libapp.a(main.c.obj)      (--whole-archive)
zephyr/libzephyr.a(cbprintf_packaged.c.obj)
                              (--whole-archive)
zephyr/libzephyr.a(dec.c.obj)
                              (--whole-archive)
zephyr/libzephyr.a(fdtable.c.obj)
                              (--whole-archive)
zephyr/libzephyr.a(hex.c.obj)
                              (--whole-archive)
zephyr/libzephyr.a(printk.c.obj)
                              (--whole-archive)
zephyr/libzephyr.a(rb.c.obj)  (--whole-archive)
zephyr/libzephyr.a(sem.c.obj)
                              (--whole-archive)
zephyr/libzephyr.a(thread_entry.c.obj)
                              (--whole-archive)
zephyr/libzephyr.a(timeutil.c.obj)
                              (--whole-archive)
zephyr/libzephyr.a(heap.c.obj)
                              (--whole-archive)
zephyr/libzephyr.a(heap-validate.c.obj)
                              (--whole-archive)
zephyr/libzephyr.a(bitarray.c.obj)
                              (--whole-archive)
zephyr/libzephyr.a(multi_heap.c.obj)
                              (--whole-archive)
zephyr/libzephyr.a(crc32c_sw.c.obj)
                              (--whole-archive)
zephyr/libzephyr.a(crc32_sw.c.obj)
                              (--whole-archive)
zephyr/libzephyr.a(crc16_sw.c.obj)
                              (--whole-archive)
zephyr/libzephyr.a(crc8_sw.c.obj)
                              (--whole-archive)
zephyr/libzephyr.a(crc7_sw.c.obj)
                              (--whole-archive)
zephyr/libzephyr.a(cbprintf_complete.c.obj)
                              (--whole-archive)
zephyr/libzephyr.a(cbprintf.c.obj)
                              (--whole-archive)
zephyr/libzephyr.a(assert.c.obj)
                              (--whole-archive)
zephyr/libzephyr.a(configs.c.obj)
                              (--whole-archive)
zephyr/libzephyr.a(log_core.c.obj)
                              (--whole-archive)
zephyr/libzephyr.a(log_mgmt.c.obj)
                              (--whole-archive)
zephyr/libzephyr.a(log_cache.c.obj)
                              (--whole-archive)
zephyr/libzephyr.a(log_msg.c.obj)
                              (--whole-archive)
zephyr/libzephyr.a(log_output.c.obj)
                              (--whole-archive)
zephyr/libzephyr.a(log_backend_uart.c.obj)
                              (--whole-archive)
zephyr/libzephyr.a(tracing_none.c.obj)
                              (--whole-archive)
zephyr/arch/common/libarch__common.a(sw_isr_common.c.obj)
                              (--whole-archive)
zephyr/arch/arch/arm/core/aarch32/libarch__arm__core__aarch32.a(cpu_idle.S.obj)
                              (--whole-archive)
zephyr/arch/arch/arm/core/aarch32/libarch__arm__core__aarch32.a(fatal.c.obj)
                              (--whole-archive)
zephyr/arch/arch/arm/core/aarch32/libarch__arm__core__aarch32.a(irq_manage.c.obj)
                              (--whole-archive)
zephyr/arch/arch/arm/core/aarch32/libarch__arm__core__aarch32.a(nmi.c.obj)
                              (--whole-archive)
zephyr/arch/arch/arm/core/aarch32/libarch__arm__core__aarch32.a(nmi_on_reset.S.obj)
                              (--whole-archive)
zephyr/arch/arch/arm/core/aarch32/libarch__arm__core__aarch32.a(prep_c.c.obj)
                              (--whole-archive)
zephyr/arch/arch/arm/core/aarch32/libarch__arm__core__aarch32.a(swap.c.obj)
                              (--whole-archive)
zephyr/arch/arch/arm/core/aarch32/libarch__arm__core__aarch32.a(swap_helper.S.obj)
                              (--whole-archive)
zephyr/arch/arch/arm/core/aarch32/libarch__arm__core__aarch32.a(thread.c.obj)
                              (--whole-archive)
zephyr/arch/arch/arm/core/aarch32/libarch__arm__core__aarch32.a(isr_wrapper.S.obj)
                              (--whole-archive)
zephyr/arch/arch/arm/core/aarch32/cortex_m/libarch__arm__core__aarch32__cortex_m.a(exc_exit.S.obj)
                              (--whole-archive)
zephyr/arch/arch/arm/core/aarch32/cortex_m/libarch__arm__core__aarch32__cortex_m.a(fault.c.obj)
                              (--whole-archive)
zephyr/arch/arch/arm/core/aarch32/cortex_m/libarch__arm__core__aarch32__cortex_m.a(fault_s.S.obj)
                              (--whole-archive)
zephyr/arch/arch/arm/core/aarch32/cortex_m/libarch__arm__core__aarch32__cortex_m.a(fpu.c.obj)
                              (--whole-archive)
zephyr/arch/arch/arm/core/aarch32/cortex_m/libarch__arm__core__aarch32__cortex_m.a(irq_init.c.obj)
                              (--whole-archive)
zephyr/arch/arch/arm/core/aarch32/cortex_m/libarch__arm__core__aarch32__cortex_m.a(reset.S.obj)
                              (--whole-archive)
zephyr/arch/arch/arm/core/aarch32/cortex_m/libarch__arm__core__aarch32__cortex_m.a(scb.c.obj)
                              (--whole-archive)
zephyr/arch/arch/arm/core/aarch32/cortex_m/libarch__arm__core__aarch32__cortex_m.a(thread_abort.c.obj)
[...]
Memory Configuration

Name             Origin             Length             Attributes
BOOT_FLASH       0x0000000010000000 0x0000000000000100 r
FLASH            0x0000000010000100 0x00000000001fff00 xr
RAM              0x0000000020000000 0x0000000000042000 xw
IDT_LIST         0x00000000fffff7ff 0x0000000000000800 xw
*default*        0x0000000000000000 0xffffffffffffffff

Linker script and memory map

LOAD zephyr/CMakeFiles/zephyr_final.dir/misc/empty_file.c.obj
LOAD zephyr/CMakeFiles/zephyr_final.dir/dev_handles.c.obj
LOAD zephyr/CMakeFiles/zephyr_final.dir/isr_tables.c.obj
LOAD zephyr/CMakeFiles/offsets.dir/./arch/arm/core/offsets/offsets.c.obj

.boot2          0x0000000010000000      0x100
 *(SORT_BY_ALIGNMENT(.boot2))
 .boot2         0x0000000010000000      0x100 modules/hal_rpi_pico/libmodules__hal_rpi_pico.a(boot_stage2.S.obj)
                0x0000000000000004                _region_min_align = 0x4

.rel.plt        0x0000000010000100        0x0
 *(SORT_BY_ALIGNMENT(.rel.plt))
                [!provide]                        PROVIDE (__rel_iplt_start = .)
 *(SORT_BY_ALIGNMENT(.rel.iplt))
 .rel.iplt      0x0000000010000100        0x0 zephyr/CMakeFiles/zephyr_final.dir/isr_tables.c.obj
                [!provide]                        PROVIDE (__rel_iplt_end = .)

.rela.plt       0x0000000010000100        0x0
 *(SORT_BY_ALIGNMENT(.rela.plt))
                [!provide]                        PROVIDE (__rela_iplt_start = .)
 *(SORT_BY_ALIGNMENT(.rela.iplt))
                [!provide]                        PROVIDE (__rela_iplt_end = .)

.rel.dyn
 *(SORT_BY_ALIGNMENT(.rel.*))

.rela.dyn
 *(SORT_BY_ALIGNMENT(.rela.*))

/DISCARD/
 *(SORT_BY_ALIGNMENT(.plt))

/DISCARD/
 *(SORT_BY_ALIGNMENT(.iplt))
                0x0000000010000100                __rom_region_start = 0x10000100

rom_start       0x0000000010000100       0xa8
                0x0000000010000100                . = (. + 0x0)
                0x0000000010000100                . = ALIGN (0x4)
                0x0000000010000100                . = ALIGN (0x100)
                0x0000000010000100                . = ALIGN (0x100)
                0x0000000010000100                _vector_start = .
 *(SORT_BY_ALIGNMENT(.exc_vector_table))
 *(SORT_BY_ALIGNMENT(.exc_vector_table.*))
 .exc_vector_table._vector_table_section
                0x0000000010000100       0x40 zephyr/arch/arch/arm/core/aarch32/cortex_m/libarch__arm__core__aarch32__cortex_m.a(vector_table.S.obj)
                0x0000000010000100                _vector_table
 *(SORT_BY_ALIGNMENT(.vectors))
                0x00000000100001a8                _vector_end = .
                0x0000000010000140                . = ALIGN (0x4)
 *(SORT_BY_ALIGNMENT(.gnu.linkonce.irq_vector_table*))
 .gnu.linkonce.irq_vector_table
                0x0000000010000140       0x68 zephyr/CMakeFiles/zephyr_final.dir/isr_tables.c.obj
                0x0000000010000140                _irq_vector_table
                0x00000000100001a8                _vector_end = .

text            0x00000000100001a8     0x52b4
                0x00000000100001a8                __text_region_start = .
 *(SORT_BY_ALIGNMENT(.text))
 .text          0x00000000100001a8       0x14 c:/users/sergi/zephyr-sdk-0.15.2/arm-zephyr-eabi/bin/../lib/gcc/arm-zephyr-eabi/12.1.0/thumb/v6-m/nofp\libgcc.a(_thumb1_case_uqi.o)
                0x00000000100001a8                __gnu_thumb1_case_uqi
 .text          0x00000000100001bc       0x14 c:/users/sergi/zephyr-sdk-0.15.2/arm-zephyr-eabi/bin/../lib/gcc/arm-zephyr-eabi/12.1.0/thumb/v6-m/nofp\libgcc.a(_thumb1_case_shi.o)
                0x00000000100001bc                __gnu_thumb1_case_shi
 .text          0x00000000100001d0       0x8c c:/users/sergi/zephyr-sdk-0.15.2/arm-zephyr-eabi/bin/../lib/gcc/arm-zephyr-eabi/12.1.0/thumb/v6-m/nofp\libgcc.a(_udivsi3.o)
                0x00000000100001d0                __aeabi_uidiv
                0x00000000100001d0                __udivsi3
                0x0000000010000248                __aeabi_uidivmod
 .text          0x000000001000025c        0x4 c:/users/sergi/zephyr-sdk-0.15.2/arm-zephyr-eabi/bin/../lib/gcc/arm-zephyr-eabi/12.1.0/thumb/v6-m/nofp\libgcc.a(_dvmd_tls.o)
                0x000000001000025c                __aeabi_idiv0
                0x000000001000025c                __aeabi_ldiv0
 .text          0x0000000010000260       0x7c c:/users/sergi/zephyr-sdk-0.15.2/arm-zephyr-eabi/bin/../lib/gcc/arm-zephyr-eabi/12.1.0/thumb/v6-m/nofp\libgcc.a(_arm_cmpdf2.o)
                0x0000000010000260                __aeabi_cdrcmple
                0x0000000010000270                __aeabi_cdcmple
                0x0000000010000270                __aeabi_cdcmpeq
                0x0000000010000280                __aeabi_dcmpeq
                0x000000001000028c                __aeabi_dcmplt
                0x00000000100002a0                __aeabi_dcmple
                0x00000000100002b4                __aeabi_dcmpgt
                0x00000000100002c8                __aeabi_dcmpge
 .text          0x00000000100002dc       0x3c c:/users/sergi/zephyr-sdk-0.15.2/arm-zephyr-eabi/bin/../lib/gcc/arm-zephyr-eabi/12.1.0/thumb/v6-m/nofp\libgcc.a(_clzsi2.o)
                0x00000000100002dc                __clzsi2
 .text          0x0000000010000318       0x40 c:/users/sergi/zephyr-sdk-0.15.2/arm-zephyr-eabi/bin/../lib/gcc/arm-zephyr-eabi/12.1.0/thumb/v6-m/nofp\libgcc.a(_ctzsi2.o)
                0x0000000010000318                __ctzsi2
 .text          0x0000000010000358       0x40 c:/users/sergi/zephyr-sdk-0.15.2/arm-zephyr-eabi/bin/../lib/gcc/arm-zephyr-eabi/12.1.0/thumb/v6-m/nofp\libgcc.a(_aeabi_uldivmod.o)
                0x0000000010000358                __aeabi_uldivmod
 .text          0x0000000010000398       0x40 c:/users/sergi/zephyr-sdk-0.15.2/arm-zephyr-eabi/bin/../lib/gcc/arm-zephyr-eabi/12.1.0/thumb/v6-m/nofp\libgcc.a(_fixunssfdi.o)
                0x0000000010000398                __fixunssfdi
                0x0000000010000398                __aeabi_f2ulz
 .text          0x00000000100003d8      0x1c4 c:/users/sergi/zephyr-sdk-0.15.2/arm-zephyr-eabi/bin/../lib/gcc/arm-zephyr-eabi/12.1.0/thumb/v6-m/nofp\libgcc.a(divsf3.o)
                0x00000000100003d8                __aeabi_fdiv
 .text          0x000000001000059c       0x78 c:/users/sergi/zephyr-sdk-0.15.2/arm-zephyr-eabi/bin/../lib/gcc/arm-zephyr-eabi/12.1.0/thumb/v6-m/nofp\libgcc.a(floatunsisf.o)
                0x000000001000059c                __aeabi_ui2f
 .text          0x0000000010000614      0x5e0 c:/users/sergi/zephyr-sdk-0.15.2/arm-zephyr-eabi/bin/../lib/gcc/arm-zephyr-eabi/12.1.0/thumb/v6-m/nofp\libgcc.a(adddf3.o)
                0x0000000010000614                __aeabi_dadd
 .text          0x0000000010000bf4       0x84 c:/users/sergi/zephyr-sdk-0.15.2/arm-zephyr-eabi/bin/../lib/gcc/arm-zephyr-eabi/12.1.0/thumb/v6-m/nofp\libgcc.a(eqdf2.o)
                0x0000000010000bf4                __nedf2
                0x0000000010000bf4                __eqdf2
 .text          0x0000000010000c78       0xec c:/users/sergi/zephyr-sdk-0.15.2/arm-zephyr-eabi/bin/../lib/gcc/arm-zephyr-eabi/12.1.0/thumb/v6-m/nofp\libgcc.a(gedf2.o)
                0x0000000010000c78                __gedf2
                0x0000000010000c78                __gtdf2
 .text          0x0000000010000d64       0xf0 c:/users/sergi/zephyr-sdk-0.15.2/arm-zephyr-eabi/bin/../lib/gcc/arm-zephyr-eabi/12.1.0/thumb/v6-m/nofp\libgcc.a(ledf2.o)
                0x0000000010000d64                __ledf2
                0x0000000010000d64                __ltdf2
 .text          0x0000000010000e54      0x454 c:/users/sergi/zephyr-sdk-0.15.2/arm-zephyr-eabi/bin/../lib/gcc/arm-zephyr-eabi/12.1.0/thumb/v6-m/nofp\libgcc.a(muldf3.o)
                0x0000000010000e54                __aeabi_dmul
 .text          0x00000000100012a8      0x628 c:/users/sergi/zephyr-sdk-0.15.2/arm-zephyr-eabi/bin/../lib/gcc/arm-zephyr-eabi/12.1.0/thumb/v6-m/nofp\libgcc.a(subdf3.o)
                0x00000000100012a8                __aeabi_dsub
 .text          0x00000000100018d0       0x40 c:/users/sergi/zephyr-sdk-0.15.2/arm-zephyr-eabi/bin/../lib/gcc/arm-zephyr-eabi/12.1.0/thumb/v6-m/nofp\libgcc.a(floatunsidf.o)
                0x00000000100018d0                __aeabi_ui2d
 .text          0x0000000010001910       0x84 c:/users/sergi/zephyr-sdk-0.15.2/arm-zephyr-eabi/bin/../lib/gcc/arm-zephyr-eabi/12.1.0/thumb/v6-m/nofp\libgcc.a(extendsfdf2.o)
                0x0000000010001910                __aeabi_f2d
 .text          0x0000000010001994      0x118 c:/users/sergi/zephyr-sdk-0.15.2/arm-zephyr-eabi/bin/../lib/gcc/arm-zephyr-eabi/12.1.0/thumb/v6-m/nofp\libgcc.a(truncdfsf2.o)
                0x0000000010001994                __aeabi_d2f
 .text          0x0000000010001aac       0x18 c:/users/sergi/zephyr-sdk-0.15.2/arm-zephyr-eabi/bin/../lib/gcc/arm-zephyr-eabi/12.1.0/thumb/v6-m/nofp\libgcc.a(_lshrdi3.o)
                0x0000000010001aac                __lshrdi3
                0x0000000010001aac                __aeabi_llsr
 .text          0x0000000010001ac4       0x18 c:/users/sergi/zephyr-sdk-0.15.2/arm-zephyr-eabi/bin/../lib/gcc/arm-zephyr-eabi/12.1.0/thumb/v6-m/nofp\libgcc.a(_ashldi3.o)
                0x0000000010001ac4                __aeabi_llsl
                0x0000000010001ac4                __ashldi3
 .text          0x0000000010001adc       0x18 c:/users/sergi/zephyr-sdk-0.15.2/arm-zephyr-eabi/bin/../lib/gcc/arm-zephyr-eabi/12.1.0/thumb/v6-m/nofp\libgcc.a(_clzdi2.o)
                0x0000000010001adc                __clzdi2
 .text          0x0000000010001af4       0x38 c:/users/sergi/zephyr-sdk-0.15.2/arm-zephyr-eabi/bin/../lib/gcc/arm-zephyr-eabi/12.1.0/thumb/v6-m/nofp\libgcc.a(_fixunsdfsi.o)
                0x0000000010001af4                __aeabi_d2uiz
                0x0000000010001af4                __fixunsdfsi
 .text          0x0000000010001b2c       0x64 c:/users/sergi/zephyr-sdk-0.15.2/arm-zephyr-eabi/bin/../lib/gcc/arm-zephyr-eabi/12.1.0/thumb/v6-m/nofp\libgcc.a(fixdfsi.o)
                0x0000000010001b2c                __aeabi_d2iz
 .text          0x0000000010001b90       0x44 c:/users/sergi/zephyr-sdk-0.15.2/arm-zephyr-eabi/bin/../lib/gcc/arm-zephyr-eabi/12.1.0/thumb/v6-m/nofp\libgcc.a(_muldi3.o)
                0x0000000010001b90                __muldi3
                0x0000000010001b90                __aeabi_lmul
 .text          0x0000000010001bd4       0xde c:/users/sergi/zephyr-sdk-0.15.2/arm-zephyr-eabi/bin/../lib/gcc/arm-zephyr-eabi/12.1.0/thumb/v6-m/nofp\libgcc.a(_udivmoddi4.o)
                0x0000000010001bd4                __udivmoddi4
 *(SORT_BY_ALIGNMENT(.text.*))
 *fill*         0x0000000010001cb2        0x2 
 .text.pwm_set  0x0000000010001cb4       0x90 app/libapp.a(main.c.obj)
 .text.main     0x0000000010001d44       0xe0 app/libapp.a(main.c.obj)
                0x0000000010001d44                main
 .text.cbvprintf_package
                0x0000000010001e24      0x3d0 zephyr/libzephyr.a(cbprintf_packaged.c.obj)
                0x0000000010001e24                cbvprintf_package
 .text.__printk_hook_install
                0x00000000100021f4        0xc zephyr/libzephyr.a(printk.c.obj)
                0x00000000100021f4                __printk_hook_install
 .text.z_cbvprintf_impl
                0x0000000010002200      0x728 zephyr/libzephyr.a(cbprintf_complete.c.obj)
                0x0000000010002200                z_cbvprintf_impl
 .text.z_log_init.isra.0
                0x0000000010002928       0xd0 zephyr/libzephyr.a(log_core.c.obj)
 .text.log_format_func_t_get
                0x00000000100029f8        0xc zephyr/libzephyr.a(log_core.c.obj)
                0x00000000100029f8                log_format_func_t_get
 .text.log_set_timestamp_func
                0x0000000010002a04       0x20 zephyr/libzephyr.a(log_core.c.obj)
                0x0000000010002a04                log_set_timestamp_func
 .text.log_core_init
                0x0000000010002a24       0x2c zephyr/libzephyr.a(log_core.c.obj)
                0x0000000010002a24                log_core_init
 .text.z_impl_log_panic
                0x0000000010002a50       0x40 zephyr/libzephyr.a(log_core.c.obj)
                0x0000000010002a50                z_impl_log_panic
 .text.z_log_dropped
                0x0000000010002a90       0x20 zephyr/libzephyr.a(log_core.c.obj)
                0x0000000010002a90                z_log_dropped
 .text.z_log_msg_commit
                0x0000000010002ab0       0x38 zephyr/libzephyr.a(log_core.c.obj)
                0x0000000010002ab0                z_log_msg_commit
 .text.log_source_name_get
                0x0000000010002ae8       0x1c zephyr/libzephyr.a(log_mgmt.c.obj)
                0x0000000010002ae8                log_source_name_get
 .text.log_backend_enable
                0x0000000010002b04       0x28 zephyr/libzephyr.a(log_mgmt.c.obj)
                0x0000000010002b04                log_backend_enable
 .text.z_impl_z_log_msg_runtime_vcreate
                0x0000000010002b2c       0x8c zephyr/libzephyr.a(log_msg.c.obj)
                0x0000000010002b2c                z_impl_z_log_msg_runtime_vcreate
 .text.print_formatted
                0x0000000010002bb8       0x20 zephyr/libzephyr.a(log_output.c.obj)
 .text.newline_print
                0x0000000010002bd8       0x20 zephyr/libzephyr.a(log_output.c.obj)
 .text.log_output_process
                0x0000000010002bf8      0x29c zephyr/libzephyr.a(log_output.c.obj)
                0x0000000010002bf8                log_output_process
 .text.log_output_msg_process
                0x0000000010002e94       0x6c zephyr/libzephyr.a(log_output.c.obj)
                0x0000000010002e94                log_output_msg_process
 .text.log_output_timestamp_freq_set
                0x0000000010002f00       0x34 zephyr/libzephyr.a(log_output.c.obj)
                0x0000000010002f00                log_output_timestamp_freq_set
 .text.format_set
                0x0000000010002f34        0xc zephyr/libzephyr.a(log_backend_uart.c.obj)
 .text.panic    0x0000000010002f40       0x18 zephyr/libzephyr.a(log_backend_uart.c.obj)
 .text.process  0x0000000010002f58       0x20 zephyr/libzephyr.a(log_backend_uart.c.obj)
 .text.char_out
                0x0000000010002f78       0x24 zephyr/libzephyr.a(log_backend_uart.c.obj)
 .text.z_arm_cpu_idle_init
                0x0000000010002f9c        0xc zephyr/arch/arch/arm/core/aarch32/libarch__arm__core__aarch32.a(cpu_idle.S.obj)
                0x0000000010002f9c                z_arm_cpu_idle_init
 .text.arch_cpu_idle
                0x0000000010002fa8       0x10 zephyr/arch/arch/arm/core/aarch32/libarch__arm__core__aarch32.a(cpu_idle.S.obj)
                0x0000000010002fa8                arch_cpu_idle
 .text.z_arm_fatal_error
                0x0000000010002fb8       0xa0 zephyr/arch/arch/arm/core/aarch32/libarch__arm__core__aarch32.a(fatal.c.obj)
                0x0000000010002fb8                z_arm_fatal_error
 .text.arch_irq_enable
                0x0000000010003058       0x18 zephyr/arch/arch/arm/core/aarch32/libarch__arm__core__aarch32.a(irq_manage.c.obj)
                0x0000000010003058                arch_irq_enable
 .text.z_arm_irq_priority_set
                0x0000000010003070       0x54 zephyr/arch/arch/arm/core/aarch32/libarch__arm__core__aarch32.a(irq_manage.c.obj)
                0x0000000010003070                z_arm_irq_priority_set
 .text.z_SysNmiOnReset
                0x00000000100030c4        0x4 zephyr/arch/arch/arm/core/aarch32/libarch__arm__core__aarch32.a(nmi_on_reset.S.obj)
                0x00000000100030c4                z_SysNmiOnReset
 .text.z_arm_prep_c
                0x00000000100030c8       0x2c zephyr/arch/arch/arm/core/aarch32/libarch__arm__core__aarch32.a(prep_c.c.obj)
                0x00000000100030c8                z_arm_prep_c
 .text.arch_swap
                0x00000000100030f4       0x30 zephyr/arch/arch/arm/core/aarch32/libarch__arm__core__aarch32.a(swap.c.obj)
                0x00000000100030f4                arch_swap
 .text.z_arm_pendsv
                0x0000000010003124       0x60 zephyr/arch/arch/arm/core/aarch32/libarch__arm__core__aarch32.a(swap_helper.S.obj)
                0x0000000010003124                z_arm_pendsv
 .text.z_arm_svc
                0x0000000010003184       0x24 zephyr/arch/arch/arm/core/aarch32/libarch__arm__core__aarch32.a(swap_helper.S.obj)
                0x0000000010003184                z_arm_svc
 .text.arch_new_thread
                0x00000000100031a8       0x2c zephyr/arch/arch/arm/core/aarch32/libarch__arm__core__aarch32.a(thread.c.obj)
                0x00000000100031a8                arch_new_thread
 .text.arch_switch_to_main_thread
                0x00000000100031d4       0x20 zephyr/arch/arch/arm/core/aarch32/libarch__arm__core__aarch32.a(thread.c.obj)
                0x00000000100031d4                arch_switch_to_main_thread
 .text._isr_wrapper
                0x00000000100031f4       0x28 zephyr/arch/arch/arm/core/aarch32/libarch__arm__core__aarch32.a(isr_wrapper.S.obj)
                0x00000000100031f4                _isr_wrapper
 .text._HandlerModeExit
                0x000000001000321c       0x20 zephyr/arch/arch/arm/core/aarch32/cortex_m/libarch__arm__core__aarch32__cortex_m.a(exc_exit.S.obj)
                0x000000001000321c                z_arm_int_exit
                0x000000001000321c                z_arm_exc_exit
 .text.z_arm_fault
                0x000000001000323c      0x10c zephyr/arch/arch/arm/core/aarch32/cortex_m/libarch__arm__core__aarch32__cortex_m.a(fault.c.obj)
                0x000000001000323c                z_arm_fault
 .text.__fault  0x0000000010003348       0x14 zephyr/arch/arch/arm/core/aarch32/cortex_m/libarch__arm__core__aarch32__cortex_m.a(fault_s.S.obj)
                0x0000000010003348                z_arm_hard_fault
                0x0000000010003348                z_arm_exc_spurious
 .text.z_arm_interrupt_init
                0x000000001000335c       0x30 zephyr/arch/arch/arm/core/aarch32/cortex_m/libarch__arm__core__aarch32__cortex_m.a(irq_init.c.obj)
                0x000000001000335c                z_arm_interrupt_init
 .text._reset_section
                0x000000001000338c       0x28 zephyr/arch/arch/arm/core/aarch32/cortex_m/libarch__arm__core__aarch32__cortex_m.a(reset.S.obj)
                0x000000001000338c                __start
                0x000000001000338c                z_arm_reset
 .text.z_impl_k_thread_abort
                0x00000000100033b4       0x38 zephyr/arch/arch/arm/core/aarch32/cortex_m/libarch__arm__core__aarch32__cortex_m.a(thread_abort.c.obj)
                0x00000000100033b4                z_impl_k_thread_abort
 .text.__stdout_hook_install
                0x00000000100033ec        0xc zephyr/lib/libc/minimal/liblib__libc__minimal.a(stdout_console.c.obj)
                0x00000000100033ec                __stdout_hook_install
 .text.rp2040_init
                0x00000000100033f8       0x54 zephyr/soc/arm/rpi_pico/rp2/libsoc__arm__rpi_pico__rp2.a(soc.c.obj)
 .text.uart_console_init
                0x000000001000344c       0x2c zephyr/drivers/console/libdrivers__console.a(uart_console.c.obj)
 .text.console_out
                0x0000000010003478       0x28 zephyr/drivers/console/libdrivers__console.a(uart_console.c.obj)
 .text.gpio_rpi_isr
                0x00000000100034a0       0x64 zephyr/drivers/gpio/libdrivers__gpio.a(gpio_rpi_pico.c.obj)
 .text.z_log_msg_runtime_create.constprop.0
                0x0000000010003504       0x24 zephyr/drivers/pwm/libdrivers__pwm.a(pwm_rpi_pico.c.obj)
 .text.pwm_rpi_init
                0x0000000010003528       0xb4 zephyr/drivers/pwm/libdrivers__pwm.a(pwm_rpi_pico.c.obj)
 .text.pwm_rpi_set_cycles
                0x00000000100035dc       0xac zephyr/drivers/pwm/libdrivers__pwm.a(pwm_rpi_pico.c.obj)
 .text.pwm_rpi_get_cycles_per_sec
                0x0000000010003688       0x64 zephyr/drivers/pwm/libdrivers__pwm.a(pwm_rpi_pico.c.obj)
 .text.uart_rpi_irq_err_disable
                0x00000000100036ec       0x14 zephyr/drivers/serial/libdrivers__serial.a(uart_rpi_pico.c.obj)
 .text.uart_rpi_set_format.isra.0
                0x0000000010003700       0x58 zephyr/drivers/serial/libdrivers__serial.a(uart_rpi_pico.c.obj)
 .text.uart_rpi_init
                0x0000000010003758       0x74 zephyr/drivers/serial/libdrivers__serial.a(uart_rpi_pico.c.obj)
 .text.elapsed  0x00000000100037cc       0x38 zephyr/drivers/timer/libdrivers__timer.a(cortex_m_systick.c.obj)
 .text.sys_clock_driver_init
                0x0000000010003804       0x3c zephyr/drivers/timer/libdrivers__timer.a(cortex_m_systick.c.obj)
 .text.sys_clock_isr
                0x0000000010003840       0x44 zephyr/drivers/timer/libdrivers__timer.a(cortex_m_systick.c.obj)
                0x0000000010003840                sys_clock_isr
 .text.sys_clock_set_timeout
                0x0000000010003884       0xf0 zephyr/drivers/timer/libdrivers__timer.a(cortex_m_systick.c.obj)
                0x0000000010003884                sys_clock_set_timeout
 .text.sys_clock_elapsed
                0x0000000010003974       0x38 zephyr/drivers/timer/libdrivers__timer.a(cortex_m_systick.c.obj)
                0x0000000010003974                sys_clock_elapsed
 .text.clock_configure
                0x00000000100039ac       0xe8 modules/hal_rpi_pico/libmodules__hal_rpi_pico.a(clocks.c.obj)
                0x00000000100039ac                clock_configure
 .text.clocks_init
                0x0000000010003a94       0xf4 modules/hal_rpi_pico/libmodules__hal_rpi_pico.a(clocks.c.obj)
                0x0000000010003a94                clocks_init
 .text.clock_get_hz
                0x0000000010003b88        0xc modules/hal_rpi_pico/libmodules__hal_rpi_pico.a(clocks.c.obj)
                0x0000000010003b88                clock_get_hz
 .text.pll_init
                0x0000000010003b94       0x9c modules/hal_rpi_pico/libmodules__hal_rpi_pico.a(pll.c.obj)
                0x0000000010003b94                pll_init
 .text.xosc_init
                0x0000000010003c30       0x28 modules/hal_rpi_pico/libmodules__hal_rpi_pico.a(xosc.c.obj)
                0x0000000010003c30                xosc_init
 .text.watchdog_start_tick
                0x0000000010003c58       0x10 modules/hal_rpi_pico/libmodules__hal_rpi_pico.a(watchdog.c.obj)
                0x0000000010003c58                watchdog_start_tick
 .text.running_on_fpga
                0x0000000010003c68       0x10 modules/hal_rpi_pico/libmodules__hal_rpi_pico.a(platform.c.obj)
                0x0000000010003c68                running_on_fpga
 .text.gpio_set_function
                0x0000000010003c78       0x2c modules/hal_rpi_pico/libmodules__hal_rpi_pico.a(gpio.c.obj)
                0x0000000010003c78                gpio_set_function
 .text.gpio_set_pulls
                0x0000000010003ca4       0x24 modules/hal_rpi_pico/libmodules__hal_rpi_pico.a(gpio.c.obj)
                0x0000000010003ca4                gpio_set_pulls
 .text.gpio_set_input_hysteresis_enabled
                0x0000000010003cc8       0x1c modules/hal_rpi_pico/libmodules__hal_rpi_pico.a(gpio.c.obj)
                0x0000000010003cc8                gpio_set_input_hysteresis_enabled
 .text.gpio_set_slew_rate
                0x0000000010003ce4       0x1c modules/hal_rpi_pico/libmodules__hal_rpi_pico.a(gpio.c.obj)
                0x0000000010003ce4                gpio_set_slew_rate
 .text.gpio_set_drive_strength
                0x0000000010003d00       0x20 modules/hal_rpi_pico/libmodules__hal_rpi_pico.a(gpio.c.obj)
                0x0000000010003d00                gpio_set_drive_strength
 .text.gpio_acknowledge_irq
                0x0000000010003d20       0x18 modules/hal_rpi_pico/libmodules__hal_rpi_pico.a(gpio.c.obj)
                0x0000000010003d20                gpio_acknowledge_irq
 .text.gpio_set_irq_enabled
                0x0000000010003d38       0x44 modules/hal_rpi_pico/libmodules__hal_rpi_pico.a(gpio.c.obj)
                0x0000000010003d38                gpio_set_irq_enabled
 .text.gpio_set_input_enabled
                0x0000000010003d7c       0x1c modules/hal_rpi_pico/libmodules__hal_rpi_pico.a(gpio.c.obj)
                0x0000000010003d7c                gpio_set_input_enabled
 .text.uart_set_baudrate
                0x0000000010003d98       0x5c modules/hal_rpi_pico/libmodules__hal_rpi_pico.a(uart.c.obj)
                0x0000000010003d98                uart_set_baudrate
 .text.uart_init
                0x0000000010003df4       0x94 modules/hal_rpi_pico/libmodules__hal_rpi_pico.a(uart.c.obj)
                0x0000000010003df4                uart_init
 .text.k_sys_fatal_error_handler
                0x0000000010003e88       0x2c zephyr/kernel/libkernel.a(fatal.c.obj)
                0x0000000010003e88                k_sys_fatal_error_handler
 .text.z_fatal_error
                0x0000000010003eb4       0xcc zephyr/kernel/libkernel.a(fatal.c.obj)
                0x0000000010003eb4                z_fatal_error
 .text.z_sys_init_run_level
                0x0000000010003f80       0x4c zephyr/kernel/libkernel.a(init.c.obj)
 .text.bg_thread_main
                0x0000000010003fcc       0x34 zephyr/kernel/libkernel.a(init.c.obj)
 .text.z_bss_zero
                0x0000000010004000       0x18 zephyr/kernel/libkernel.a(init.c.obj)
                0x0000000010004000                z_bss_zero
 .text.z_init_cpu
                0x0000000010004018       0x68 zephyr/kernel/libkernel.a(init.c.obj)
                0x0000000010004018                z_init_cpu
 .text.z_cstart
                0x0000000010004080       0xb4 zephyr/kernel/libkernel.a(init.c.obj)
                0x0000000010004080                z_cstart
 .text.z_setup_new_thread
                0x0000000010004134       0x54 zephyr/kernel/libkernel.a(thread.c.obj)
                0x0000000010004134                z_setup_new_thread
 .text.z_init_static_threads
                0x0000000010004188       0x90 zephyr/kernel/libkernel.a(thread.c.obj)
                0x0000000010004188                z_init_static_threads
 .text.slice_timeout
                0x0000000010004218       0x20 zephyr/kernel/libkernel.a(sched.c.obj)
 .text.z_reset_time_slice
                0x0000000010004238       0x44 zephyr/kernel/libkernel.a(sched.c.obj)
                0x0000000010004238                z_reset_time_slice
 .text.update_cache
                0x000000001000427c       0x44 zephyr/kernel/libkernel.a(sched.c.obj)
 .text.move_thread_to_end_of_prio_q
                0x00000000100042c0       0x78 zephyr/kernel/libkernel.a(sched.c.obj)
 .text.ready_thread
                0x0000000010004338       0x6c zephyr/kernel/libkernel.a(sched.c.obj)
 .text.unready_thread
                0x00000000100043a4       0x2c zephyr/kernel/libkernel.a(sched.c.obj)
 .text.k_sched_time_slice_set
                0x00000000100043d0       0x40 zephyr/kernel/libkernel.a(sched.c.obj)
                0x00000000100043d0                k_sched_time_slice_set
 .text.z_time_slice
                0x0000000010004410       0x7c zephyr/kernel/libkernel.a(sched.c.obj)
                0x0000000010004410                z_time_slice
 .text.z_reschedule
                0x000000001000448c       0x2c zephyr/kernel/libkernel.a(sched.c.obj)
                0x000000001000448c                z_reschedule
 .text.z_sched_start
                0x00000000100044b8       0x34 zephyr/kernel/libkernel.a(sched.c.obj)
                0x00000000100044b8                z_sched_start
 .text.z_impl_k_thread_suspend
                0x00000000100044ec       0x58 zephyr/kernel/libkernel.a(sched.c.obj)
                0x00000000100044ec                z_impl_k_thread_suspend
 .text.k_sched_lock
                0x0000000010004544       0x20 zephyr/kernel/libkernel.a(sched.c.obj)
                0x0000000010004544                k_sched_lock
 .text.k_sched_unlock
                0x0000000010004564       0x2c zephyr/kernel/libkernel.a(sched.c.obj)
                0x0000000010004564                k_sched_unlock
 .text.z_sched_init
                0x0000000010004590       0x1c zephyr/kernel/libkernel.a(sched.c.obj)
                0x0000000010004590                z_sched_init
 .text.z_impl_k_yield
                0x00000000100045ac       0x78 zephyr/kernel/libkernel.a(sched.c.obj)
                0x00000000100045ac                z_impl_k_yield
 .text.z_tick_sleep
                0x0000000010004624       0x8c zephyr/kernel/libkernel.a(sched.c.obj)
 .text.z_impl_k_sleep
                0x00000000100046b0       0x30 zephyr/kernel/libkernel.a(sched.c.obj)
                0x00000000100046b0                z_impl_k_sleep
 .text.z_impl_z_current_get
                0x00000000100046e0        0xc zephyr/kernel/libkernel.a(sched.c.obj)
                0x00000000100046e0                z_impl_z_current_get
 .text.z_thread_abort
                0x00000000100046ec       0xb8 zephyr/kernel/libkernel.a(sched.c.obj)
                0x00000000100046ec                z_thread_abort
 .text.z_data_copy
                0x00000000100047a4       0x34 zephyr/kernel/libkernel.a(xip.c.obj)
                0x00000000100047a4                z_data_copy
 .text.elapsed  0x00000000100047d8       0x18 zephyr/kernel/libkernel.a(timeout.c.obj)
 .text.next_timeout
                0x00000000100047f0       0x44 zephyr/kernel/libkernel.a(timeout.c.obj)
 .text.remove_timeout
                0x0000000010004834       0x38 zephyr/kernel/libkernel.a(timeout.c.obj)
 .text.z_add_timeout
                0x000000001000486c       0xdc zephyr/kernel/libkernel.a(timeout.c.obj)
                0x000000001000486c                z_add_timeout
 .text.sys_clock_announce
                0x0000000010004948       0xdc zephyr/kernel/libkernel.a(timeout.c.obj)
                0x0000000010004948                sys_clock_announce
 .text.sys_clock_tick_get
                0x0000000010004a24       0x2c zephyr/kernel/libkernel.a(timeout.c.obj)
                0x0000000010004a24                sys_clock_tick_get
 .text.boot_banner
                0x0000000010004a50       0x10 zephyr/kernel/libkernel.a(banner.c.obj)
                0x0000000010004a50                boot_banner
 .text._OffsetAbsSyms
                0x0000000010004a60        0x2 zephyr/CMakeFiles/offsets.dir/./arch/arm/core/offsets/offsets.c.obj
                0x0000000010004a60                _OffsetAbsSyms
 .text.cbpprintf_external
                0x0000000010004a62       0x68 zephyr/libzephyr.a(cbprintf_packaged.c.obj)
                0x0000000010004a62                cbpprintf_external
 .text.arch_printk_char_out
                0x0000000010004aca        0x4 zephyr/libzephyr.a(printk.c.obj)
                0x0000000010004aca                arch_printk_char_out
 .text.printk   0x0000000010004ace       0x16 zephyr/libzephyr.a(printk.c.obj)
                0x0000000010004ace                printk
 .text.z_thread_entry
                0x0000000010004ae4       0x14 zephyr/libzephyr.a(thread_entry.c.obj)
                0x0000000010004ae4                z_thread_entry
 .text.encode_uint
                0x0000000010004af8       0x9a zephyr/libzephyr.a(cbprintf_complete.c.obj)
 .text.outs     0x0000000010004b92       0x2c zephyr/libzephyr.a(cbprintf_complete.c.obj)
 .text._ConfigAbsSyms
                0x0000000010004bbe        0x2 zephyr/libzephyr.a(configs.c.obj)
                0x0000000010004bbe                _ConfigAbsSyms
 .text.dummy_timestamp
                0x0000000010004bc0        0x4 zephyr/libzephyr.a(log_core.c.obj)
 .text.default_lf_get_timestamp
                0x0000000010004bc4       0x10 zephyr/libzephyr.a(log_core.c.obj)
 .text.atomic_inc
                0x0000000010004bd4        0xa zephyr/libzephyr.a(log_core.c.obj)
 .text.enable_logger
                0x0000000010004bde        0xe zephyr/libzephyr.a(log_core.c.obj)
 .text.z_log_vprintk
                0x0000000010004bec       0x1a zephyr/libzephyr.a(log_core.c.obj)
                0x0000000010004bec                z_log_vprintk
 .text.z_log_notify_backend_enabled
                0x0000000010004c06        0x2 zephyr/libzephyr.a(log_core.c.obj)
                0x0000000010004c06                z_log_notify_backend_enabled
 .text.z_log_get_tag
                0x0000000010004c08        0x4 zephyr/libzephyr.a(log_core.c.obj)
                0x0000000010004c08                z_log_get_tag
 .text.z_log_msg_finalize
                0x0000000010004c0c       0x32 zephyr/libzephyr.a(log_msg.c.obj)
                0x0000000010004c0c                z_log_msg_finalize
 .text.out_func
                0x0000000010004c3e       0x18 zephyr/libzephyr.a(log_output.c.obj)
 .text.cr_out_func
                0x0000000010004c56       0x1c zephyr/libzephyr.a(log_output.c.obj)
 .text.buffer_write
                0x0000000010004c72       0x1c zephyr/libzephyr.a(log_output.c.obj)
 .text.cbvprintf
                0x0000000010004c8e        0xc zephyr/libzephyr.a(log_output.c.obj)
 .text.log_output_flush
                0x0000000010004c9a       0x18 zephyr/libzephyr.a(log_output.c.obj)
                0x0000000010004c9a                log_output_flush
 .text.log_backend_uart_init
                0x0000000010004cb2        0x2 zephyr/libzephyr.a(log_backend_uart.c.obj)
 .text.z_log_msg_runtime_create.constprop.0
                0x0000000010004cb4       0x1e zephyr/arch/arch/arm/core/aarch32/libarch__arm__core__aarch32.a(fatal.c.obj)
 .text.z_do_kernel_oops
                0x0000000010004cd2        0xc zephyr/arch/arch/arm/core/aarch32/libarch__arm__core__aarch32.a(fatal.c.obj)
                0x0000000010004cd2                z_do_kernel_oops
 .text.z_irq_spurious
                0x0000000010004cde        0xc zephyr/arch/arch/arm/core/aarch32/libarch__arm__core__aarch32.a(irq_manage.c.obj)
                0x0000000010004cde                z_irq_spurious
 .text.z_arm_nmi
                0x0000000010004cea        0xc zephyr/arch/arch/arm/core/aarch32/libarch__arm__core__aarch32.a(nmi.c.obj)
                0x0000000010004cea                z_arm_nmi
 .text.z_log_msg_runtime_create.constprop.0
                0x0000000010004cf6       0x1e zephyr/arch/arch/arm/core/aarch32/cortex_m/libarch__arm__core__aarch32__cortex_m.a(fault.c.obj)
 .text.z_arm_fault_init
                0x0000000010004d14        0x2 zephyr/arch/arch/arm/core/aarch32/cortex_m/libarch__arm__core__aarch32__cortex_m.a(fault.c.obj)
                0x0000000010004d14                z_arm_fault_init
 .text.strlen   0x0000000010004d16       0x10 zephyr/lib/libc/minimal/liblib__libc__minimal.a(string.c.obj)
                0x0000000010004d16                strlen
 .text.strnlen  0x0000000010004d26       0x14 zephyr/lib/libc/minimal/liblib__libc__minimal.a(string.c.obj)
                0x0000000010004d26                strnlen
 .text.memcpy   0x0000000010004d3a       0x12 zephyr/lib/libc/minimal/liblib__libc__minimal.a(string.c.obj)
                0x0000000010004d3a                memcpy
 .text.memset   0x0000000010004d4c       0x12 zephyr/lib/libc/minimal/liblib__libc__minimal.a(string.c.obj)
                0x0000000010004d4c                memset
 .text._stdout_hook_default
                0x0000000010004d5e        0x6 zephyr/lib/libc/minimal/liblib__libc__minimal.a(stdout_console.c.obj)
 .text.gpio_rpi_port_get_raw
                0x0000000010004d64        0xc zephyr/drivers/gpio/libdrivers__gpio.a(gpio_rpi_pico.c.obj)
 .text.gpio_rpi_port_set_bits_raw
                0x0000000010004d70       0x2c zephyr/drivers/gpio/libdrivers__gpio.a(gpio_rpi_pico.c.obj)
 .text.gpio_rpi_port_clear_bits_raw
                0x0000000010004d9c       0x2c zephyr/drivers/gpio/libdrivers__gpio.a(gpio_rpi_pico.c.obj)
 .text.gpio_rpi_port_toggle_bits
                0x0000000010004dc8       0x18 zephyr/drivers/gpio/libdrivers__gpio.a(gpio_rpi_pico.c.obj)
 .text.gpio_rpi_manage_callback
                0x0000000010004de0       0x58 zephyr/drivers/gpio/libdrivers__gpio.a(gpio_rpi_pico.c.obj)
 .text.gpio_rpi_bank_init
                0x0000000010004e38        0xc zephyr/drivers/gpio/libdrivers__gpio.a(gpio_rpi_pico.c.obj)
 .text.gpio_rpi_pin_interrupt_configure
                0x0000000010004e44       0x62 zephyr/drivers/gpio/libdrivers__gpio.a(gpio_rpi_pico.c.obj)
 .text.bank_0_config_func
                0x0000000010004ea6       0x14 zephyr/drivers/gpio/libdrivers__gpio.a(gpio_rpi_pico.c.obj)
 .text.gpio_rpi_port_set_masked_raw
                0x0000000010004eba       0x3c zephyr/drivers/gpio/libdrivers__gpio.a(gpio_rpi_pico.c.obj)
 .text.gpio_rpi_configure
                0x0000000010004ef6       0x7c zephyr/drivers/gpio/libdrivers__gpio.a(gpio_rpi_pico.c.obj)
 .text.pinctrl_lookup_state
                0x0000000010004f72       0x26 zephyr/drivers/pinctrl/libdrivers__pinctrl.a(common.c.obj)
                0x0000000010004f72                pinctrl_lookup_state
 .text.pinctrl_configure_pins
                0x0000000010004f98       0x84 zephyr/drivers/pinctrl/libdrivers__pinctrl.a(pinctrl_rpi_pico.c.obj)
                0x0000000010004f98                pinctrl_configure_pins
 .text.reset_rpi_init
                0x000000001000501c        0x4 zephyr/drivers/reset/libdrivers__reset.a(reset_rpi_pico.c.obj)
 .text.reset_rpi_read_register.isra.0
                0x0000000010005020       0x30 zephyr/drivers/reset/libdrivers__reset.a(reset_rpi_pico.c.obj)
 .text.reset_rpi_update
                0x0000000010005050       0x72 zephyr/drivers/reset/libdrivers__reset.a(reset_rpi_pico.c.obj)
 .text.reset_rpi_line_assert
                0x00000000100050c2        0xa zephyr/drivers/reset/libdrivers__reset.a(reset_rpi_pico.c.obj)
 .text.reset_rpi_line_deassert
                0x00000000100050cc        0xa zephyr/drivers/reset/libdrivers__reset.a(reset_rpi_pico.c.obj)
 .text.reset_rpi_line_toggle
                0x00000000100050d6       0x18 zephyr/drivers/reset/libdrivers__reset.a(reset_rpi_pico.c.obj)
 .text.reset_rpi_status
                0x00000000100050ee       0x38 zephyr/drivers/reset/libdrivers__reset.a(reset_rpi_pico.c.obj)
 .text.uart_rpi_poll_in
                0x0000000010005126       0x1e zephyr/drivers/serial/libdrivers__serial.a(uart_rpi_pico.c.obj)
 .text.uart_rpi_poll_out
                0x0000000010005144       0x10 zephyr/drivers/serial/libdrivers__serial.a(uart_rpi_pico.c.obj)
 .text.uart_rpi_err_check
                0x0000000010005154       0x24 zephyr/drivers/serial/libdrivers__serial.a(uart_rpi_pico.c.obj)
 .text.uart_rpi_fifo_fill
                0x0000000010005178       0x20 zephyr/drivers/serial/libdrivers__serial.a(uart_rpi_pico.c.obj)
 .text.uart_rpi_fifo_read
                0x0000000010005198       0x20 zephyr/drivers/serial/libdrivers__serial.a(uart_rpi_pico.c.obj)
 .text.uart_rpi_irq_tx_enable
                0x00000000100051b8       0x16 zephyr/drivers/serial/libdrivers__serial.a(uart_rpi_pico.c.obj)
 .text.uart_rpi_irq_tx_disable
                0x00000000100051ce        0xe zephyr/drivers/serial/libdrivers__serial.a(uart_rpi_pico.c.obj)
 .text.uart_rpi_irq_tx_ready
                0x00000000100051dc        0xc zephyr/drivers/serial/libdrivers__serial.a(uart_rpi_pico.c.obj)
 .text.uart_rpi_irq_rx_enable
                0x00000000100051e8       0x16 zephyr/drivers/serial/libdrivers__serial.a(uart_rpi_pico.c.obj)
 .text.uart_rpi_irq_rx_disable
                0x00000000100051fe        0xe zephyr/drivers/serial/libdrivers__serial.a(uart_rpi_pico.c.obj)
 .text.uart_rpi_irq_tx_complete
                0x000000001000520c        0xc zephyr/drivers/serial/libdrivers__serial.a(uart_rpi_pico.c.obj)
 .text.uart_rpi_irq_rx_ready
                0x0000000010005218        0xc zephyr/drivers/serial/libdrivers__serial.a(uart_rpi_pico.c.obj)
 .text.uart_rpi_irq_err_enable
                0x0000000010005224       0x10 zephyr/drivers/serial/libdrivers__serial.a(uart_rpi_pico.c.obj)
 .text.uart_rpi_irq_is_pending
                0x0000000010005234       0x1c zephyr/drivers/serial/libdrivers__serial.a(uart_rpi_pico.c.obj)
 .text.uart_rpi_irq_update
                0x0000000010005250        0x4 zephyr/drivers/serial/libdrivers__serial.a(uart_rpi_pico.c.obj)
 .text.uart_rpi_irq_callback_set
                0x0000000010005254        0x8 zephyr/drivers/serial/libdrivers__serial.a(uart_rpi_pico.c.obj)
 .text.uart_rpi_isr
                0x000000001000525c       0x10 zephyr/drivers/serial/libdrivers__serial.a(uart_rpi_pico.c.obj)
 .text.uart_rpi_config_get
                0x000000001000526c       0x12 zephyr/drivers/serial/libdrivers__serial.a(uart_rpi_pico.c.obj)
 .text.uart0_rpi_irq_config_func
                0x000000001000527e       0x14 zephyr/drivers/serial/libdrivers__serial.a(uart_rpi_pico.c.obj)
 .text.uart_rpi_configure
                0x0000000010005292       0x32 zephyr/drivers/serial/libdrivers__serial.a(uart_rpi_pico.c.obj)
 .text.gpio_init
                0x00000000100052c4       0x16 modules/hal_rpi_pico/libmodules__hal_rpi_pico.a(gpio.c.obj)
                0x00000000100052c4                gpio_init
 .text.z_device_state_init
                0x00000000100052da        0x2 zephyr/kernel/libkernel.a(device.c.obj)
                0x00000000100052da                z_device_state_init
 .text.z_device_is_ready
                0x00000000100052dc       0x1a zephyr/kernel/libkernel.a(device.c.obj)
                0x00000000100052dc                z_device_is_ready
 .text.z_log_msg_runtime_create.constprop.0
                0x00000000100052f6       0x1e zephyr/kernel/libkernel.a(fatal.c.obj)
 .text.arch_system_halt
                0x0000000010005314        0x8 zephyr/kernel/libkernel.a(fatal.c.obj)
                0x0000000010005314                arch_system_halt
 .text.z_early_memset
                0x000000001000531c        0x8 zephyr/kernel/libkernel.a(init.c.obj)
                0x000000001000531c                z_early_memset
 .text.z_early_memcpy
                0x0000000010005324        0x8 zephyr/kernel/libkernel.a(init.c.obj)
                0x0000000010005324                z_early_memcpy
 .text.k_thread_name_get
                0x000000001000532c        0x4 zephyr/kernel/libkernel.a(thread.c.obj)
                0x000000001000532c                k_thread_name_get
 .text.idle     0x0000000010005330        0xe zephyr/kernel/libkernel.a(idle.c.obj)
                0x0000000010005330                idle
 .text.sys_dlist_remove
                0x000000001000533e       0x10 zephyr/kernel/libkernel.a(sched.c.obj)
 .text.unpend_thread_no_timeout
                0x000000001000534e       0x16 zephyr/kernel/libkernel.a(sched.c.obj)
 .text.z_ready_thread
                0x0000000010005364       0x18 zephyr/kernel/libkernel.a(sched.c.obj)
                0x0000000010005364                z_ready_thread
 .text.z_sched_wake_thread
                0x000000001000537c       0x3e zephyr/kernel/libkernel.a(sched.c.obj)
                0x000000001000537c                z_sched_wake_thread
 .text.z_thread_timeout
                0x00000000100053ba        0xc zephyr/kernel/libkernel.a(sched.c.obj)
                0x00000000100053ba                z_thread_timeout
 .text.z_reschedule_irqlock
                0x00000000100053c6       0x1c zephyr/kernel/libkernel.a(sched.c.obj)
                0x00000000100053c6                z_reschedule_irqlock
 .text.z_reschedule_unlocked
                0x00000000100053e2        0xe zephyr/kernel/libkernel.a(sched.c.obj)
 .text.z_abort_timeout
                0x00000000100053f0       0x26 zephyr/kernel/libkernel.a(timeout.c.obj)
                0x00000000100053f0                z_abort_timeout
 .text.sys_clock_tick_get_32
                0x0000000010005416        0x8 zephyr/kernel/libkernel.a(timeout.c.obj)
                0x0000000010005416                sys_clock_tick_get_32
 .text.z_impl_k_uptime_ticks
                0x000000001000541e        0x8 zephyr/kernel/libkernel.a(timeout.c.obj)
                0x000000001000541e                z_impl_k_uptime_ticks
 .text.z_impl_atomic_add
                0x0000000010005426       0x1a zephyr/kernel/libkernel.a(atomic_c.c.obj)
                0x0000000010005426                z_impl_atomic_add
 .text.z_impl_atomic_sub
                0x0000000010005440       0x1a zephyr/kernel/libkernel.a(atomic_c.c.obj)
                0x0000000010005440                z_impl_atomic_sub
 *(SORT_BY_ALIGNMENT(.TEXT.*))
 *(SORT_BY_ALIGNMENT(.gnu.linkonce.t.*))
 *(SORT_BY_ALIGNMENT(.glue_7t))
 .glue_7t       0x000000001000545a        0x0 linker stubs
 *(SORT_BY_ALIGNMENT(.glue_7))
 .glue_7        0x000000001000545a        0x0 linker stubs
 *(SORT_BY_ALIGNMENT(.vfp11_veneer))
 .vfp11_veneer  0x000000001000545a        0x0 linker stubs
 *(SORT_BY_ALIGNMENT(.v4_bx))
 .v4_bx         0x000000001000545a        0x0 linker stubs
                0x000000001000545c                . = ALIGN (0x4)
 *fill*         0x000000001000545a        0x2 
                0x000000001000545c                __text_region_end = .

.ARM.exidx      0x000000001000545c        0x8
                0x000000001000545c                __exidx_start = .
 *(SORT_BY_ALIGNMENT(.ARM.exidx*) SORT_BY_ALIGNMENT(gnu.linkonce.armexidx.*))
 .ARM.exidx     0x000000001000545c        0x8 c:/users/sergi/zephyr-sdk-0.15.2/arm-zephyr-eabi/bin/../lib/gcc/arm-zephyr-eabi/12.1.0/thumb/v6-m/nofp\libgcc.a(_udivmoddi4.o)
                0x0000000010005464                __exidx_end = .
                0x0000000010005464                __rodata_region_start = .

initlevel       0x0000000010005464       0x40
                0x0000000010005464                __init_start = .
                0x0000000010005464                __init_EARLY_start = .
 *(SORT_BY_NAME(SORT_BY_ALIGNMENT(.z_init_EARLY[0-9]_*)))
 *(SORT_BY_NAME(SORT_BY_ALIGNMENT(.z_init_EARLY[1-9][0-9]_*)))
                0x0000000010005464                __init_PRE_KERNEL_1_start = .
 *(SORT_BY_NAME(SORT_BY_ALIGNMENT(.z_init_PRE_KERNEL_1[0-9]_*)))
 .z_init_PRE_KERNEL_10_
                0x0000000010005464        0x8 zephyr/soc/arm/rpi_pico/rp2/libsoc__arm__rpi_pico__rp2.a(soc.c.obj)
 *(SORT_BY_NAME(SORT_BY_ALIGNMENT(.z_init_PRE_KERNEL_1[1-9][0-9]_*)))
 .z_init_PRE_KERNEL_140_
                0x000000001000546c        0x8 zephyr/drivers/reset/libdrivers__reset.a(reset_rpi_pico.c.obj)
 .z_init_PRE_KERNEL_155_
                0x0000000010005474        0x8 zephyr/drivers/serial/libdrivers__serial.a(uart_rpi_pico.c.obj)
 .z_init_PRE_KERNEL_160_
                0x000000001000547c        0x8 zephyr/drivers/console/libdrivers__console.a(uart_console.c.obj)
                0x0000000010005484                __init_PRE_KERNEL_2_start = .
 *(SORT_BY_NAME(SORT_BY_ALIGNMENT(.z_init_PRE_KERNEL_2[0-9]_*)))
 .z_init_PRE_KERNEL_20_
                0x0000000010005484        0x8 zephyr/drivers/timer/libdrivers__timer.a(cortex_m_systick.c.obj)
 *(SORT_BY_NAME(SORT_BY_ALIGNMENT(.z_init_PRE_KERNEL_2[1-9][0-9]_*)))
                0x000000001000548c                __init_POST_KERNEL_start = .
 *(SORT_BY_NAME(SORT_BY_ALIGNMENT(.z_init_POST_KERNEL[0-9]_*)))
 .z_init_POST_KERNEL0_
                0x000000001000548c        0x8 zephyr/libzephyr.a(log_core.c.obj)
 *(SORT_BY_NAME(SORT_BY_ALIGNMENT(.z_init_POST_KERNEL[1-9][0-9]_*)))
 .z_init_POST_KERNEL40_
                0x0000000010005494        0x8 zephyr/drivers/gpio/libdrivers__gpio.a(gpio_rpi_pico.c.obj)
 .z_init_POST_KERNEL50_
                0x000000001000549c        0x8 zephyr/drivers/pwm/libdrivers__pwm.a(pwm_rpi_pico.c.obj)
                0x00000000100054a4                __init_APPLICATION_start = .
 *(SORT_BY_NAME(SORT_BY_ALIGNMENT(.z_init_APPLICATION[0-9]_*)))
 *(SORT_BY_NAME(SORT_BY_ALIGNMENT(.z_init_APPLICATION[1-9][0-9]_*)))
                0x00000000100054a4                __init_SMP_start = .
 *(SORT_BY_NAME(SORT_BY_ALIGNMENT(.z_init_SMP[0-9]_*)))
 *(SORT_BY_NAME(SORT_BY_ALIGNMENT(.z_init_SMP[1-9][0-9]_*)))
                0x00000000100054a4                __init_end = .

devices         0x00000000100054a4       0x60
                0x00000000100054a4                __device_start = .
                0x00000000100054a4                __device_EARLY_start = .
 *(SORT_BY_NAME(SORT_BY_ALIGNMENT(.z_device_EARLY[0-9]_*)))
 *(SORT_BY_NAME(SORT_BY_ALIGNMENT(.z_device_EARLY[1-9][0-9]_*)))
                0x00000000100054a4                __device_PRE_KERNEL_1_start = .
 *(SORT_BY_NAME(SORT_BY_ALIGNMENT(.z_device_PRE_KERNEL_1[0-9]_*)))
 *(SORT_BY_NAME(SORT_BY_ALIGNMENT(.z_device_PRE_KERNEL_1[1-9][0-9]_*)))
 .z_device_PRE_KERNEL_140_
                0x00000000100054a4       0x18 zephyr/drivers/reset/libdrivers__reset.a(reset_rpi_pico.c.obj)
                0x00000000100054a4                __device_dts_ord_7
 .z_device_PRE_KERNEL_155_
                0x00000000100054bc       0x18 zephyr/drivers/serial/libdrivers__serial.a(uart_rpi_pico.c.obj)
                0x00000000100054bc                __device_dts_ord_38
                0x00000000100054d4                __device_PRE_KERNEL_2_start = .
 *(SORT_BY_NAME(SORT_BY_ALIGNMENT(.z_device_PRE_KERNEL_2[0-9]_*)))
 *(SORT_BY_NAME(SORT_BY_ALIGNMENT(.z_device_PRE_KERNEL_2[1-9][0-9]_*)))
                0x00000000100054d4                __device_POST_KERNEL_start = .
 *(SORT_BY_NAME(SORT_BY_ALIGNMENT(.z_device_POST_KERNEL[0-9]_*)))
 *(SORT_BY_NAME(SORT_BY_ALIGNMENT(.z_device_POST_KERNEL[1-9][0-9]_*)))
 .z_device_POST_KERNEL40_
                0x00000000100054d4       0x18 zephyr/drivers/gpio/libdrivers__gpio.a(gpio_rpi_pico.c.obj)
                0x00000000100054d4                __device_dts_ord_14
 .z_device_POST_KERNEL50_
                0x00000000100054ec       0x18 zephyr/drivers/pwm/libdrivers__pwm.a(pwm_rpi_pico.c.obj)
                0x00000000100054ec                __device_dts_ord_29
                0x0000000010005504                __device_APPLICATION_start = .
 *(SORT_BY_NAME(SORT_BY_ALIGNMENT(.z_device_APPLICATION[0-9]_*)))
 *(SORT_BY_NAME(SORT_BY_ALIGNMENT(.z_device_APPLICATION[1-9][0-9]_*)))
                0x0000000010005504                __device_SMP_start = .
 *(SORT_BY_NAME(SORT_BY_ALIGNMENT(.z_device_SMP[0-9]_*)))
 *(SORT_BY_NAME(SORT_BY_ALIGNMENT(.z_device_SMP[1-9][0-9]_*)))
                0x0000000010005504                __device_end = .

sw_isr_table    0x0000000010005504       0xd0
                0x0000000010005504                . = ALIGN (0x4)
 *(SORT_BY_ALIGNMENT(.gnu.linkonce.sw_isr_table*))
 .gnu.linkonce.sw_isr_table
                0x0000000010005504       0xd0 zephyr/CMakeFiles/zephyr_final.dir/isr_tables.c.obj
                0x0000000010005504                _sw_isr_table

initlevel_error
                0x0000000010005464        0x0
 *(SORT_BY_NAME(SORT_BY_ALIGNMENT(.z_init_[_A-Z0-9]*)))
                0x0000000000000001                ASSERT ((SIZEOF (initlevel_error) == 0x0), Undefined initialization levels used.)

app_shmem_regions
                0x00000000100055d4        0x0
                0x00000000100055d4                __app_shmem_regions_start = .
 *(SORT_BY_NAME(SORT_BY_ALIGNMENT(.app_regions.*)))
                0x00000000100055d4                __app_shmem_regions_end = .

k_p4wq_initparam_area
                0x00000000100055d4        0x0
                0x00000000100055d4                _k_p4wq_initparam_list_start = .
 *(SORT_BY_NAME(SORT_BY_ALIGNMENT(._k_p4wq_initparam.static.*)))
                0x00000000100055d4                _k_p4wq_initparam_list_end = .

_static_thread_data_area
                0x00000000100055d4        0x0
                0x00000000100055d4                __static_thread_data_list_start = .
 *(SORT_BY_NAME(SORT_BY_ALIGNMENT(.__static_thread_data.static.*)))
                0x00000000100055d4                __static_thread_data_list_end = .

device_handles  0x00000000100055d4       0x20
                0x00000000100055d4                __device_handles_start = .
 *(SORT_BY_NAME(SORT_BY_ALIGNMENT(.__device_handles_pass2*)))
 .__device_handles_pass2
                0x00000000100055d4       0x20 zephyr/CMakeFiles/zephyr_final.dir/dev_handles.c.obj
                0x00000000100055d4                __devicehdl_dts_ord_29
                0x00000000100055dc                __devicehdl_dts_ord_14
                0x00000000100055e2                __devicehdl_dts_ord_38
                0x00000000100055ea                __devicehdl_dts_ord_7
                0x00000000100055f4                __device_handles_end = .

ztest           0x00000000100055f4        0x0
                0x00000000100055f4                _ztest_expected_result_entry_list_start = .
 *(SORT_BY_NAME(SORT_BY_ALIGNMENT(._ztest_expected_result_entry.static.*)))
                0x00000000100055f4                _ztest_expected_result_entry_list_end = .
                0x00000000100055f4                _ztest_suite_node_list_start = .
 *(SORT_BY_NAME(SORT_BY_ALIGNMENT(._ztest_suite_node.static.*)))
                0x00000000100055f4                _ztest_suite_node_list_end = .
                0x00000000100055f4                _ztest_unit_test_list_start = .
 *(SORT_BY_NAME(SORT_BY_ALIGNMENT(._ztest_unit_test.static.*)))
                0x00000000100055f4                _ztest_unit_test_list_end = .
                0x00000000100055f4                _ztest_test_rule_list_start = .
 *(SORT_BY_NAME(SORT_BY_ALIGNMENT(._ztest_test_rule.static.*)))
                0x00000000100055f4                _ztest_test_rule_list_end = .

bt_l2cap_fixed_chan_area
                0x00000000100055f4        0x0
                0x00000000100055f4                _bt_l2cap_fixed_chan_list_start = .
 *(SORT_BY_NAME(SORT_BY_ALIGNMENT(._bt_l2cap_fixed_chan.static.*)))
                0x00000000100055f4                _bt_l2cap_fixed_chan_list_end = .

bt_gatt_service_static_area
                0x00000000100055f4        0x0
                0x00000000100055f4                _bt_gatt_service_static_list_start = .
 *(SORT_BY_NAME(SORT_BY_ALIGNMENT(._bt_gatt_service_static.static.*)))
                0x00000000100055f4                _bt_gatt_service_static_list_end = .

log_strings_sections
                0x00000000100055f4        0x0
                0x00000000100055f4                __log_strings_start = .
 *(SORT_BY_NAME(SORT_BY_ALIGNMENT(.log_strings*)))
                0x00000000100055f4                __log_strings_end = .

log_const_sections
                0x00000000100055f4       0x38
                0x00000000100055f4                __log_const_start = .
 *(SORT_BY_NAME(SORT_BY_ALIGNMENT(.log_const_*)))
 .log_const_cbprintf_package
                0x00000000100055f4        0x8 zephyr/libzephyr.a(cbprintf_packaged.c.obj)
                0x00000000100055f4                log_const_cbprintf_package
 .log_const_log
                0x00000000100055fc        0x8 zephyr/libzephyr.a(log_core.c.obj)
                0x00000000100055fc                log_const_log
 .log_const_log_mgmt
                0x0000000010005604        0x8 zephyr/libzephyr.a(log_mgmt.c.obj)
                0x0000000010005604                log_const_log_mgmt
 .log_const_log_uart
                0x000000001000560c        0x8 zephyr/libzephyr.a(log_backend_uart.c.obj)
                0x000000001000560c                log_const_log_uart
 .log_const_os  0x0000000010005614        0x8 zephyr/kernel/libkernel.a(init.c.obj)
                0x0000000010005614                log_const_os
 .log_const_pwm_rpi_pico
                0x000000001000561c        0x8 zephyr/drivers/pwm/libdrivers__pwm.a(pwm_rpi_pico.c.obj)
                0x000000001000561c                log_const_pwm_rpi_pico
 .log_const_soc
                0x0000000010005624        0x8 zephyr/soc/arm/rpi_pico/rp2/libsoc__arm__rpi_pico__rp2.a(soc.c.obj)
                0x0000000010005624                log_const_soc
                0x000000001000562c                __log_const_end = .

log_backend_area
                0x000000001000562c       0x10
                0x000000001000562c                _log_backend_list_start = .
 *(SORT_BY_NAME(SORT_BY_ALIGNMENT(._log_backend.static.*)))
 ._log_backend.static.log_backend_uart
                0x000000001000562c       0x10 zephyr/libzephyr.a(log_backend_uart.c.obj)
                0x000000001000563c                _log_backend_list_end = .

log_link_area   0x000000001000563c        0x0
                0x000000001000563c                _log_link_list_start = .
 *(SORT_BY_NAME(SORT_BY_ALIGNMENT(._log_link.static.*)))
                0x000000001000563c                _log_link_list_end = .

tracing_backend_area
                0x000000001000563c        0x0
                0x000000001000563c                _tracing_backend_list_start = .
 *(SORT_BY_NAME(SORT_BY_ALIGNMENT(._tracing_backend.static.*)))
                0x000000001000563c                _tracing_backend_list_end = .

zephyr_dbg_info
 *(SORT_BY_ALIGNMENT(.dbg_thread_info))

symbol_to_keep  0x000000001000563c        0x0
                0x000000001000563c                __symbol_to_keep_start = .
 *(SORT_BY_NAME(SORT_BY_ALIGNMENT(.symbol_to_keep*)))
                0x000000001000563c                __symbol_to_keep_end = .

shell_area      0x000000001000563c        0x0
                0x000000001000563c                _shell_list_start = .
 *(SORT_BY_NAME(SORT_BY_ALIGNMENT(._shell.static.*)))
                0x000000001000563c                _shell_list_end = .

shell_root_cmds_sections
                0x000000001000563c        0x0
                0x000000001000563c                __shell_root_cmds_start = .
 *(SORT_BY_NAME(SORT_BY_ALIGNMENT(.shell_root_cmd_*)))
                0x000000001000563c                __shell_root_cmds_end = .

shell_subcmds_sections
                0x000000001000563c        0x0
                0x000000001000563c                __shell_subcmds_start = .
 *(SORT_BY_NAME(SORT_BY_ALIGNMENT(.shell_subcmd_*)))
                0x000000001000563c                __shell_subcmds_end = .

shell_dynamic_subcmds_sections
                0x000000001000563c        0x0
                0x000000001000563c                __shell_dynamic_subcmds_start = .
 *(SORT_BY_NAME(SORT_BY_ALIGNMENT(.shell_dynamic_subcmd_*)))
                0x000000001000563c                __shell_dynamic_subcmds_end = .

font_entry_sections
                0x000000001000563c        0x0
                0x000000001000563c                __font_entry_start = .
 *(SORT_BY_NAME(SORT_BY_ALIGNMENT(._cfb_font.*)))
                0x000000001000563c                __font_entry_end = .

rodata          0x000000001000563c      0x604
 *(SORT_BY_ALIGNMENT(.rodata))
 *(SORT_BY_ALIGNMENT(.rodata.*))
 .rodata.format_table
                0x000000001000563c       0x10 zephyr/libzephyr.a(log_core.c.obj)
 .rodata.colors
                0x000000001000564c       0x14 zephyr/libzephyr.a(log_output.c.obj)
 .rodata.severity
                0x0000000010005660       0x14 zephyr/libzephyr.a(log_output.c.obj)
 .rodata.log_backend_uart_api
                0x0000000010005674       0x1c zephyr/libzephyr.a(log_backend_uart.c.obj)
                0x0000000010005674                log_backend_uart_api
 .rodata.log_output_uart
                0x0000000010005690       0x10 zephyr/libzephyr.a(log_backend_uart.c.obj)
 .rodata.gpio_rpi_0_config
                0x00000000100056a0        0x8 zephyr/drivers/gpio/libdrivers__gpio.a(gpio_rpi_pico.c.obj)
 .rodata.gpio_rpi_driver_api
                0x00000000100056a8       0x24 zephyr/drivers/gpio/libdrivers__gpio.a(gpio_rpi_pico.c.obj)
 .rodata.pwm_rpi_config_0
                0x00000000100056cc       0x28 zephyr/drivers/pwm/libdrivers__pwm.a(pwm_rpi_pico.c.obj)
 .rodata.__pinctrl_dev_config__device_dts_ord_29
                0x00000000100056f4        0x8 zephyr/drivers/pwm/libdrivers__pwm.a(pwm_rpi_pico.c.obj)
 .rodata.__pinctrl_states__device_dts_ord_29
                0x00000000100056fc        0x8 zephyr/drivers/pwm/libdrivers__pwm.a(pwm_rpi_pico.c.obj)
 .rodata.__pinctrl_state_pins_0__device_dts_ord_29
                0x0000000010005704        0x4 zephyr/drivers/pwm/libdrivers__pwm.a(pwm_rpi_pico.c.obj)
 .rodata.reset_rpi_config_0
                0x0000000010005708        0xc zephyr/drivers/reset/libdrivers__reset.a(reset_rpi_pico.c.obj)
 .rodata.reset_rpi_driver_api
                0x0000000010005714       0x10 zephyr/drivers/reset/libdrivers__reset.a(reset_rpi_pico.c.obj)
 .rodata.uart0_rpi_config
                0x0000000010005724       0x18 zephyr/drivers/serial/libdrivers__serial.a(uart_rpi_pico.c.obj)
 .rodata.__pinctrl_dev_config__device_dts_ord_38
                0x000000001000573c        0x8 zephyr/drivers/serial/libdrivers__serial.a(uart_rpi_pico.c.obj)
 .rodata.__pinctrl_states__device_dts_ord_38
                0x0000000010005744        0x8 zephyr/drivers/serial/libdrivers__serial.a(uart_rpi_pico.c.obj)
 .rodata.__pinctrl_state_pins_0__device_dts_ord_38
                0x000000001000574c        0x8 zephyr/drivers/serial/libdrivers__serial.a(uart_rpi_pico.c.obj)
 .rodata.uart_rpi_driver_api
                0x0000000010005754       0x4c zephyr/drivers/serial/libdrivers__serial.a(uart_rpi_pico.c.obj)
 .rodata._k_neg_eagain
                0x00000000100057a0        0x4 zephyr/kernel/libkernel.a(errno.c.obj)
                0x00000000100057a0                _k_neg_eagain
 .rodata.CSWTCH.10
                0x00000000100057a4       0x14 zephyr/kernel/libkernel.a(fatal.c.obj)
 .rodata.levels.0
                0x00000000100057b8       0x18 zephyr/kernel/libkernel.a(init.c.obj)
 .rodata.main.str1.1
                0x00000000100057d0       0xea app/libapp.a(main.c.obj)
 .rodata.str1.1
                0x00000000100058ba       0x11 zephyr/libzephyr.a(cbprintf_packaged.c.obj)
 .rodata.z_cbvprintf_impl.str1.1
                0x00000000100058cb        0x6 zephyr/libzephyr.a(cbprintf_complete.c.obj)
 .rodata.str1.1
                0x00000000100058d1        0x4 zephyr/libzephyr.a(log_core.c.obj)
 .rodata.str1.1
                0x00000000100058d5        0x9 zephyr/libzephyr.a(log_mgmt.c.obj)
 .rodata.newline_print.str1.1
                0x00000000100058de        0x3 zephyr/libzephyr.a(log_output.c.obj)
                                          0x5 (size before relaxing)
 .rodata.log_output_process.str1.1
                0x00000000100058e1       0x4f zephyr/libzephyr.a(log_output.c.obj)
                                         0x51 (size before relaxing)
 .rodata.str1.1
                0x0000000010005930       0x20 zephyr/libzephyr.a(log_output.c.obj)
 .rodata.str1.1
                0x0000000010005950       0x1a zephyr/libzephyr.a(log_backend_uart.c.obj)
 .rodata.z_arm_fatal_error.str1.1
                0x000000001000596a       0x9b zephyr/arch/arch/arm/core/aarch32/libarch__arm__core__aarch32.a(fatal.c.obj)
 .rodata.z_arm_fault.str1.1
                0x0000000010005a05       0x9f zephyr/arch/arch/arm/core/aarch32/cortex_m/libarch__arm__core__aarch32__cortex_m.a(fault.c.obj)
 .rodata.str1.1
                0x0000000010005aa4        0x4 zephyr/soc/arm/rpi_pico/rp2/libsoc__arm__rpi_pico__rp2.a(soc.c.obj)
 .rodata.str1.1
                0x0000000010005aa8        0xe zephyr/drivers/gpio/libdrivers__gpio.a(gpio_rpi_pico.c.obj)
 .rodata.z_log_msg_runtime_create.constprop.0.str1.1
                0x0000000010005ab6       0x29 zephyr/drivers/pwm/libdrivers__pwm.a(pwm_rpi_pico.c.obj)
 .rodata.str1.1
                0x0000000010005adf       0x1a zephyr/drivers/pwm/libdrivers__pwm.a(pwm_rpi_pico.c.obj)
 .rodata.str1.1
                0x0000000010005af9       0x1a zephyr/drivers/reset/libdrivers__reset.a(reset_rpi_pico.c.obj)
 .rodata.CSWTCH.19
                0x0000000010005b13        0x3 zephyr/drivers/serial/libdrivers__serial.a(uart_rpi_pico.c.obj)
 .rodata.str1.1
                0x0000000010005b16        0xe zephyr/drivers/serial/libdrivers__serial.a(uart_rpi_pico.c.obj)
 .rodata.k_sys_fatal_error_handler.str1.1
                0x0000000010005b24        0xf zephyr/kernel/libkernel.a(fatal.c.obj)
 .rodata.z_fatal_error.str1.1
                0x0000000010005b33       0x77 zephyr/kernel/libkernel.a(fatal.c.obj)
 .rodata.str1.1
                0x0000000010005baa       0x4a zephyr/kernel/libkernel.a(fatal.c.obj)
 .rodata.z_cstart.str1.1
                0x0000000010005bf4        0x5 zephyr/kernel/libkernel.a(init.c.obj)
 .rodata.str1.1
                0x0000000010005bf9        0x3 zephyr/kernel/libkernel.a(init.c.obj)
 .rodata.boot_banner.str1.1
                0x0000000010005bfc       0x42 zephyr/kernel/libkernel.a(banner.c.obj)
 *(SORT_BY_ALIGNMENT(.gnu.linkonce.r.*))
                0x0000000010005c40                . = ALIGN (0x4)
 *fill*         0x0000000010005c3e        0x2 
                0x0000000010005c40                __rodata_region_end = .
                0x0000000010005c40                . = ALIGN (_region_min_align)
                0x0000000010005c40                __rom_region_end = ((__rom_region_start + .) - ADDR (rom_start))

/DISCARD/
 *(SORT_BY_ALIGNMENT(.got.plt))
 *(SORT_BY_ALIGNMENT(.igot.plt))
 *(SORT_BY_ALIGNMENT(.got))
 *(SORT_BY_ALIGNMENT(.igot))
                0x0000000020000000                . = 0x20000000
                0x0000000020000000                . = ALIGN (_region_min_align)
                0x0000000020000000                _image_ram_start = .

.ramfunc        0x0000000020000000        0x0 load address 0x0000000010005c40
                0x0000000020000000                . = ALIGN (_region_min_align)
                0x0000000020000000                __ramfunc_start = .
 *(SORT_BY_ALIGNMENT(.ramfunc))
 *(SORT_BY_ALIGNMENT(.ramfunc.*))
                0x0000000020000000                . = ALIGN (_region_min_align)
                0x0000000020000000                __ramfunc_end = .
                0x0000000000000000                __ramfunc_size = (__ramfunc_end - __ramfunc_start)
                0x0000000010005c40                __ramfunc_load_start = LOADADDR (.ramfunc)

datas           0x0000000020000000       0x2c load address 0x0000000010005c40
                0x0000000020000000                __data_region_start = .
                0x0000000020000000                __data_start = .
 *(SORT_BY_ALIGNMENT(.data))
 *(SORT_BY_ALIGNMENT(.data.*))
 .data._char_out
                0x0000000020000000        0x4 zephyr/libzephyr.a(printk.c.obj)
                0x0000000020000000                _char_out
 .data.timestamp_func
                0x0000000020000004        0x4 zephyr/libzephyr.a(log_core.c.obj)
 .data._stdout_hook
                0x0000000020000008        0x4 zephyr/lib/libc/minimal/liblib__libc__minimal.a(stdout_console.c.obj)
 .data.pwm_rpi_driver_api
                0x000000002000000c        0x8 zephyr/drivers/pwm/libdrivers__pwm.a(pwm_rpi_pico.c.obj)
                0x000000002000000c                pwm_rpi_driver_api
 .data.uart0_rpi_data
                0x0000000020000014       0x10 zephyr/drivers/serial/libdrivers__serial.a(uart_rpi_pico.c.obj)
 .data.timeout_list
                0x0000000020000024        0x8 zephyr/kernel/libkernel.a(timeout.c.obj)
 *(SORT_BY_ALIGNMENT(.kernel.*))
                0x000000002000002c                __data_end = .
                0x000000000000002c                __data_size = (__data_end - __data_start)
                0x0000000010005c40                __data_load_start = LOADADDR (datas)
                0x0000000010005c40                __data_region_load_start = LOADADDR (datas)

device_states   0x000000002000002c        0x8 load address 0x0000000010005c6c
                0x000000002000002c                __device_states_start = .
 *(SORT_BY_ALIGNMENT(.z_devstate))
 .z_devstate    0x000000002000002c        0x2 zephyr/drivers/gpio/libdrivers__gpio.a(gpio_rpi_pico.c.obj)
 .z_devstate    0x000000002000002e        0x2 zephyr/drivers/pwm/libdrivers__pwm.a(pwm_rpi_pico.c.obj)
 .z_devstate    0x0000000020000030        0x2 zephyr/drivers/reset/libdrivers__reset.a(reset_rpi_pico.c.obj)
 .z_devstate    0x0000000020000032        0x2 zephyr/drivers/serial/libdrivers__serial.a(uart_rpi_pico.c.obj)
 *(SORT_BY_ALIGNMENT(.z_devstate.*))
                0x0000000020000034                __device_states_end = .

initshell       0x0000000020000034        0x0 load address 0x0000000010005c74
                0x0000000020000034                __shell_module_start = .
 *(SORT_BY_ALIGNMENT(.shell_module_*))
                0x0000000020000034                __shell_module_end = .
                0x0000000020000034                __shell_cmd_start = .
 *(SORT_BY_ALIGNMENT(.shell_cmd_*))
                0x0000000020000034                __shell_cmd_end = .

log_mpsc_pbuf_area
                0x0000000020000034        0x0 load address 0x0000000010005c74
                0x0000000020000034                _log_mpsc_pbuf_list_start = .
 *(SORT_BY_NAME(SORT_BY_ALIGNMENT(._log_mpsc_pbuf.static.*)))
                0x0000000020000034                _log_mpsc_pbuf_list_end = .

log_msg_ptr_area
                0x0000000020000034        0x4 load address 0x0000000010005c74
                0x0000000020000034                _log_msg_ptr_list_start = .
 *(SORT_BY_NAME(SORT_BY_ALIGNMENT(._log_msg_ptr.static.*)))
 ._log_msg_ptr.static.log_msg_ptr
                0x0000000020000034        0x4 zephyr/libzephyr.a(log_core.c.obj)
                0x0000000020000038                _log_msg_ptr_list_end = .

log_dynamic_sections
                0x0000000020000038        0x0 load address 0x0000000010005c78
                0x0000000020000038                __log_dynamic_start = .
 *(SORT_BY_NAME(SORT_BY_ALIGNMENT(.log_dynamic_*)))
                0x0000000020000038                __log_dynamic_end = .

k_timer_area    0x0000000020000038        0x0 load address 0x0000000010005c78
                0x0000000020000038                _k_timer_list_start = .
 *(SORT_BY_NAME(SORT_BY_ALIGNMENT(._k_timer.static.*)))
                0x0000000020000038                _k_timer_list_end = .

k_mem_slab_area
                0x0000000020000038        0x0 load address 0x0000000010005c78
                0x0000000020000038                _k_mem_slab_list_start = .
 *(SORT_BY_NAME(SORT_BY_ALIGNMENT(._k_mem_slab.static.*)))
                0x0000000020000038                _k_mem_slab_list_end = .

k_heap_area     0x0000000020000038        0x0 load address 0x0000000010005c78
                0x0000000020000038                _k_heap_list_start = .
 *(SORT_BY_NAME(SORT_BY_ALIGNMENT(._k_heap.static.*)))
                0x0000000020000038                _k_heap_list_end = .

k_mutex_area    0x0000000020000038        0x0 load address 0x0000000010005c78
                0x0000000020000038                _k_mutex_list_start = .
 *(SORT_BY_NAME(SORT_BY_ALIGNMENT(._k_mutex.static.*)))
                0x0000000020000038                _k_mutex_list_end = .

k_stack_area    0x0000000020000038        0x0 load address 0x0000000010005c78
                0x0000000020000038                _k_stack_list_start = .
 *(SORT_BY_NAME(SORT_BY_ALIGNMENT(._k_stack.static.*)))
                0x0000000020000038                _k_stack_list_end = .

k_msgq_area     0x0000000020000038        0x0 load address 0x0000000010005c78
                0x0000000020000038                _k_msgq_list_start = .
 *(SORT_BY_NAME(SORT_BY_ALIGNMENT(._k_msgq.static.*)))
                0x0000000020000038                _k_msgq_list_end = .

k_mbox_area     0x0000000020000038        0x0 load address 0x0000000010005c78
                0x0000000020000038                _k_mbox_list_start = .
 *(SORT_BY_NAME(SORT_BY_ALIGNMENT(._k_mbox.static.*)))
                0x0000000020000038                _k_mbox_list_end = .

k_pipe_area     0x0000000020000038        0x0 load address 0x0000000010005c78
                0x0000000020000038                _k_pipe_list_start = .
 *(SORT_BY_NAME(SORT_BY_ALIGNMENT(._k_pipe.static.*)))
                0x0000000020000038                _k_pipe_list_end = .

k_sem_area      0x0000000020000038        0x0 load address 0x0000000010005c78
                0x0000000020000038                _k_sem_list_start = .
 *(SORT_BY_NAME(SORT_BY_ALIGNMENT(._k_sem.static.*)))
                0x0000000020000038                _k_sem_list_end = .

k_event_area    0x0000000020000038        0x0 load address 0x0000000010005c78
                0x0000000020000038                _k_event_list_start = .
 *(SORT_BY_NAME(SORT_BY_ALIGNMENT(._k_event.static.*)))
                0x0000000020000038                _k_event_list_end = .

k_queue_area    0x0000000020000038        0x0 load address 0x0000000010005c78
                0x0000000020000038                _k_queue_list_start = .
 *(SORT_BY_NAME(SORT_BY_ALIGNMENT(._k_queue.static.*)))
                0x0000000020000038                _k_queue_list_end = .

k_condvar_area  0x0000000020000038        0x0 load address 0x0000000010005c78
                0x0000000020000038                _k_condvar_list_start = .
 *(SORT_BY_NAME(SORT_BY_ALIGNMENT(._k_condvar.static.*)))
                0x0000000020000038                _k_condvar_list_end = .

_net_buf_pool_area
                0x0000000020000038        0x0 load address 0x0000000010005c78
                0x0000000020000038                _net_buf_pool_list = .
 *(SORT_BY_NAME(SORT_BY_ALIGNMENT(._net_buf_pool.static.*)))
                0x0000000020000038                __data_region_end = .

bss             0x0000000020000038      0x1b5
                0x0000000020000038                . = ALIGN (0x4)
                0x0000000020000038                __bss_start = .
                0x0000000020000038                __kernel_ram_start = .
 *(SORT_BY_ALIGNMENT(.bss))
 *(SORT_BY_ALIGNMENT(.bss.*))
 .bss.z_idle_threads
                0x0000000020000038       0x70 zephyr/kernel/libkernel.a(init.c.obj)
                0x0000000020000038                z_idle_threads
 .bss.z_main_thread
                0x00000000200000a8       0x70 zephyr/kernel/libkernel.a(init.c.obj)
                0x00000000200000a8                z_main_thread
 .bss.slice_timeouts
                0x0000000020000118       0x18 zephyr/kernel/libkernel.a(sched.c.obj)
                0x0000000020000118                slice_timeouts
 .bss.curr_tick
                0x0000000020000130        0x8 zephyr/kernel/libkernel.a(timeout.c.obj)
 .bss.dropped_cnt
                0x0000000020000138        0x4 zephyr/libzephyr.a(log_core.c.obj)
 .bss.buffered_cnt
                0x000000002000013c        0x4 zephyr/libzephyr.a(log_core.c.obj)
 .bss.initialized
                0x0000000020000140        0x4 zephyr/libzephyr.a(log_core.c.obj)
 .bss.timestamp_div
                0x0000000020000144        0x4 zephyr/libzephyr.a(log_output.c.obj)
 .bss.freq      0x0000000020000148        0x4 zephyr/libzephyr.a(log_output.c.obj)
 .bss.backend_cb_log_backend_uart
                0x000000002000014c        0x8 zephyr/libzephyr.a(log_backend_uart.c.obj)
 .bss.log_output_uart_control_block
                0x0000000020000154        0xc zephyr/libzephyr.a(log_backend_uart.c.obj)
 .bss.log_format_current
                0x0000000020000160        0x4 zephyr/libzephyr.a(log_backend_uart.c.obj)
 .bss.gpio_rpi_0_data
                0x0000000020000164       0x18 zephyr/drivers/gpio/libdrivers__gpio.a(gpio_rpi_pico.c.obj)
 .bss.overflow_cyc
                0x000000002000017c        0x4 zephyr/drivers/timer/libdrivers__timer.a(cortex_m_systick.c.obj)
 .bss.announced_cycles
                0x0000000020000180        0x4 zephyr/drivers/timer/libdrivers__timer.a(cortex_m_systick.c.obj)
 .bss.cycle_count
                0x0000000020000184        0x4 zephyr/drivers/timer/libdrivers__timer.a(cortex_m_systick.c.obj)
 .bss.last_load
                0x0000000020000188        0x4 zephyr/drivers/timer/libdrivers__timer.a(cortex_m_systick.c.obj)
 .bss.configured_freq
                0x000000002000018c       0x28 modules/hal_rpi_pico/libmodules__hal_rpi_pico.a(clocks.c.obj)
 .bss._kernel   0x00000000200001b4       0x20 zephyr/kernel/libkernel.a(init.c.obj)
                0x00000000200001b4                _kernel
 .bss.pending_current
                0x00000000200001d4        0x4 zephyr/kernel/libkernel.a(sched.c.obj)
 .bss.slice_max_prio
                0x00000000200001d8        0x4 zephyr/kernel/libkernel.a(sched.c.obj)
 .bss.slice_ticks
                0x00000000200001dc        0x4 zephyr/kernel/libkernel.a(sched.c.obj)
 .bss.announce_remaining
                0x00000000200001e0        0x4 zephyr/kernel/libkernel.a(timeout.c.obj)
 .bss.uart_char_to_line_feed
                0x00000000200001e4        0x4 modules/hal_rpi_pico/libmodules__hal_rpi_pico.a(uart.c.obj)
                0x00000000200001e4                uart_char_to_line_feed
 .bss.panic_mode
                0x00000000200001e8        0x1 zephyr/libzephyr.a(log_core.c.obj)
 .bss.uart_output_buf
                0x00000000200001e9        0x1 zephyr/libzephyr.a(log_backend_uart.c.obj)
 .bss.in_panic  0x00000000200001ea        0x1 zephyr/libzephyr.a(log_backend_uart.c.obj)
 .bss.z_sys_post_kernel
                0x00000000200001eb        0x1 zephyr/kernel/libkernel.a(init.c.obj)
                0x00000000200001eb                z_sys_post_kernel
 .bss.slice_expired
                0x00000000200001ec        0x1 zephyr/kernel/libkernel.a(sched.c.obj)
                0x00000000200001ec                slice_expired
 .bss.sched_spinlock
                0x00000000200001ed        0x0 zephyr/kernel/libkernel.a(sched.c.obj)
                0x00000000200001ed                sched_spinlock
 *(SORT_BY_ALIGNMENT(COMMON))
 *(SORT_BY_ALIGNMENT(.kernel_bss.*))
                0x00000000200001f0                __bss_end = ALIGN (0x4)

noinit          0x00000000200001f0      0xd00
 *(SORT_BY_ALIGNMENT(.noinit))
 *(SORT_BY_ALIGNMENT(.noinit.*))
 .noinit."WEST_TOPDIR/zephyr/kernel/init.c".2
                0x00000000200001f0      0x800 zephyr/kernel/libkernel.a(init.c.obj)
                0x00000000200001f0                z_interrupt_stacks
 .noinit."WEST_TOPDIR/zephyr/kernel/init.c".1
                0x00000000200009f0      0x100 zephyr/kernel/libkernel.a(init.c.obj)
 .noinit."WEST_TOPDIR/zephyr/kernel/init.c".0
                0x0000000020000af0      0x400 zephyr/kernel/libkernel.a(init.c.obj)
                0x0000000020000af0                z_main_stack
 *(SORT_BY_ALIGNMENT(.kernel_noinit.*))
                0x0000000020000ef0                _image_ram_end = .
                0x0000000020000ef0                _end = .
                0x0000000020042000                __kernel_ram_end = 0x20042000
                0x0000000000041fc8                __kernel_ram_size = (__kernel_ram_end - __kernel_ram_start)

/DISCARD/
 *(SORT_BY_ALIGNMENT(.irq_info*))
 *(SORT_BY_ALIGNMENT(.intList*))

.stab
 *(SORT_BY_ALIGNMENT(.stab))

.stabstr
 *(SORT_BY_ALIGNMENT(.stabstr))

.stab.excl
 *(SORT_BY_ALIGNMENT(.stab.excl))

.stab.exclstr
 *(SORT_BY_ALIGNMENT(.stab.exclstr))

.stab.index
 *(SORT_BY_ALIGNMENT(.stab.index))

.stab.indexstr
 *(SORT_BY_ALIGNMENT(.stab.indexstr))

.gnu.build.attributes
 *(SORT_BY_ALIGNMENT(.gnu.build.attributes) SORT_BY_ALIGNMENT(.gnu.build.attributes.*))

.comment        0x0000000000000000       0x20
 *(SORT_BY_ALIGNMENT(.comment))
 .comment       0x0000000000000000       0x20 zephyr/CMakeFiles/zephyr_final.dir/dev_handles.c.obj
                                         0x21 (size before relaxing)
 .comment       0x0000000000000020       0x21 zephyr/CMakeFiles/zephyr_final.dir/isr_tables.c.obj
 .comment       0x0000000000000020       0x21 zephyr/CMakeFiles/offsets.dir/./arch/arm/core/offsets/offsets.c.obj
 .comment       0x0000000000000020       0x21 app/libapp.a(main.c.obj)
 .comment       0x0000000000000020       0x21 zephyr/libzephyr.a(cbprintf_packaged.c.obj)
 .comment       0x0000000000000020       0x21 zephyr/libzephyr.a(printk.c.obj)
 .comment       0x0000000000000020       0x21 zephyr/libzephyr.a(thread_entry.c.obj)
 .comment       0x0000000000000020       0x21 zephyr/libzephyr.a(cbprintf_complete.c.obj)
 .comment       0x0000000000000020       0x21 zephyr/libzephyr.a(configs.c.obj)
 .comment       0x0000000000000020       0x21 zephyr/libzephyr.a(log_core.c.obj)
 .comment       0x0000000000000020       0x21 zephyr/libzephyr.a(log_mgmt.c.obj)
 .comment       0x0000000000000020       0x21 zephyr/libzephyr.a(log_msg.c.obj)
 .comment       0x0000000000000020       0x21 zephyr/libzephyr.a(log_output.c.obj)
 .comment       0x0000000000000020       0x21 zephyr/libzephyr.a(log_backend_uart.c.obj)
 .comment       0x0000000000000020       0x21 zephyr/arch/arch/arm/core/aarch32/libarch__arm__core__aarch32.a(fatal.c.obj)
 .comment       0x0000000000000020       0x21 zephyr/arch/arch/arm/core/aarch32/libarch__arm__core__aarch32.a(irq_manage.c.obj)
 .comment       0x0000000000000020       0x21 zephyr/arch/arch/arm/core/aarch32/libarch__arm__core__aarch32.a(nmi.c.obj)
 .comment       0x0000000000000020       0x21 zephyr/arch/arch/arm/core/aarch32/libarch__arm__core__aarch32.a(prep_c.c.obj)
 .comment       0x0000000000000020       0x21 zephyr/arch/arch/arm/core/aarch32/libarch__arm__core__aarch32.a(swap.c.obj)
 .comment       0x0000000000000020       0x21 zephyr/arch/arch/arm/core/aarch32/libarch__arm__core__aarch32.a(thread.c.obj)
 .comment       0x0000000000000020       0x21 zephyr/arch/arch/arm/core/aarch32/cortex_m/libarch__arm__core__aarch32__cortex_m.a(fault.c.obj)
 .comment       0x0000000000000020       0x21 zephyr/arch/arch/arm/core/aarch32/cortex_m/libarch__arm__core__aarch32__cortex_m.a(irq_init.c.obj)
 .comment       0x0000000000000020       0x21 zephyr/arch/arch/arm/core/aarch32/cortex_m/libarch__arm__core__aarch32__cortex_m.a(thread_abort.c.obj)
 .comment       0x0000000000000020       0x21 zephyr/lib/libc/minimal/liblib__libc__minimal.a(string.c.obj)
 .comment       0x0000000000000020       0x21 zephyr/lib/libc/minimal/liblib__libc__minimal.a(stdout_console.c.obj)
 .comment       0x0000000000000020       0x21 zephyr/soc/arm/rpi_pico/rp2/libsoc__arm__rpi_pico__rp2.a(soc.c.obj)
 .comment       0x0000000000000020       0x21 zephyr/drivers/console/libdrivers__console.a(uart_console.c.obj)
 .comment       0x0000000000000020       0x21 zephyr/drivers/gpio/libdrivers__gpio.a(gpio_rpi_pico.c.obj)
 .comment       0x0000000000000020       0x21 zephyr/drivers/pinctrl/libdrivers__pinctrl.a(common.c.obj)
 .comment       0x0000000000000020       0x21 zephyr/drivers/pinctrl/libdrivers__pinctrl.a(pinctrl_rpi_pico.c.obj)
 .comment       0x0000000000000020       0x21 zephyr/drivers/pwm/libdrivers__pwm.a(pwm_rpi_pico.c.obj)
 .comment       0x0000000000000020       0x21 zephyr/drivers/reset/libdrivers__reset.a(reset_rpi_pico.c.obj)
 .comment       0x0000000000000020       0x21 zephyr/drivers/serial/libdrivers__serial.a(uart_rpi_pico.c.obj)
 .comment       0x0000000000000020       0x21 zephyr/drivers/timer/libdrivers__timer.a(cortex_m_systick.c.obj)
 .comment       0x0000000000000020       0x21 modules/hal_rpi_pico/libmodules__hal_rpi_pico.a(clocks.c.obj)
 .comment       0x0000000000000020       0x21 modules/hal_rpi_pico/libmodules__hal_rpi_pico.a(pll.c.obj)
 .comment       0x0000000000000020       0x21 modules/hal_rpi_pico/libmodules__hal_rpi_pico.a(xosc.c.obj)
 .comment       0x0000000000000020       0x21 modules/hal_rpi_pico/libmodules__hal_rpi_pico.a(watchdog.c.obj)
 .comment       0x0000000000000020       0x21 modules/hal_rpi_pico/libmodules__hal_rpi_pico.a(platform.c.obj)
 .comment       0x0000000000000020       0x21 modules/hal_rpi_pico/libmodules__hal_rpi_pico.a(gpio.c.obj)
 .comment       0x0000000000000020       0x21 modules/hal_rpi_pico/libmodules__hal_rpi_pico.a(uart.c.obj)
 .comment       0x0000000000000020       0x21 zephyr/kernel/libkernel.a(device.c.obj)
 .comment       0x0000000000000020       0x21 zephyr/kernel/libkernel.a(errno.c.obj)
 .comment       0x0000000000000020       0x21 zephyr/kernel/libkernel.a(fatal.c.obj)
 .comment       0x0000000000000020       0x21 zephyr/kernel/libkernel.a(init.c.obj)
 .comment       0x0000000000000020       0x21 zephyr/kernel/libkernel.a(thread.c.obj)
 .comment       0x0000000000000020       0x21 zephyr/kernel/libkernel.a(idle.c.obj)
 .comment       0x0000000000000020       0x21 zephyr/kernel/libkernel.a(sched.c.obj)
 .comment       0x0000000000000020       0x21 zephyr/kernel/libkernel.a(xip.c.obj)
 .comment       0x0000000000000020       0x21 zephyr/kernel/libkernel.a(timeout.c.obj)
 .comment       0x0000000000000020       0x21 zephyr/kernel/libkernel.a(atomic_c.c.obj)
 .comment       0x0000000000000020       0x21 zephyr/kernel/libkernel.a(banner.c.obj)

.debug
 *(SORT_BY_ALIGNMENT(.debug))

.line
 *(SORT_BY_ALIGNMENT(.line))

.debug_srcinfo
 *(SORT_BY_ALIGNMENT(.debug_srcinfo))

.debug_sfnames
 *(SORT_BY_ALIGNMENT(.debug_sfnames))

.debug_aranges  0x0000000000000000     0x1248
 *(SORT_BY_ALIGNMENT(.debug_aranges))
 .debug_aranges
                0x0000000000000000       0x30 zephyr/arch/arch/arm/core/aarch32/libarch__arm__core__aarch32.a(cpu_idle.S.obj)
 .debug_aranges
                0x0000000000000030       0x20 zephyr/arch/arch/arm/core/aarch32/libarch__arm__core__aarch32.a(nmi_on_reset.S.obj)
 .debug_aranges
                0x0000000000000050       0x28 zephyr/arch/arch/arm/core/aarch32/libarch__arm__core__aarch32.a(swap_helper.S.obj)
 .debug_aranges
                0x0000000000000078       0x20 zephyr/arch/arch/arm/core/aarch32/libarch__arm__core__aarch32.a(isr_wrapper.S.obj)
 .debug_aranges
                0x0000000000000098       0x20 zephyr/arch/arch/arm/core/aarch32/cortex_m/libarch__arm__core__aarch32__cortex_m.a(exc_exit.S.obj)
 .debug_aranges
                0x00000000000000b8       0x20 zephyr/arch/arch/arm/core/aarch32/cortex_m/libarch__arm__core__aarch32__cortex_m.a(fault_s.S.obj)
 .debug_aranges
                0x00000000000000d8       0x20 zephyr/arch/arch/arm/core/aarch32/cortex_m/libarch__arm__core__aarch32__cortex_m.a(reset.S.obj)
 .debug_aranges
                0x00000000000000f8       0x18 zephyr/CMakeFiles/zephyr_final.dir/dev_handles.c.obj
 .debug_aranges
                0x0000000000000110       0x18 zephyr/CMakeFiles/zephyr_final.dir/isr_tables.c.obj
 .debug_aranges
                0x0000000000000128       0x20 zephyr/CMakeFiles/offsets.dir/./arch/arm/core/offsets/offsets.c.obj
 .debug_aranges
                0x0000000000000148       0x28 app/libapp.a(main.c.obj)
 .debug_aranges
                0x0000000000000170       0x48 zephyr/libzephyr.a(cbprintf_packaged.c.obj)
 .debug_aranges
                0x00000000000001b8       0x60 zephyr/libzephyr.a(printk.c.obj)
 .debug_aranges
                0x0000000000000218       0x20 zephyr/libzephyr.a(thread_entry.c.obj)
 .debug_aranges
                0x0000000000000238       0x30 zephyr/libzephyr.a(cbprintf_complete.c.obj)
 .debug_aranges
                0x0000000000000268       0x20 zephyr/libzephyr.a(configs.c.obj)
 .debug_aranges
                0x0000000000000288      0x150 zephyr/libzephyr.a(log_core.c.obj)
 .debug_aranges
                0x00000000000003d8       0xa8 zephyr/libzephyr.a(log_mgmt.c.obj)
 .debug_aranges
                0x0000000000000480       0x40 zephyr/libzephyr.a(log_msg.c.obj)
 .debug_aranges
                0x00000000000004c0       0x78 zephyr/libzephyr.a(log_output.c.obj)
 .debug_aranges
                0x0000000000000538       0x40 zephyr/libzephyr.a(log_backend_uart.c.obj)
 .debug_aranges
                0x0000000000000578       0x38 zephyr/arch/arch/arm/core/aarch32/libarch__arm__core__aarch32.a(fatal.c.obj)
 .debug_aranges
                0x00000000000005b0       0x40 zephyr/arch/arch/arm/core/aarch32/libarch__arm__core__aarch32.a(irq_manage.c.obj)
 .debug_aranges
                0x00000000000005f0       0x20 zephyr/arch/arch/arm/core/aarch32/libarch__arm__core__aarch32.a(nmi.c.obj)
 .debug_aranges
                0x0000000000000610       0x20 zephyr/arch/arch/arm/core/aarch32/libarch__arm__core__aarch32.a(prep_c.c.obj)
 .debug_aranges
                0x0000000000000630       0x20 zephyr/arch/arch/arm/core/aarch32/libarch__arm__core__aarch32.a(swap.c.obj)
 .debug_aranges
                0x0000000000000650       0x28 zephyr/arch/arch/arm/core/aarch32/libarch__arm__core__aarch32.a(thread.c.obj)
 .debug_aranges
                0x0000000000000678       0x30 zephyr/arch/arch/arm/core/aarch32/cortex_m/libarch__arm__core__aarch32__cortex_m.a(fault.c.obj)
 .debug_aranges
                0x00000000000006a8       0x20 zephyr/arch/arch/arm/core/aarch32/cortex_m/libarch__arm__core__aarch32__cortex_m.a(irq_init.c.obj)
 .debug_aranges
                0x00000000000006c8       0x20 zephyr/arch/arch/arm/core/aarch32/cortex_m/libarch__arm__core__aarch32__cortex_m.a(thread_abort.c.obj)
 .debug_aranges
                0x00000000000006e8       0x98 zephyr/lib/libc/minimal/liblib__libc__minimal.a(string.c.obj)
 .debug_aranges
                0x0000000000000780       0x58 zephyr/lib/libc/minimal/liblib__libc__minimal.a(stdout_console.c.obj)
 .debug_aranges
                0x00000000000007d8       0x20 zephyr/soc/arm/rpi_pico/rp2/libsoc__arm__rpi_pico__rp2.a(soc.c.obj)
 .debug_aranges
                0x00000000000007f8       0x30 zephyr/drivers/console/libdrivers__console.a(uart_console.c.obj)
 .debug_aranges
                0x0000000000000828       0x70 zephyr/drivers/gpio/libdrivers__gpio.a(gpio_rpi_pico.c.obj)
 .debug_aranges
                0x0000000000000898       0x20 zephyr/drivers/pinctrl/libdrivers__pinctrl.a(common.c.obj)
 .debug_aranges
                0x00000000000008b8       0x20 zephyr/drivers/pinctrl/libdrivers__pinctrl.a(pinctrl_rpi_pico.c.obj)
 .debug_aranges
                0x00000000000008d8       0x38 zephyr/drivers/pwm/libdrivers__pwm.a(pwm_rpi_pico.c.obj)
 .debug_aranges
                0x0000000000000910       0x50 zephyr/drivers/reset/libdrivers__reset.a(reset_rpi_pico.c.obj)
 .debug_aranges
                0x0000000000000960       0xd0 zephyr/drivers/serial/libdrivers__serial.a(uart_rpi_pico.c.obj)
 .debug_aranges
                0x0000000000000a30       0x58 zephyr/drivers/timer/libdrivers__timer.a(cortex_m_systick.c.obj)
 .debug_aranges
                0x0000000000000a88       0x68 modules/hal_rpi_pico/libmodules__hal_rpi_pico.a(clocks.c.obj)
 .debug_aranges
                0x0000000000000af0       0x28 modules/hal_rpi_pico/libmodules__hal_rpi_pico.a(pll.c.obj)
 .debug_aranges
                0x0000000000000b18       0x30 modules/hal_rpi_pico/libmodules__hal_rpi_pico.a(xosc.c.obj)
 .debug_aranges
                0x0000000000000b48       0x58 modules/hal_rpi_pico/libmodules__hal_rpi_pico.a(watchdog.c.obj)
 .debug_aranges
                0x0000000000000ba0       0x28 modules/hal_rpi_pico/libmodules__hal_rpi_pico.a(platform.c.obj)
 .debug_aranges
                0x0000000000000bc8       0xf8 modules/hal_rpi_pico/libmodules__hal_rpi_pico.a(gpio.c.obj)
 .debug_aranges
                0x0000000000000cc0       0x40 modules/hal_rpi_pico/libmodules__hal_rpi_pico.a(uart.c.obj)
 .debug_aranges
                0x0000000000000d00       0x50 zephyr/kernel/libkernel.a(device.c.obj)
 .debug_aranges
                0x0000000000000d50       0x20 zephyr/kernel/libkernel.a(errno.c.obj)
 .debug_aranges
                0x0000000000000d70       0x68 zephyr/kernel/libkernel.a(fatal.c.obj)
 .debug_aranges
                0x0000000000000dd8       0x50 zephyr/kernel/libkernel.a(init.c.obj)
 .debug_aranges
                0x0000000000000e28       0xb8 zephyr/kernel/libkernel.a(thread.c.obj)
 .debug_aranges
                0x0000000000000ee0       0x28 zephyr/kernel/libkernel.a(idle.c.obj)
 .debug_aranges
                0x0000000000000f08      0x1f8 zephyr/kernel/libkernel.a(sched.c.obj)
 .debug_aranges
                0x0000000000001100       0x20 zephyr/kernel/libkernel.a(xip.c.obj)
 .debug_aranges
                0x0000000000001120       0x90 zephyr/kernel/libkernel.a(timeout.c.obj)
 .debug_aranges
                0x00000000000011b0       0x78 zephyr/kernel/libkernel.a(atomic_c.c.obj)
 .debug_aranges
                0x0000000000001228       0x20 zephyr/kernel/libkernel.a(banner.c.obj)

.debug_pubnames
 *(SORT_BY_ALIGNMENT(.debug_pubnames))

.debug_info     0x0000000000000000    0x29934
 *(SORT_BY_ALIGNMENT(.debug_info) SORT_BY_ALIGNMENT(.gnu.linkonce.wi.*))
 .debug_info    0x0000000000000000      0x121 zephyr/CMakeFiles/zephyr_final.dir/dev_handles.c.obj
 .debug_info    0x0000000000000121      0x17d zephyr/CMakeFiles/zephyr_final.dir/isr_tables.c.obj
 .debug_info    0x000000000000029e       0xd0 zephyr/CMakeFiles/offsets.dir/./arch/arm/core/offsets/offsets.c.obj
 .debug_info    0x000000000000036e      0xab9 app/libapp.a(main.c.obj)
 .debug_info    0x0000000000000e27     0x179a zephyr/libzephyr.a(cbprintf_packaged.c.obj)
 .debug_info    0x00000000000025c1      0x610 zephyr/libzephyr.a(printk.c.obj)
 .debug_info    0x0000000000002bd1      0x5d2 zephyr/libzephyr.a(thread_entry.c.obj)
 .debug_info    0x00000000000031a3     0x1081 zephyr/libzephyr.a(cbprintf_complete.c.obj)
 .debug_info    0x0000000000004224       0x38 zephyr/libzephyr.a(configs.c.obj)
 .debug_info    0x000000000000425c     0x2f9c zephyr/libzephyr.a(log_core.c.obj)
 .debug_info    0x00000000000071f8     0x1fca zephyr/libzephyr.a(log_mgmt.c.obj)
 .debug_info    0x00000000000091c2      0xf13 zephyr/libzephyr.a(log_msg.c.obj)
 .debug_info    0x000000000000a0d5     0x1c3c zephyr/libzephyr.a(log_output.c.obj)
 .debug_info    0x000000000000bd11     0x1028 zephyr/libzephyr.a(log_backend_uart.c.obj)
 .debug_info    0x000000000000cd39       0x22 zephyr/arch/arch/arm/core/aarch32/libarch__arm__core__aarch32.a(cpu_idle.S.obj)
 .debug_info    0x000000000000cd5b      0xae7 zephyr/arch/arch/arm/core/aarch32/libarch__arm__core__aarch32.a(fatal.c.obj)
 .debug_info    0x000000000000d842      0x666 zephyr/arch/arch/arm/core/aarch32/libarch__arm__core__aarch32.a(irq_manage.c.obj)
 .debug_info    0x000000000000dea8       0xb6 zephyr/arch/arch/arm/core/aarch32/libarch__arm__core__aarch32.a(nmi.c.obj)
 .debug_info    0x000000000000df5e       0x23 zephyr/arch/arch/arm/core/aarch32/libarch__arm__core__aarch32.a(nmi_on_reset.S.obj)
 .debug_info    0x000000000000df81      0x21f zephyr/arch/arch/arm/core/aarch32/libarch__arm__core__aarch32.a(prep_c.c.obj)
 .debug_info    0x000000000000e1a0      0x663 zephyr/arch/arch/arm/core/aarch32/libarch__arm__core__aarch32.a(swap.c.obj)
 .debug_info    0x000000000000e803       0x22 zephyr/arch/arch/arm/core/aarch32/libarch__arm__core__aarch32.a(swap_helper.S.obj)
 .debug_info    0x000000000000e825      0x7cc zephyr/arch/arch/arm/core/aarch32/libarch__arm__core__aarch32.a(thread.c.obj)
 .debug_info    0x000000000000eff1       0x23 zephyr/arch/arch/arm/core/aarch32/libarch__arm__core__aarch32.a(isr_wrapper.S.obj)
 .debug_info    0x000000000000f014       0x23 zephyr/arch/arch/arm/core/aarch32/cortex_m/libarch__arm__core__aarch32__cortex_m.a(exc_exit.S.obj)
 .debug_info    0x000000000000f037      0xec4 zephyr/arch/arch/arm/core/aarch32/cortex_m/libarch__arm__core__aarch32__cortex_m.a(fault.c.obj)
 .debug_info    0x000000000000fefb       0x23 zephyr/arch/arch/arm/core/aarch32/cortex_m/libarch__arm__core__aarch32__cortex_m.a(fault_s.S.obj)
 .debug_info    0x000000000000ff1e      0x309 zephyr/arch/arch/arm/core/aarch32/cortex_m/libarch__arm__core__aarch32__cortex_m.a(irq_init.c.obj)